ARM Linker, 5.03 [Build 76] [MDK-ARM Standard]

==============================================================================

Section Cross References

    main.o(i.DisplyMainHelp) refers to monitor.o(i.xputs) for xputs
    main.o(i.DisplyMainHelp) refers to main.o(.constdata) for .constdata
    main.o(i.KbHit) refers to interface.o(i.Bios_1) for Bios_1
    main.o(i.KbHit) refers to main.o(.data) for .data
    main.o(i.KbHit) refers to test.o(.bss) for ApplVar
    main.o(i.main) refers to interface.o(i.STM32_Initial) for STM32_Initial
    main.o(i.main) refers to print_main.o(i.Print_Initial) for Print_Initial
    main.o(i.main) refers to main.o(i.DisplyMainHelp) for DisplyMainHelp
    main.o(i.main) refers to monitor.o(i.xputc) for xputc
    main.o(i.main) refers to monitor.o(i.get_line) for get_line
    main.o(i.main) refers to print_main.o(i.Excute_feed_hj) for Excute_feed_hj
    main.o(i.main) refers to print_main.o(i.TESTPAPER) for TESTPAPER
    main.o(i.main) refers to test.o(i.pwr_Test) for pwr_Test
    main.o(i.main) refers to monitor.o(i.xputs) for xputs
    main.o(i.main) refers to monitor.o(i.xprintf) for xprintf
    main.o(i.main) refers to usart.o(i.UARTInit) for UARTInit
    main.o(i.main) refers to spi_m25p80.o(i.FMDetect) for FMDetect
    main.o(i.main) refers to test.o(i.Test_SPIFlash) for Test_SPIFlash
    main.o(i.main) refers to test.o(i.NOR_Flash_Test) for NOR_Flash_Test
    main.o(i.main) refers to test.o(i.Test_SRAM) for Test_SRAM
    main.o(i.main) refers to test.o(i.Test_SD) for Test_SD
    main.o(i.main) refers to monitor.o(i.xatoi) for xatoi
    main.o(i.main) refers to print_main.o(i.PrnTemperature) for PrnTemperature
    main.o(i.main) refers to print_main.o(i.RSPrint) for RSPrint
    main.o(i.main) refers to monitor.o(i.xsprintf) for xsprintf
    main.o(i.main) refers to strlen.o(.text) for strlen
    main.o(i.main) refers to rtc.o(i.rtc_settime) for rtc_settime
    main.o(i.main) refers to rtc.o(i.rtc_gettime) for rtc_gettime
    main.o(i.main) refers to printf8.o(i.__0sprintf$8) for __2sprintf
    main.o(i.main) refers to led_customer.o(i.PutsO) for PutsO
    main.o(i.main) refers to keyboard.o(i.CheckKeyboard) for CheckKeyboard
    main.o(i.main) refers to usart.o(i.UARTGet) for UARTGet
    main.o(i.main) refers to test.o(i.LED_Test) for LED_Test
    main.o(i.main) refers to test.o(i.Test_OPDisplay) for Test_OPDisplay
    main.o(i.main) refers to usart.o(i.UART_PutChar) for UART_PutChar
    main.o(i.main) refers to monitor.o(.data) for xfunc_out
    main.o(i.main) refers to usart.o(i.UART_GetChar) for UART_GetChar
    main.o(i.main) refers to test.o(.bss) for ApplVar
    main.o(i.main) refers to main.o(.bss) for .bss
    main.o(i.main) refers to main.o(.constdata) for .constdata
    main.o(i.rtc_Delayms) refers to stm32f10x_it.o(.data) for TimerDelay
    main.o(.constdata) refers to main.o(.conststring) for .conststring
    test.o(i.Buffercmp) refers to usart.o(i.USART_printf) for USART_printf
    test.o(i.DisplyFlashHelp) refers to monitor.o(i.xprintf) for xprintf
    test.o(i.DisplyFlashHelp) refers to monitor.o(i.xputs) for xputs
    test.o(i.DisplyFlashHelp) refers to test.o(.constdata) for .constdata
    test.o(i.LED_Test) refers to led_customer.o(i.PutsO) for PutsO
    test.o(i.NOR_Flash_Test) refers to test.o(i.TIM6_Init_Count) for TIM6_Init_Count
    test.o(i.NOR_Flash_Test) refers to fsmc_nor.o(i.NOR1_ReadID) for NOR1_ReadID
    test.o(i.NOR_Flash_Test) refers to monitor.o(i.xprintf) for xprintf
    test.o(i.NOR_Flash_Test) refers to memseta.o(.text) for __aeabi_memset
    test.o(i.NOR_Flash_Test) refers to stm32f10x_tim.o(i.TIM_SetCounter) for TIM_SetCounter
    test.o(i.NOR_Flash_Test) refers to stm32f10x_tim.o(i.TIM_Cmd) for TIM_Cmd
    test.o(i.NOR_Flash_Test) refers to fsmc_nor.o(i.NOR1_EraseSector) for NOR1_EraseSector
    test.o(i.NOR_Flash_Test) refers to stm32f10x_tim.o(i.TIM_GetCounter) for TIM_GetCounter
    test.o(i.NOR_Flash_Test) refers to usart.o(i.USART_printf) for USART_printf
    test.o(i.NOR_Flash_Test) refers to fsmc_nor.o(i.NOR1_WriteBuffer) for NOR1_WriteBuffer
    test.o(i.NOR_Flash_Test) refers to fsmc_nor.o(i.NOR1_ReadBuffer) for NOR1_ReadBuffer
    test.o(i.NOR_Flash_Test) refers to test.o(.bss) for .bss
    test.o(i.NOR_Flash_Test) refers to test.o(.data) for .data
    test.o(i.SD_EraseTest) refers to sdio_sd.o(i.SD_Erase) for SD_Erase
    test.o(i.SD_EraseTest) refers to monitor.o(i.xprintf) for xprintf
    test.o(i.SD_EraseTest) refers to sdio_sd.o(i.SD_ReadMultiBlocks) for SD_ReadMultiBlocks
    test.o(i.SD_EraseTest) refers to sdio_sd.o(i.SD_WaitReadOperation) for SD_WaitReadOperation
    test.o(i.SD_EraseTest) refers to sdio_sd.o(i.SD_GetStatus) for SD_GetStatus
    test.o(i.SD_EraseTest) refers to usart.o(i.USART_printf) for USART_printf
    test.o(i.SD_EraseTest) refers to test.o(.data) for .data
    test.o(i.SD_EraseTest) refers to test.o(.bss) for .bss
[...]
    NVIC_PriorityGroupConfig                 0x08003269   Thumb Code    10  misc.o(i.NVIC_PriorityGroupConfig)
    NVIC_SDConfiguration                     0x0800327d   Thumb Code    40  sdio_sd.o(i.NVIC_SDConfiguration)
    PRNDataPort_Init                         0x080032a5   Thumb Code   152  print_main.o(i.PRNDataPort_Init)
    PRNPePwPort_Init                         0x08003345   Thumb Code    70  print_main.o(i.PRNPePwPort_Init)
    PRNTIMER_Init                            0x08003399   Thumb Code   200  print_main.o(i.PRNTIMER_Init)
    PRNTempPort_Init                         0x0800346d   Thumb Code   100  print_main.o(i.PRNTempPort_Init)
    PWR_BackupAccessCmd                      0x080034d9   Thumb Code     6  stm32f10x_pwr.o(i.PWR_BackupAccessCmd)
    PendSV_Handler                           0x080034e5   Thumb Code     2  stm32f10x_it.o(i.PendSV_Handler)
    Print_Download_Image                     0x080034e9   Thumb Code   210  print_main.o(i.Print_Download_Image)
    Print_Initial                            0x080035c9   Thumb Code    68  print_main.o(i.Print_Initial)
    PrnTemperature                           0x08003625   Thumb Code    10  print_main.o(i.PrnTemperature)
    Prn_CalcHotTime                          0x08003635   Thumb Code   290  print_main.o(i.Prn_CalcHotTime)
    Prn_task00_Stop                          0x08003779   Thumb Code    46  print_main.o(i.Prn_task00_Stop)
    Prn_task01_Start                         0x080037bd   Thumb Code   138  print_main.o(i.Prn_task01_Start)
    Prn_task02_PrintChar                     0x08003871   Thumb Code   176  print_main.o(i.Prn_task02_PrintChar)
    Prn_task03_PrintGraphic                  0x0800395d   Thumb Code    94  print_main.o(i.Prn_task03_PrintGraphic)
    Prn_task04_FeedPaper                     0x080039e9   Thumb Code   184  print_main.o(i.Prn_task04_FeedPaper)
    Prn_task05_FeedHalf                      0x08003ad5   Thumb Code    52  print_main.o(i.Prn_task05_FeedHalf)
    PutsO                                    0x08003b1d   Thumb Code   162  led_customer.o(i.PutsO)
    RCC_ADCCLKConfig                         0x08003bcd   Thumb Code    14  stm32f10x_rcc.o(i.RCC_ADCCLKConfig)
    RCC_AHBPeriphClockCmd                    0x08003be1   Thumb Code    18  stm32f10x_rcc.o(i.RCC_AHBPeriphClockCmd)
    RCC_APB1PeriphClockCmd                   0x08003bf9   Thumb Code    18  stm32f10x_rcc.o(i.RCC_APB1PeriphClockCmd)
    RCC_APB2PeriphClockCmd                   0x08003c11   Thumb Code    18  stm32f10x_rcc.o(i.RCC_APB2PeriphClockCmd)
    RCC_ClearFlag                            0x08003c29   Thumb Code    12  stm32f10x_rcc.o(i.RCC_ClearFlag)
    RCC_GetClocksFreq                        0x08003c39   Thumb Code   130  stm32f10x_rcc.o(i.RCC_GetClocksFreq)
    RCC_GetFlagStatus                        0x08003ccd   Thumb Code    44  stm32f10x_rcc.o(i.RCC_GetFlagStatus)
    RCC_LSEConfig                            0x08003cfd   Thumb Code    28  stm32f10x_rcc.o(i.RCC_LSEConfig)
    RCC_RTCCLKCmd                            0x08003d1d   Thumb Code     6  stm32f10x_rcc.o(i.RCC_RTCCLKCmd)
    RCC_RTCCLKConfig                         0x08003d29   Thumb Code    10  stm32f10x_rcc.o(i.RCC_RTCCLKConfig)
    RSPrint                                  0x08003d39   Thumb Code   944  print_main.o(i.RSPrint)
    RTC_EnterConfigMode                      0x08004111   Thumb Code    12  stm32f10x_rtc.o(i.RTC_EnterConfigMode)
    RTC_ExitConfigMode                       0x08004121   Thumb Code    12  stm32f10x_rtc.o(i.RTC_ExitConfigMode)
    RTC_GetCounter                           0x08004131   Thumb Code    28  stm32f10x_rtc.o(i.RTC_GetCounter)
    RTC_ITConfig                             0x08004151   Thumb Code    18  stm32f10x_rtc.o(i.RTC_ITConfig)
    RTC_SetCounter                           0x08004169   Thumb Code    26  stm32f10x_rtc.o(i.RTC_SetCounter)
    RTC_SetPrescaler                         0x08004189   Thumb Code    28  stm32f10x_rtc.o(i.RTC_SetPrescaler)
    RTC_WaitForLastTask                      0x080041a9   Thumb Code    10  stm32f10x_rtc.o(i.RTC_WaitForLastTask)
    RTC_WaitForSynchro                       0x080041b9   Thumb Code    18  stm32f10x_rtc.o(i.RTC_WaitForSynchro)
    ReadHZKU                                 0x080041d1   Thumb Code    18  print_main.o(i.ReadHZKU)
    ReadRam                                  0x080041e5   Thumb Code    36  interface.o(i.ReadRam)
    Restart_Motor                            0x0800420d   Thumb Code    52  print_main.o(i.Restart_Motor)
    SDIO_ClearFlag                           0x08004315   Thumb Code     6  stm32f10x_sdio.o(i.SDIO_ClearFlag)
    SDIO_ClearITPendingBit                   0x08004321   Thumb Code     6  stm32f10x_sdio.o(i.SDIO_ClearITPendingBit)
    SDIO_ClockCmd                            0x0800432d   Thumb Code     6  stm32f10x_sdio.o(i.SDIO_ClockCmd)
    SDIO_DMACmd                              0x08004339   Thumb Code     6  stm32f10x_sdio.o(i.SDIO_DMACmd)
    SDIO_DataConfig                          0x08004345   Thumb Code    38  stm32f10x_sdio.o(i.SDIO_DataConfig)
    SDIO_DeInit                              0x08004371   Thumb Code    26  stm32f10x_sdio.o(i.SDIO_DeInit)
    SDIO_GetCommandResponse                  0x08004395   Thumb Code     8  stm32f10x_sdio.o(i.SDIO_GetCommandResponse)
    SDIO_GetFlagStatus                       0x080043a1   Thumb Code    16  stm32f10x_sdio.o(i.SDIO_GetFlagStatus)
    SDIO_GetPowerState                       0x080043b5   Thumb Code    10  stm32f10x_sdio.o(i.SDIO_GetPowerState)
    SDIO_GetResponse                         0x080043c5   Thumb Code    12  stm32f10x_sdio.o(i.SDIO_GetResponse)
    SDIO_IRQHandler                          0x080043d5   Thumb Code     4  stm32f10x_it.o(i.SDIO_IRQHandler)
    SDIO_ITConfig                            0x080043d9   Thumb Code    18  stm32f10x_sdio.o(i.SDIO_ITConfig)
    SDIO_Init                                0x080043f1   Thumb Code    40  stm32f10x_sdio.o(i.SDIO_Init)
    SDIO_ReadData                            0x0800441d   Thumb Code     6  stm32f10x_sdio.o(i.SDIO_ReadData)
    SDIO_SendCommand                         0x08004429   Thumb Code    34  stm32f10x_sdio.o(i.SDIO_SendCommand)
    SDIO_SetPowerState                       0x08004451   Thumb Code     6  stm32f10x_sdio.o(i.SDIO_SetPowerState)
    SD_Detect                                0x0800445d   Thumb Code    30  sdio_sd.o(i.SD_Detect)
    SD_EnableWideBusOperation                0x08004481   Thumb Code   110  sdio_sd.o(i.SD_EnableWideBusOperation)
    SD_Erase                                 0x080044f9   Thumb Code   276  sdio_sd.o(i.SD_Erase)
    SD_EraseTest                             0x0800461d   Thumb Code    98  test.o(i.SD_EraseTest)
    SD_GetCardInfo                           0x08004719   Thumb Code   612  sdio_sd.o(i.SD_GetCardInfo)
    SD_GetState                              0x08004985   Thumb Code    34  sdio_sd.o(i.SD_GetState)
    SD_GetStatus                             0x080049a7   Thumb Code    26  sdio_sd.o(i.SD_GetStatus)
    SD_Init                                  0x080049c1   Thumb Code    96  sdio_sd.o(i.SD_Init)
    SD_InitializeCards                       0x08004a29   Thumb Code   246  sdio_sd.o(i.SD_InitializeCards)
    SD_LowLevel_DMA_RxConfig                 0x08004b29   Thumb Code    80  sdio_sd.o(i.SD_LowLevel_DMA_RxConfig)
    SD_LowLevel_DMA_TxConfig                 0x08004b85   Thumb Code    82  sdio_sd.o(i.SD_LowLevel_DMA_TxConfig)
    SD_LowLevel_Init                         0x08004be5   Thumb Code   106  sdio_sd.o(i.SD_LowLevel_Init)
    SD_PowerON                               0x08004c59   Thumb Code   410  sdio_sd.o(i.SD_PowerON)
    SD_ProcessIRQSrc                         0x08004e05   Thumb Code    56  sdio_sd.o(i.SD_ProcessIRQSrc)
    SD_ReadBlock                             0x08004e45   Thumb Code   202  sdio_sd.o(i.SD_ReadBlock)
    SD_ReadMultiBlocks                       0x08004f1d   Thumb Code   214  sdio_sd.o(i.SD_ReadMultiBlocks)
    SD_SelectDeselect                        0x08005001   Thumb Code    42  sdio_sd.o(i.SD_SelectDeselect)
    SD_SendStatus                            0x08005035   Thumb Code    68  sdio_sd.o(i.SD_SendStatus)
    SD_SingleBlockTest                       0x08005081   Thumb Code    98  test.o(i.SD_SingleBlockTest)
    SD_StopTransfer                          0x080050f1   Thumb Code    40  sdio_sd.o(i.SD_StopTransfer)
    SD_WaitReadOperation                     0x08005121   Thumb Code   102  sdio_sd.o(i.SD_WaitReadOperation)
    SD_WaitWriteOperation                    0x08005191   Thumb Code   102  sdio_sd.o(i.SD_WaitWriteOperation)
    SD_WriteBlock                            0x08005201   Thumb Code   198  sdio_sd.o(i.SD_WriteBlock)
    SD_WriteMultiBlocks                      0x080052d5   Thumb Code   306  sdio_sd.o(i.SD_WriteMultiBlocks)
    SPI_Cmd                                  0x08005415   Thumb Code    20  stm32f10x_spi.o(i.SPI_Cmd)
    SPI_For_Printer                          0x08005429   Thumb Code    22  print_main.o(i.SPI_For_Printer)
    SPI_I2S_GetFlagStatus                    0x0800543f   Thumb Code    14  stm32f10x_spi.o(i.SPI_I2S_GetFlagStatus)
    SPI_I2S_SendData                         0x0800544d   Thumb Code     4  stm32f10x_spi.o(i.SPI_I2S_SendData)
    SPI_Init                                 0x08005451   Thumb Code    56  stm32f10x_spi.o(i.SPI_Init)
    ST7565R_IO_Init                          0x08005489   Thumb Code    72  lcd_st7565r.o(i.ST7565R_IO_Init)
    ST7565R_NOP                              0x080054dd   Thumb Code    18  lcd_st7565r.o(i.ST7565R_NOP)
    ST7565R_SendData                         0x080054f1   Thumb Code    64  lcd_st7565r.o(i.ST7565R_SendData)
    ST7565R_WR_CMD                           0x08005539   Thumb Code    24  lcd_st7565r.o(i.ST7565R_WR_CMD)
    ST7565R_WR_DATA                          0x08005555   Thumb Code    24  lcd_st7565r.o(i.ST7565R_WR_DATA)
    STM32_Initial                            0x08005571   Thumb Code   126  interface.o(i.STM32_Initial)
    SVC_Handler                              0x080055f5   Thumb Code     2  stm32f10x_it.o(i.SVC_Handler)
    Save_ApplRam                             0x080055f9   Thumb Code     6  test.o(i.Save_ApplRam)
    Send_Byte                                0x08005611   Thumb Code    30  print_main.o(i.Send_Byte)
    SetFontOffset_char                       0x08005635   Thumb Code   266  print_main.o(i.SetFontOffset_char)
    SetRTS                                   0x0800575d   Thumb Code    22  interface.o(i.SetRTS)
    Set_HotPIN                               0x08005825   Thumb Code    18  print_main.o(i.Set_HotPIN)
    Set_Hot_Data                             0x08005845   Thumb Code    38  print_main.o(i.Set_Hot_Data)
    Set_Hot_Group                            0x08005879   Thumb Code    24  print_main.o(i.Set_Hot_Group)
    Set_Motor_Speed                          0x08005899   Thumb Code    28  print_main.o(i.Set_Motor_Speed)
    Start_Hot                                0x080058b9   Thumb Code    86  print_main.o(i.Start_Hot)
    Start_Motor                              0x08005929   Thumb Code    90  print_main.o(i.Start_Motor)
    Start_When_Ready                         0x080059a5   Thumb Code   138  print_main.o(i.Start_When_Ready)
    Stop_Motor                               0x08005a3d   Thumb Code    22  print_main.o(i.Stop_Motor)
    Suspend_Motor                            0x08005a5d   Thumb Code    58  print_main.o(i.Suspend_Motor)
    SysTick_Handler                          0x08005ab1   Thumb Code    52  stm32f10x_it.o(i.SysTick_Handler)
    SystemInit                               0x08005af1   Thumb Code    64  system_stm32f10x.o(i.SystemInit)
    TESTPAPER                                0x08005b41   Thumb Code    32  print_main.o(i.TESTPAPER)
    TIM2_IRQHandler                          0x08005b65   Thumb Code   248  print_main.o(i.TIM2_IRQHandler)
    TIM3_IRQHandler                          0x08005c81   Thumb Code    94  print_main.o(i.TIM3_IRQHandler)
    TIM5_Init                                0x08005cf9   Thumb Code    92  interface.o(i.TIM5_Init)
    TIM6_IRQHandler                          0x08005d5d   Thumb Code   112  led_customer.o(i.TIM6_IRQHandler)
    TIM6_Init                                0x08005dd9   Thumb Code   114  interface.o(i.TIM6_Init)
    TIM6_Init_Count                          0x08005e59   Thumb Code    68  test.o(i.TIM6_Init_Count)
    TIM7_IRQHandler                          0x08005ea9   Thumb Code   110  keyboard.o(i.TIM7_IRQHandler)
    TIM7_Init                                0x08005f2d   Thumb Code   104  interface.o(i.TIM7_Init)
    TIM_ARRPreloadConfig                     0x08005fa1   Thumb Code    20  stm32f10x_tim.o(i.TIM_ARRPreloadConfig)
    TIM_ClearFlag                            0x08005fb5   Thumb Code     6  stm32f10x_tim.o(i.TIM_ClearFlag)
    TIM_ClearITPendingBit                    0x08005fbb   Thumb Code     6  stm32f10x_tim.o(i.TIM_ClearITPendingBit)
    TIM_Cmd                                  0x08005fc1   Thumb Code    20  stm32f10x_tim.o(i.TIM_Cmd)
    TIM_GetCounter                           0x08005fd5   Thumb Code     4  stm32f10x_tim.o(i.TIM_GetCounter)
    TIM_GetITStatus                          0x08005fd9   Thumb Code    24  stm32f10x_tim.o(i.TIM_GetITStatus)
    TIM_ITConfig                             0x08005ff1   Thumb Code    16  stm32f10x_tim.o(i.TIM_ITConfig)
    TIM_OC1Init                              0x08006001   Thumb Code   106  stm32f10x_tim.o(i.TIM_OC1Init)
    TIM_OCStructInit                         0x08006081   Thumb Code    20  stm32f10x_tim.o(i.TIM_OCStructInit)
    TIM_PrescalerConfig                      0x08006095   Thumb Code     6  stm32f10x_tim.o(i.TIM_PrescalerConfig)
    TIM_SelectOnePulseMode                   0x0800609b   Thumb Code    16  stm32f10x_tim.o(i.TIM_SelectOnePulseMode)
    TIM_SetCounter                           0x080060ab   Thumb Code     4  stm32f10x_tim.o(i.TIM_SetCounter)
    TIM_TimeBaseInit                         0x080060b1   Thumb Code   114  stm32f10x_tim.o(i.TIM_TimeBaseInit)
    TestFlashBWrite                          0x0800614d   Thumb Code     2  print_main.o(i.TestFlashBWrite)
    TestPrintGoingOn                         0x08006151   Thumb Code    46  print_main.o(i.TestPrintGoingOn)
    Test_OPDisplay                           0x0800618d   Thumb Code   186  test.o(i.Test_OPDisplay)
    Test_SD                                  0x080062b1   Thumb Code   336  test.o(i.Test_SD)
    Test_SPIFlash                            0x0800658d   Thumb Code   938  test.o(i.Test_SPIFlash)
    Test_SRAM                                0x08006c45   Thumb Code   100  test.o(i.Test_SRAM)
    UARTGet                                  0x08006cd5   Thumb Code   120  usart.o(i.UARTGet)
    UARTInit                                 0x08006d55   Thumb Code   390  usart.o(i.UARTInit)
    UARTSend                                 0x08006ef1   Thumb Code    74  usart.o(i.UARTSend)
    UART_GetChar                             0x08006f45   Thumb Code    22  usart.o(i.UART_GetChar)
    UART_PutChar                             0x08006f5b   Thumb Code     8  usart.o(i.UART_PutChar)
    UART_PutString                           0x08006f63   Thumb Code    20  usart.o(i.UART_PutString)
    USART1_IRQHandler                        0x08006f79   Thumb Code   164  stm32f10x_it.o(i.USART1_IRQHandler)
    USART3_IRQHandler                        0x08007029   Thumb Code   214  stm32f10x_it.o(i.USART3_IRQHandler)
    USART_Cmd                                0x0800710d   Thumb Code    20  stm32f10x_usart.o(i.USART_Cmd)
    USART_GetFlagStatus                      0x08007121   Thumb Code    14  stm32f10x_usart.o(i.USART_GetFlagStatus)
    USART_GetITStatus                        0x0800712f   Thumb Code    62  stm32f10x_usart.o(i.USART_GetITStatus)
    USART_ITConfig                           0x0800716d   Thumb Code    48  stm32f10x_usart.o(i.USART_ITConfig)
    USART_Init                               0x0800719d   Thumb Code   176  stm32f10x_usart.o(i.USART_Init)
    USART_OverSampling8Cmd                   0x08007251   Thumb Code    20  stm32f10x_usart.o(i.USART_OverSampling8Cmd)
    USART_ReceiveData                        0x08007265   Thumb Code     8  stm32f10x_usart.o(i.USART_ReceiveData)
    USART_SendData                           0x0800726d   Thumb Code     8  stm32f10x_usart.o(i.USART_SendData)
    USART_printf                             0x08007275   Thumb Code    26  usart.o(i.USART_printf)
    UsageFault_Handler                       0x08007295   Thumb Code     2  stm32f10x_it.o(i.UsageFault_Handler)
    Wait_Paper                               0x08007299   Thumb Code    78  print_main.o(i.Wait_Paper)
    WriteRam                                 0x08007309   Thumb Code    36  interface.o(i.WriteRam)
    __0sprintf$8                             0x08007331   Thumb Code    34  printf8.o(i.__0sprintf$8)
    __1sprintf$8                             0x08007331   Thumb Code     0  printf8.o(i.__0sprintf$8)
    __2sprintf                               0x08007331   Thumb Code     0  printf8.o(i.__0sprintf$8)
    __0vsprintf                              0x08007359   Thumb Code    30  printfa.o(i.__0vsprintf)
    __1vsprintf                              0x08007359   Thumb Code     0  printfa.o(i.__0vsprintf)
    __2vsprintf                              0x08007359   Thumb Code     0  printfa.o(i.__0vsprintf)
    __c89vsprintf                            0x08007359   Thumb Code     0  printfa.o(i.__0vsprintf)
    vsprintf                                 0x08007359   Thumb Code     0  printfa.o(i.__0vsprintf)
    __scatterload_copy                       0x0800737d   Thumb Code    14  handlers.o(i.__scatterload_copy)
    __scatterload_null                       0x0800738b   Thumb Code     2  handlers.o(i.__scatterload_null)
    __scatterload_zeroinit                   0x0800738d   Thumb Code    14  handlers.o(i.__scatterload_zeroinit)
    get_line                                 0x080080b1   Thumb Code    70  monitor.o(i.get_line)
    keydown                                  0x080080fd   Thumb Code   338  keyboard.o(i.keydown)
    keyscan                                  0x08008259   Thumb Code   120  keyboard.o(i.keyscan)
    mClearScreen                             0x080082d9   Thumb Code   110  lcd_st7565r.o(i.mClearScreen)
    mDispCharXY                              0x08008355   Thumb Code   350  lcd_st7565r.o(i.mDispCharXY)
    mDispCursor                              0x080084c1   Thumb Code   134  lcd_st7565r.o(i.mDispCursor)
    mDispStringXY                            0x08008555   Thumb Code    66  lcd_st7565r.o(i.mDispStringXY)
    mDrawChar                                0x08008599   Thumb Code   156  lcd_st7565r.o(i.mDrawChar)
    mInitialLCD                              0x08008641   Thumb Code    94  lcd_st7565r.o(i.mInitialLCD)
    mLightLCDOff                             0x080086a5   Thumb Code    18  lcd_st7565r.o(i.mLightLCDOff)
    mLightLCDOn                              0x080086c1   Thumb Code    18  lcd_st7565r.o(i.mLightLCDOn)
    mRefreshLine                             0x080086dd   Thumb Code    58  lcd_st7565r.o(i.mRefreshLine)
    mSetContrast                             0x08008721   Thumb Code    24  lcd_st7565r.o(i.mSetContrast)
    main                                     0x08008739   Thumb Code   964  main.o(i.main)
    mktimev                                  0x08008c01   Thumb Code   116  rtc.o(i.mktimev)
    partial_cut                              0x08008c79   Thumb Code    30  print_main.o(i.partial_cut)
    pwrADCCtrl                               0x08008c9d   Thumb Code    44  pwr_ctrl.o(i.pwrADCCtrl)
    pwrGetStatus                             0x08008cd1   Thumb Code    66  pwr_ctrl.o(i.pwrGetStatus)
    pwrIO_Init                               0x08008d29   Thumb Code    60  pwr_ctrl.o(i.pwrIO_Init)
    pwr_Init                                 0x08008d6d   Thumb Code    20  pwr_ctrl.o(i.pwr_Init)
    pwr_Test                                 0x08008d81   Thumb Code   140  test.o(i.pwr_Test)
    rtc_Config                               0x08008e9d   Thumb Code    84  rtc.o(i.rtc_Config)
    rtc_gettime                              0x08008ef1   Thumb Code    18  rtc.o(i.rtc_gettime)
    rtc_init                                 0x08008f03   Thumb Code    68  rtc.o(i.rtc_init)
    rtc_settime                              0x08008f47   Thumb Code    26  rtc.o(i.rtc_settime)
    sel_print_mode                           0x08008f61   Thumb Code    52  print_main.o(i.sel_print_mode)
    sel_raster_bit_image                     0x08008f99   Thumb Code   230  print_main.o(i.sel_raster_bit_image)
    st7565SetXY                              0x0800908d   Thumb Code    34  lcd_st7565r.o(i.st7565SetXY)
    to_tm                                    0x080090b1   Thumb Code   132  rtc.o(i.to_tm)
    total_cut                                0x0800913d   Thumb Code    30  print_main.o(i.total_cut)
    turn_underline_mode                      0x08009161   Thumb Code    16  print_main.o(i.turn_underline_mode)
    tx_printer_status                        0x08009171   Thumb Code    38  print_main.o(i.tx_printer_status)
    tx_status                                0x0800919d   Thumb Code    80  print_main.o(i.tx_status)
    wFlashReadBuffer                         0x080091f1   Thumb Code    24  flashb.o(i.wFlashReadBuffer)
    xatoi                                    0x08009209   Thumb Code   156  monitor.o(i.xatoi)
    xprintf                                  0x080092a5   Thumb Code    18  monitor.o(i.xprintf)
    xputc                                    0x080092b9   Thumb Code    22  monitor.o(i.xputc)
    xputs                                    0x080092d5   Thumb Code    20  monitor.o(i.xputs)
    xsprintf                                 0x080092e9   Thumb Code    30  monitor.o(i.xsprintf)
    Msg                                      0x080094a2   Data         868  main.o(.constdata)
    Baudrate                                 0x08009808   Data          32  main.o(.constdata)
    ASCIITAB_8x16                            0x080098c3   Data        1552  asciifonts.o(.constdata)
    LED_TAB                                  0x08009f04   Data          91  led_customer.o(.constdata)
    pagemap                                  0x08009f5f   Data           8  lcd_st7565r.o(.constdata)
    graph_info_abbigl                        0x08009f68   Data          16  photo_abbigl.o(.constdata)
    photo_data_abbigl                        0x08009f78   Data        3081  photo_abbigl.o(.constdata)
    graph_info_appetito                      0x0800ab84   Data          16  photo_appetito.o(.constdata)
    photo_data_appetito                      0x0800ab94   Data        1637  photo_appetito.o(.constdata)
    graph_info_caffe                         0x0800b1fc   Data          16  photo_caffe.o(.constdata)
    photo_data_caffe                         0x0800b20c   Data        2021  photo_caffe.o(.constdata)
    graph_info_carneval                      0x0800b9f4   Data          16  photo_carneval.o(.constdata)
    photo_data_carneval                      0x0800ba04   Data        3006  photo_carneval.o(.constdata)
    graph_info_cornetto                      0x0800c5c4   Data          16  photo_cornetto.o(.constdata)
    photo_data_cornetto                      0x0800c5d4   Data        2021  photo_cornetto.o(.constdata)
    graph_info_cucina                        0x0800cdbc   Data          16  photo_cucina.o(.constdata)
    photo_data_cucina                        0x0800cdcc   Data        2526  photo_cucina.o(.constdata)
    graph_info_donna                         0x0800d7ac   Data          16  photo_donna.o(.constdata)
    photo_data_donna                         0x0800d7bc   Data        1637  photo_donna.o(.constdata)
    graph_info_eutron                        0x0800de24   Data          16  photo_eutron.o(.constdata)
    photo_data_eutron                        0x0800de34   Data        3173  photo_eutron.o(.constdata)
    graph_info_fiori                         0x0800ea9c   Data          16  photo_fiori.o(.constdata)
    photo_data_fiori                         0x0800eaac   Data        1637  photo_fiori.o(.constdata)
    graph_info_gelato                        0x0800f114   Data          16  photo_gelato.o(.constdata)
    photo_data_gelato                        0x0800f124   Data        1566  photo_gelato.o(.constdata)
    graph_info_jolly                         0x0800f744   Data          16  photo_jolly.o(.constdata)
    photo_data_jolly                         0x0800f754   Data        3006  photo_jolly.o(.constdata)
    graph_info_mamma                         0x08010314   Data          16  photo_mamma.o(.constdata)
    photo_data_mamma                         0x08010324   Data        3006  photo_mamma.o(.constdata)
    graph_info_natale                        0x08010ee4   Data          16  photo_natale.o(.constdata)
    photo_data_natale                        0x08010ef4   Data        2526  photo_natale.o(.constdata)
    graph_info_panama                        0x080118d4   Data          16  photo_panama.o(.constdata)
    photo_data_panama                        0x080118e4   Data         235  photo_panama.o(.constdata)
    graph_info_pane                          0x080119d0   Data          16  photo_pane.o(.constdata)
    photo_data_pane                          0x080119e0   Data        2405  photo_pane.o(.constdata)
    graph_info_papa                          0x08012348   Data          16  photo_papa.o(.constdata)
    photo_data_papa                          0x08012358   Data        1637  photo_papa.o(.constdata)
    graph_info_pasqua                        0x080129c0   Data          16  photo_pasqua.o(.constdata)
    photo_data_pasqua                        0x080129d0   Data        3031  photo_pasqua.o(.constdata)
    graph_info_pesce                         0x080135a8   Data          16  photo_pesce.o(.constdata)
    photo_data_pesce                         0x080135b8   Data        2405  photo_pesce.o(.constdata)
    graph_info_risparmi                      0x08013f20   Data          16  photo_risparmi.o(.constdata)
    photo_data_risparmi                      0x08013f30   Data        2526  photo_risparmi.o(.constdata)
    graph_info_salumi                        0x08014910   Data          16  photo_salumi.o(.constdata)
    photo_data_salumi                        0x08014920   Data        2405  photo_salumi.o(.constdata)
    graph_info_selfdef                       0x08015288   Data          16  photo_selfdef.o(.constdata)
    photo_data_selfdef                       0x08015298   Data        1637  photo_selfdef.o(.constdata)
    graph_info_sport                         0x08015900   Data          16  photo_sport.o(.constdata)
    photo_data_sport                         0x08015910   Data        1637  photo_sport.o(.constdata)
    graph_info_vacanze                       0x08015f78   Data          16  photo_vacanze.o(.constdata)
    photo_data_vacanze                       0x08015f88   Data        2526  photo_vacanze.o(.constdata)
    graph_info_valentin                      0x08016968   Data          16  photo_valentin.o(.constdata)
    photo_data_valentin                      0x08016978   Data        2405  photo_valentin.o(.constdata)
    DoubleByte                               0x080172de   Data         512  print_def.o(.constdata)
    BitsInByte                               0x080174de   Data         256  print_def.o(.constdata)
    TAB_PHASEJ                               0x080175de   Data          16  print_def.o(.constdata)
    TAB_PRTIME                               0x080175f0   Data         264  print_def.o(.constdata)
    TABSTROBE24V                             0x080176f8   Data        1920  print_def.o(.constdata)
    ASCII12x24                               0x08017e78   Data       10752  print_main.o(.constdata)
    MAINCOMMAND                              0x0801a878   Data          30  print_main.o(.constdata)
    ESCCOMMAND                               0x0801a896   Data          25  print_main.o(.constdata)
    GSCOMMAND                                0x0801a8af   Data          30  print_main.o(.constdata)
    Region$$Table$$Base                      0x0801b210   Number         0  anon$$obj.o(Region$$Table)
    Region$$Table$$Limit                     0x0801b230   Number         0  anon$$obj.o(Region$$Table)
    SD_Status                                0x20000000   Data           1  test.o(.data)
    Status                                   0x20000001   Data           1  test.o(.data)
    NorFlashTestCnt                          0x20000002   Data           2  test.o(.data)
    ChipID                                   0x20000004   Data           4  test.o(.data)
    RamOffSet                                0x20000008   Data           4  test.o(.data)
    DrawerOpen_time                          0x2000000c   Data           1  interface.o(.data)
    key_state                                0x20000010   Data           1  keyboard.o(.data)
    comb_index                               0x20000011   Data           1  keyboard.o(.data)
    flag_press                               0x20000012   Data           1  keyboard.o(.data)
    bitflag_key                              0x20000013   Data           1  keyboard.o(.data)
    keydown_flag2                            0x20000014   Data           1  keyboard.o(.data)
    key_putin                                0x20000015   Data           1  keyboard.o(.data)
    key_getout                               0x20000016   Data           1  keyboard.o(.data)
    fBeep                                    0x20000017   Data           1  keyboard.o(.data)
    KeyScanEnable                            0x20000018   Data           1  keyboard.o(.data)
    key_total                                0x2000001a   Data           1  keyboard.o(.data)
    beep_len                                 0x2000001c   Data           2  keyboard.o(.data)
    keydown_flag                             0x20000020   Data           4  keyboard.o(.data)
    key_number                               0x20000024   Data           4  keyboard.o(.data)
    key_value                                0x20000028   Data          64  keyboard.o(.data)
    xfunc_in                                 0x20000068   Data           4  monitor.o(.data)
    xfunc_out                                0x2000006c   Data           4  monitor.o(.data)
    PowerFlags                               0x20000074   Data           1  pwr_ctrl.o(.data)
    Vin_Vrtc_Val                             0x20000076   Data           4  pwr_ctrl.o(.data)
    BKPDataReg                               0x2000007a   Data          84  pwr_ctrl.o(.data)
    RTCTimer                                 0x200000d0   Data           4  stm32f10x_it.o(.data)
    TimerDelay                               0x200000d4   Data           4  stm32f10x_it.o(.data)
    UART0TxEmpty                             0x200000d8   Data           1  usart.o(.data)
    UART1TxEmpty                             0x200000d9   Data           1  usart.o(.data)
    SD_LastError                             0x200000dc   Data           1  sdio_sd.o(.data)
    TransferError                            0x200000dd   Data           1  sdio_sd.o(.data)
    StopCondition                            0x200000e8   Data           4  sdio_sd.o(.data)
    TransferEnd                              0x200000ec   Data           4  sdio_sd.o(.data)
    DMAEndOfTransfer                         0x200000f0   Data           4  sdio_sd.o(.data)
    pos_shift                                0x20000124   Data           1  led_customer.o(.data)
    LedReady                                 0x20000125   Data           1  led_customer.o(.data)
    LED_Ctrl                                 0x20000126   Data           2  led_customer.o(.data)
    LED_G                                    0x20000128   Data           2  led_customer.o(.data)
    LED_TimeDelay                            0x2000012a   Data           2  led_customer.o(.data)
    LED_Buffer                               0x20000134   Data          12  led_customer.o(.data)
    SystemCoreClock                          0x20000140   Data           4  system_stm32f10x.o(.data)
    AHBPrescTable                            0x20000144   Data          16  system_stm32f10x.o(.data)
    Prn_PoolCurrent                          0x20000168   Data           1  print_def.o(.data)
    Graph_TextCount                          0x20000169   Data           1  print_def.o(.data)
    Feed_BlankLines                          0x2000016a   Data           1  print_def.o(.data)
    TextIdx_ForGraph                         0x2000016b   Data           1  print_def.o(.data)
    Graph_LineCurrent                        0x2000016c   Data           4  print_def.o(.data)
    Prn_LineIndex                            0x20000170   Data           1  print_def.o(.data)
    Prn_BlankAppend                          0x20000172   Data           2  print_def.o(.data)
    Prn_HotTime                              0x20000174   Data           4  print_def.o(.data)
    Prn_TaskNow                              0x20000178   Data           1  print_def.o(.data)
    Prn_Jphase                               0x20000179   Data           1  print_def.o(.data)
    Prn_AccStep                              0x2000017a   Data           2  print_def.o(.data)
    Prn_AccCopy                              0x2000017c   Data           2  print_def.o(.data)
    Prn_LineChars                            0x2000017e   Data           1  print_def.o(.data)
    Prn_LineDots                             0x20000180   Data           2  print_def.o(.data)
    Prn_FeedCount                            0x20000184   Data           4  print_def.o(.data)
    Prn_Delay                                0x20000188   Data           2  print_def.o(.data)
    Prn_HotIndex                             0x2000018a   Data           1  print_def.o(.data)
    Graphic_Data                             0x2000018c   Data          96  print_def.o(.data)
    gra_info                                 0x200001ec   Data          96  print_def.o(.data)
    Graph_SizeInBytes                        0x2000024c   Data           2  print_def.o(.data)
    Graph_DotsLineMax                        0x2000024e   Data           2  print_def.o(.data)
    Graph_Remain                             0x20000250   Data           2  print_def.o(.data)
    Graph_TextLineMax                        0x20000252   Data           1  print_def.o(.data)
    Prn_Status                               0x20000254   Data           2  print_def.o(.data)
    Printer_Status                           0x20000256   Data           2  print_def.o(.data)
    Prn_MotorTime                            0x20000258   Data           4  print_def.o(.data)
    Prn_TaskNext                             0x2000025c   Data           1  print_def.o(.data)
    Prn_GraphTextMax                         0x2000025d   Data           1  print_def.o(.data)
    Prn_GroupHot                             0x2000025e   Data           6  print_def.o(.data)
    Prn_HotMAX                               0x20000264   Data           1  print_def.o(.data)
    Prn_HZTime                               0x20000268   Data           4  print_def.o(.data)
    pGraBuf                                  0x2000026c   Data           4  print_def.o(.data)
    Graph_Offset                             0x20000270   Data           4  print_def.o(.data)
    Graph_Width                              0x20000274   Data           4  print_def.o(.data)
    Graph_PosX                               0x20000278   Data           4  print_def.o(.data)
    StepS                                    0x2000027c   Data           1  print_main.o(.data)
    UserBuffer                               0x20000280   Data        4096  main.o(.bss)
    ConsoleLine                              0x20001280   Data         128  main.o(.bss)
    ApplVar                                  0x20001300   Data       11201  test.o(.bss)
    TxBuffer                                 0x20003ec1   Data        1024  test.o(.bss)
    RxBuffer                                 0x200042c1   Data        1024  test.o(.bss)
    Buffer_MultiBlock_Tx                     0x200046c4   Data        5120  test.o(.bss)
    Buffer_MultiBlock_Rx                     0x20005ac4   Data        5120  test.o(.bss)
    hBuff                                    0x20006ec4   Data       16384  test.o(.bss)
    dis_buf                                  0x2000aec4   Data          10  keyboard.o(.bss)
    RxUART                                   0x2000af98   Data        2080  usart.o(.bss)
    SDCardInfo                               0x2000b7e8   Data          88  sdio_sd.o(.bss)
    SDIO_InitStructure                       0x2000b840   Data          24  sdio_sd.o(.bss)
    SDIO_CmdInitStructure                    0x2000b858   Data          20  sdio_sd.o(.bss)
    SDIO_DataInitStructure                   0x2000b86c   Data          24  sdio_sd.o(.bss)
    LED_Saved                                0x2000b884   Data          12  led_customer.o(.bss)
    DotBuffer                                0x2000b890   Data        1024  lcd_st7565r.o(.bss)
    FontsOffset                              0x2000bc90   Data         128  print_def.o(.bss)
    DotsOfCurrent                            0x2000bd10   Data          48  print_def.o(.bss)
    GraphForPrint                            0x2000bd40   Data         315  print_def.o(.bss)
    DataFromHost                             0x2000be7b   Data          35  print_def.o(.bss)
    InfoSelf_Graph                           0x2000bea0   Data          16  print_def.o(.bss)
    Self_Graph                               0x2000beb0   Data        8192  print_def.o(.bss)
    Prn_GroupDots                            0x2000deb0   Data          12  print_def.o(.bss)
    __initial_sp                             0x2000eec0   Data           0  startup_stm32f10x_hd.o(STACK)
    GRB_Define                               0x40006c00   Data         138  print_main.o(.ARM.__AT_0x40006C00)



==============================================================================

Memory Map of the image

  Image Entry point : 0x08000131

  Load Region LR_IROM1 (Base: 0x08000000, Size: 0x0001b4b0, Max: 0x00080000, ABSOLUTE, COMPRESSED[0x0001b3ac])

    Execution Region ER_IROM1 (Base: 0x08000000, Size: 0x0001b230, Max: 0x00080000, ABSOLUTE)

    Base Addr    Size         Type   Attr      Idx    E Section Name        Object

    0x08000000   0x00000130   Data   RO         1995    RESET               startup_stm32f10x_hd.o
    0x08000130   0x00000000   Code   RO         5755  * .ARM.Collect$$$$00000000  mc_w.l(entry.o)
    0x08000130   0x00000004   Code   RO         6035    .ARM.Collect$$$$00000001  mc_w.l(entry2.o)
    0x08000134   0x00000004   Code   RO         6038    .ARM.Collect$$$$00000004  mc_w.l(entry5.o)
    0x08000138   0x00000000   Code   RO         6040    .ARM.Collect$$$$00000008  mc_w.l(entry7b.o)
    0x08000138   0x00000000   Code   RO         6042    .ARM.Collect$$$$0000000A  mc_w.l(entry8b.o)
    0x08000138   0x00000008   Code   RO         6043    .ARM.Collect$$$$0000000B  mc_w.l(entry9a.o)
    0x08000140   0x00000000   Code   RO         6045    .ARM.Collect$$$$0000000D  mc_w.l(entry10a.o)
    0x08000140   0x00000000   Code   RO         6047    .ARM.Collect$$$$0000000F  mc_w.l(entry11a.o)
    0x08000140   0x00000004   Code   RO         6036    .ARM.Collect$$$$00002712  mc_w.l(entry2.o)
    0x08000144   0x00000024   Code   RO         1996    .text               startup_stm32f10x_hd.o
    0x08000168   0x00000024   Code   RO         5758    .text               mc_w.l(memcpya.o)
    0x0800018c   0x00000024   Code   RO         5760    .text               mc_w.l(memseta.o)
    0x080001b0   0x00000018   Code   RO         5762    .text               mc_w.l(strncpy.o)
    0x080001c8   0x0000000e   Code   RO         5764    .text               mc_w.l(strlen.o)
    0x080001d6   0x0000014e   Code   RO         6029    .text               mf_w.l(dadd.o)
    0x08000324   0x0000001a   Code   RO         6031    .text               mf_w.l(dfltui.o)
    0x0800033e   0x00000032   Code   RO         6033    .text               mf_w.l(dfixui.o)
    0x08000370   0x0000002c   Code   RO         6052    .text               mc_w.l(uidiv.o)
    0x0800039c   0x00000062   Code   RO         6054    .text               mc_w.l(uldiv.o)
    0x080003fe   0x0000001e   Code   RO         6056    .text               mc_w.l(llshl.o)
    0x0800041c   0x00000020   Code   RO         6058    .text               mc_w.l(llushr.o)
    0x0800043c   0x00000024   Code   RO         6060    .text               mc_w.l(llsshr.o)
    0x08000460   0x00000000   Code   RO         6062    .text               mc_w.l(iusefp.o)
    0x08000460   0x000000be   Code   RO         6063    .text               mf_w.l(depilogue.o)
    0x0800051e   0x000000e4   Code   RO         6065    .text               mf_w.l(dmul.o)
    0x08000602   0x000000de   Code   RO         6067    .text               mf_w.l(ddiv.o)
    0x080006e0   0x00000030   Code   RO         6069    .text               mf_w.l(dfixul.o)
    0x08000710   0x00000028   Code   RO         6071    .text               mf_w.l(cdrcmple.o)
    0x08000738   0x00000024   Code   RO         6073    .text               mc_w.l(init.o)
    0x0800075c   0x0000005c   Code   RO         6085    .text               mc_w.l(__dczerorl2.o)
    0x080007b8   0x000000a8   Code   RO          931    i.ADC1_DMA_Config   pwr_ctrl.o
    0x08000860   0x00000014   Code   RO         2042    i.ADC_Cmd           stm32f10x_adc.o
    0x08000874   0x00000014   Code   RO         2043    i.ADC_DMACmd        stm32f10x_adc.o
    0x08000888   0x00000048   Code   RO         2060    i.ADC_Init          stm32f10x_adc.o
    0x080008d0   0x00000074   Code   RO         2064    i.ADC_RegularChannelConfig  stm32f10x_adc.o
    0x08000944   0x00000014   Code   RO         2067    i.ADC_SoftwareStartConvCmd  stm32f10x_adc.o
    0x08000958   0x00000010   Code   RO         2265    i.BKP_ReadBackupRegister  stm32f10x_bkp.o
    0x08000968   0x00000010   Code   RO         2269    i.BKP_WriteBackupRegister  stm32f10x_bkp.o
    0x08000978   0x0000002c   Code   RO          583    i.Beep              interface.o
    0x080009a4   0x0000000c   Code   RO          584    i.Bell              interface.o
    0x080009b0   0x00000098   Code   RO          253    i.Buffercmp         test.o
    0x08000a48   0x00000002   Code   RO         1093    i.BusFault_Handler  stm32f10x_it.o
    0x08000a4a   0x00000002   PAD
    0x08000a4c   0x0000016c   Code   RO         5290    i.ChangeGRBToMyself  print_main.o
    0x08000bb8   0x00000024   Code   RO          777    i.CheckKeyboard     keyboard.o
    0x08000bdc   0x00000058   Code   RO         5291    i.Check_Paper       print_main.o
    0x08000c34   0x00000054   Code   RO         5292    i.Check_Print       print_main.o
    0x08000c88   0x00000002   Code   RO          254    i.ClsState1         test.o
    0x08000c8a   0x00000002   PAD
    0x08000c8c   0x000000f8   Code   RO         1293    i.CmdResp1Error     sdio_sd.o
    0x08000d84   0x0000003c   Code   RO         1294    i.CmdResp2Error     sdio_sd.o
    0x08000dc0   0x00000080   Code   RO         1295    i.CmdResp6Error     sdio_sd.o
    0x08000e40   0x00000048   Code   RO         1296    i.CmdResp7Error     sdio_sd.o
    0x08000e88   0x0000001e   Code   RO         5293    i.CombineWith4      print_main.o
    0x08000ea6   0x00000014   Code   RO         5294    i.CombineWith8      print_main.o
    0x08000eba   0x00000002   PAD
    0x08000ebc   0x000001fc   Code   RO         5296    i.CreatGraphicWithText  print_main.o
    0x080010b8   0x000001d4   Code   RO         5297    i.Create384Dots     print_main.o
    0x0800128c   0x000000e8   Code   RO         5298    i.CreateGraphicDots  print_main.o
    0x08001374   0x00000060   Code   RO         5299    i.Cut_Paper         print_main.o
    0x080013d4   0x00000018   Code   RO         2725    i.DMA_ClearFlag     stm32f10x_dma.o
    0x080013ec   0x00000016   Code   RO         2727    i.DMA_Cmd           stm32f10x_dma.o
    0x08001402   0x00000002   PAD
    0x08001404   0x000000e4   Code   RO         2728    i.DMA_DeInit        stm32f10x_dma.o
    0x080014e8   0x0000003a   Code   RO         2733    i.DMA_Init          stm32f10x_dma.o
    0x08001522   0x00000002   Code   RO         1094    i.DebugMon_Handler  stm32f10x_it.o
    0x08001524   0x00000002   Code   RO          255    i.DispStrXY         test.o
    0x08001526   0x00000002   PAD
    0x08001528   0x00000238   Code   RO          257    i.DisplyFlashHelp   test.o
    0x08001760   0x0000027c   Code   RO            2    i.DisplyMainHelp    main.o
    0x080019dc   0x00000080   Code   RO         5300    i.Download_Image    print_main.o
    0x08001a5c   0x00000020   Code   RO         5301    i.Drive_Motor       print_main.o
    0x08001a7c   0x00000024   Code   RO         1095    i.EXTI2_IRQHandler  stm32f10x_it.o
    0x08001aa0   0x00000034   Code   RO         1096    i.EXTI9_5_IRQHandler  stm32f10x_it.o
    0x08001ad4   0x000000a4   Code   RO          779    i.EXTILine_Init     keyboard.o
    0x08001b78   0x0000000c   Code   RO         2798    i.EXTI_ClearITPendingBit  stm32f10x_exti.o
    0x08001b84   0x00000020   Code   RO         2802    i.EXTI_GetITStatus  stm32f10x_exti.o
    0x08001ba4   0x00000070   Code   RO         2803    i.EXTI_Init         stm32f10x_exti.o
    0x08001c14   0x00000024   Code   RO         5302    i.Excute_CR         print_main.o
    0x08001c38   0x00000090   Code   RO         5303    i.Excute_DLE        print_main.o
    0x08001cc8   0x00000044   Code   RO         5304    i.Excute_ESC        print_main.o
    0x08001d0c   0x00000030   Code   RO         5305    i.Excute_FF         print_main.o
    0x08001d3c   0x00000044   Code   RO         5306    i.Excute_GS         print_main.o
    0x08001d80   0x00000024   Code   RO         5307    i.Excute_LF         print_main.o
    0x08001da4   0x00000034   Code   RO         5308    i.Excute_data       print_main.o
    0x08001dd8   0x00000020   Code   RO         5309    i.Excute_feed_hj    print_main.o
    0x08001df8   0x00000014   Code   RO          992    i.FMDetect          spi_m25p80.o
    0x08001e0c   0x00000030   Code   RO          993    i.FM_Init           spi_m25p80.o
    0x08001e3c   0x000000e4   Code   RO          420    i.FSMC_Init         fsmc_nor.o
    0x08001f20   0x00000020   Code   RO         3034    i.FSMC_NORSRAMCmd   stm32f10x_fsmc.o
    0x08001f40   0x000000c0   Code   RO         3036    i.FSMC_NORSRAMInit  stm32f10x_fsmc.o
    0x08002000   0x00000014   Code   RO          258    i.Fill_Buffer       test.o
    0x08002014   0x00000148   Code   RO         1297    i.FindSCR           sdio_sd.o
    0x0800215c   0x00000052   Code   RO          994    i.FiscalMem_Erase   spi_m25p80.o
    0x080021ae   0x00000002   PAD
    0x080021b0   0x0000004c   Code   RO          995    i.FiscalMem_EraseBulk  spi_m25p80.o
    0x080021fc   0x00000084   Code   RO          996    i.FiscalMem_EraseSector  spi_m25p80.o
    0x08002280   0x000000c4   Code   RO          997    i.FiscalMem_Init    spi_m25p80.o
    0x08002344   0x0000006c   Code   RO          998    i.FiscalMem_ReadBuffer  spi_m25p80.o
    0x080023b0   0x0000004c   Code   RO         1000    i.FiscalMem_ReadID  spi_m25p80.o
    0x080023fc   0x00000020   Code   RO         1001    i.FiscalMem_SendByte  spi_m25p80.o
    0x0800241c   0x0000004c   Code   RO         1004    i.FiscalMem_WaitForWriteEnd  spi_m25p80.o
    0x08002468   0x000000de   Code   RO         1005    i.FiscalMem_WriteBuffer  spi_m25p80.o
    0x08002546   0x00000002   PAD
    0x08002548   0x00000028   Code   RO         1006    i.FiscalMem_WriteEnable  spi_m25p80.o
    0x08002570   0x00000064   Code   RO         1007    i.FiscalMem_WritePage  spi_m25p80.o
    0x080025d4   0x00000028   Code   RO         3146    i.GPIO_EXTILineConfig  stm32f10x_gpio.o
    0x080025fc   0x0000009e   Code   RO         3149    i.GPIO_Init         stm32f10x_gpio.o
    0x0800269a   0x00000002   PAD
    0x0800269c   0x00000058   Code   RO         3151    i.GPIO_PinRemapConfig  stm32f10x_gpio.o
    0x080026f4   0x0000000e   Code   RO         3153    i.GPIO_ReadInputDataBit  stm32f10x_gpio.o
    0x08002702   0x00000004   Code   RO         3156    i.GPIO_ResetBits    stm32f10x_gpio.o
    0x08002706   0x00000004   Code   RO         3157    i.GPIO_SetBits      stm32f10x_gpio.o
    0x0800270a   0x00000002   PAD
    0x0800270c   0x00000180   Code   RO         5310    i.GetTaskFromPool   print_main.o
    0x0800288c   0x00000058   Code   RO         5311    i.Get_Printer_status  print_main.o
    0x080028e4   0x00000004   Code   RO          259    i.GotoXY            test.o
    0x080028e8   0x00000080   Code   RO         1526    i.GregorianDay      rtc.o
    0x08002968   0x000000d8   Code   RO          601    i.HW_GPIOInit       interface.o
    0x08002a40   0x00000002   Code   RO         1097    i.HardFault_Handler  stm32f10x_it.o
    0x08002a42   0x00000002   PAD
    0x08002a44   0x00000150   Code   RO         1298    i.IsCardProgramming  sdio_sd.o
    0x08002b94   0x00000018   Code   RO          783    i.KeyBoardInit      keyboard.o
    0x08002bac   0x0000000c   Code   RO         1595    i.LED_Delay         led_customer.o
    0x08002bb8   0x0000005c   Code   RO         1596    i.LED_Init          led_customer.o
    0x08002c14   0x00000024   Code   RO         1597    i.LED_Off           led_customer.o
    0x08002c38   0x00000044   Code   RO         1599    i.LED_Refresh       led_customer.o
    0x08002c7c   0x00000030   Code   RO         1600    i.LED_SendBit       led_customer.o
    0x08002cac   0x00000068   Code   RO         1601    i.LED_SendData      led_customer.o
    0x08002d14   0x000000b8   Code   RO          260    i.LED_Test          test.o
    0x08002dcc   0x00000002   Code   RO         1098    i.MemManage_Handler  stm32f10x_it.o
    0x08002dce   0x00000002   PAD
    0x08002dd0   0x00000024   Code   RO         5313    i.Move_Motor        print_main.o
    0x08002df4   0x00000002   Code   RO         1099    i.NMI_Handler       stm32f10x_it.o
    0x08002df6   0x00000002   PAD
    0x08002df8   0x0000003c   Code   RO          423    i.NOR1_EraseSector  fsmc_nor.o
    0x08002e34   0x0000003e   Code   RO          424    i.NOR1_GetStatus    fsmc_nor.o
    0x08002e72   0x00000002   PAD
    0x08002e74   0x00000038   Code   RO          426    i.NOR1_ReadBuffer   fsmc_nor.o
    0x08002eac   0x0000002c   Code   RO          429    i.NOR1_ReadID       fsmc_nor.o
    0x08002ed8   0x00000028   Code   RO          432    i.NOR1_WriteBuffer  fsmc_nor.o
    0x08002f00   0x00000038   Code   RO          433    i.NOR1_WriteHalfWord  fsmc_nor.o
    0x08002f38   0x0000003e   Code   RO          437    i.NOR2_GetStatus    fsmc_nor.o
    0x08002f76   0x00000002   PAD
    0x08002f78   0x00000038   Code   RO          439    i.NOR2_ReadBuffer   fsmc_nor.o
    0x08002fb0   0x00000028   Code   RO          445    i.NOR2_WriteBuffer  fsmc_nor.o
    0x08002fd8   0x00000038   Code   RO          446    i.NOR2_WriteHalfWord  fsmc_nor.o
    0x08003010   0x000001f4   Code   RO          261    i.NOR_Flash_Test    test.o
    0x08003204   0x00000064   Code   RO         2000    i.NVIC_Init         misc.o
    0x08003268   0x00000014   Code   RO         2001    i.NVIC_PriorityGroupConfig  misc.o
    0x0800327c   0x00000028   Code   RO         1299    i.NVIC_SDConfiguration  sdio_sd.o
    0x080032a4   0x000000a0   Code   RO         5314    i.PRNDataPort_Init  print_main.o
    0x08003344   0x00000054   Code   RO         5316    i.PRNPePwPort_Init  print_main.o
    0x08003398   0x000000d4   Code   RO         5317    i.PRNTIMER_Init     print_main.o
    0x0800346c   0x0000006c   Code   RO         5318    i.PRNTempPort_Init  print_main.o
    0x080034d8   0x0000000c   Code   RO         3503    i.PWR_BackupAccessCmd  stm32f10x_pwr.o
    0x080034e4   0x00000002   Code   RO         1100    i.PendSV_Handler    stm32f10x_it.o
    0x080034e6   0x00000002   PAD
    0x080034e8   0x000000e0   Code   RO         5319    i.Print_Download_Image  print_main.o
    0x080035c8   0x0000005c   Code   RO         5321    i.Print_Initial     print_main.o
    0x08003624   0x00000010   Code   RO         5322    i.PrnTemperature    print_main.o
    0x08003634   0x00000144   Code   RO         5323    i.Prn_CalcHotTime   print_main.o
    0x08003778   0x00000044   Code   RO         5324    i.Prn_task00_Stop   print_main.o
    0x080037bc   0x000000b4   Code   RO         5325    i.Prn_task01_Start  print_main.o
    0x08003870   0x000000ec   Code   RO         5326    i.Prn_task02_PrintChar  print_main.o
    0x0800395c   0x0000008c   Code   RO         5327    i.Prn_task03_PrintGraphic  print_main.o
    0x080039e8   0x000000ec   Code   RO         5328    i.Prn_task04_FeedPaper  print_main.o
    0x08003ad4   0x00000048   Code   RO         5329    i.Prn_task05_FeedHalf  print_main.o
    0x08003b1c   0x000000b0   Code   RO         1602    i.PutsO             led_customer.o
    0x08003bcc   0x00000014   Code   RO         3563    i.RCC_ADCCLKConfig  stm32f10x_rcc.o
    0x08003be0   0x00000018   Code   RO         3564    i.RCC_AHBPeriphClockCmd  stm32f10x_rcc.o
    0x08003bf8   0x00000018   Code   RO         3565    i.RCC_APB1PeriphClockCmd  stm32f10x_rcc.o
    0x08003c10   0x00000018   Code   RO         3567    i.RCC_APB2PeriphClockCmd  stm32f10x_rcc.o
    0x08003c28   0x00000010   Code   RO         3571    i.RCC_ClearFlag     stm32f10x_rcc.o
    0x08003c38   0x00000094   Code   RO         3575    i.RCC_GetClocksFreq  stm32f10x_rcc.o
    0x08003ccc   0x00000030   Code   RO         3576    i.RCC_GetFlagStatus  stm32f10x_rcc.o
    0x08003cfc   0x00000020   Code   RO         3583    i.RCC_LSEConfig     stm32f10x_rcc.o
    0x08003d1c   0x0000000c   Code   RO         3590    i.RCC_RTCCLKCmd     stm32f10x_rcc.o
    0x08003d28   0x00000010   Code   RO         3591    i.RCC_RTCCLKConfig  stm32f10x_rcc.o
    0x08003d38   0x000003d8   Code   RO         5330    i.RSPrint           print_main.o
    0x08004110   0x00000010   Code   RO         3765    i.RTC_EnterConfigMode  stm32f10x_rtc.o
    0x08004120   0x00000010   Code   RO         3766    i.RTC_ExitConfigMode  stm32f10x_rtc.o
    0x08004130   0x00000020   Code   RO         3767    i.RTC_GetCounter    stm32f10x_rtc.o
    0x08004150   0x00000018   Code   RO         3771    i.RTC_ITConfig      stm32f10x_rtc.o
    0x08004168   0x00000020   Code   RO         3773    i.RTC_SetCounter    stm32f10x_rtc.o
    0x08004188   0x00000020   Code   RO         3774    i.RTC_SetPrescaler  stm32f10x_rtc.o
    0x080041a8   0x00000010   Code   RO         3775    i.RTC_WaitForLastTask  stm32f10x_rtc.o
    0x080041b8   0x00000018   Code   RO         3776    i.RTC_WaitForSynchro  stm32f10x_rtc.o
    0x080041d0   0x00000012   Code   RO         5331    i.ReadHZKU          print_main.o
    0x080041e2   0x00000002   PAD
    0x080041e4   0x00000028   Code   RO          602    i.ReadRam           interface.o
    0x0800420c   0x0000004c   Code   RO         5333    i.Restart_Motor     print_main.o
    0x08004258   0x000000bc   Code   RO         1300    i.SDEnWideBus       sdio_sd.o
    0x08004314   0x0000000c   Code   RO         3853    i.SDIO_ClearFlag    stm32f10x_sdio.o
    0x08004320   0x0000000c   Code   RO         3854    i.SDIO_ClearITPendingBit  stm32f10x_sdio.o
    0x0800432c   0x0000000c   Code   RO         3855    i.SDIO_ClockCmd     stm32f10x_sdio.o
    0x08004338   0x0000000c   Code   RO         3858    i.SDIO_DMACmd       stm32f10x_sdio.o
    0x08004344   0x0000002c   Code   RO         3859    i.SDIO_DataConfig   stm32f10x_sdio.o
    0x08004370   0x00000024   Code   RO         3861    i.SDIO_DeInit       stm32f10x_sdio.o
    0x08004394   0x0000000c   Code   RO         3862    i.SDIO_GetCommandResponse  stm32f10x_sdio.o
    0x080043a0   0x00000014   Code   RO         3865    i.SDIO_GetFlagStatus  stm32f10x_sdio.o
    0x080043b4   0x00000010   Code   RO         3867    i.SDIO_GetPowerState  stm32f10x_sdio.o
    0x080043c4   0x00000010   Code   RO         3868    i.SDIO_GetResponse  stm32f10x_sdio.o
    0x080043d4   0x00000004   Code   RO         1101    i.SDIO_IRQHandler   stm32f10x_it.o
    0x080043d8   0x00000018   Code   RO         3869    i.SDIO_ITConfig     stm32f10x_sdio.o
    0x080043f0   0x0000002c   Code   RO         3870    i.SDIO_Init         stm32f10x_sdio.o
    0x0800441c   0x0000000c   Code   RO         3871    i.SDIO_ReadData     stm32f10x_sdio.o
    0x08004428   0x00000028   Code   RO         3873    i.SDIO_SendCommand  stm32f10x_sdio.o
    0x08004450   0x0000000c   Code   RO         3875    i.SDIO_SetPowerState  stm32f10x_sdio.o
    0x0800445c   0x00000024   Code   RO         1302    i.SD_Detect         sdio_sd.o
    0x08004480   0x00000078   Code   RO         1303    i.SD_EnableWideBusOperation  sdio_sd.o
    0x080044f8   0x00000124   Code   RO         1304    i.SD_Erase          sdio_sd.o
    0x0800461c   0x000000fc   Code   RO          262    i.SD_EraseTest      test.o
    0x08004718   0x0000026c   Code   RO         1305    i.SD_GetCardInfo    sdio_sd.o
    0x08004984   0x00000022   Code   RO         1308    i.SD_GetState       sdio_sd.o
    0x080049a6   0x0000001a   Code   RO         1309    i.SD_GetStatus      sdio_sd.o
    0x080049c0   0x00000068   Code   RO         1311    i.SD_Init           sdio_sd.o
    0x08004a28   0x00000100   Code   RO         1312    i.SD_InitializeCards  sdio_sd.o
    0x08004b28   0x0000005c   Code   RO         1313    i.SD_LowLevel_DMA_RxConfig  sdio_sd.o
    0x08004b84   0x00000060   Code   RO         1314    i.SD_LowLevel_DMA_TxConfig  sdio_sd.o
    0x08004be4   0x00000074   Code   RO         1316    i.SD_LowLevel_Init  sdio_sd.o
    0x08004c58   0x000001ac   Code   RO         1318    i.SD_PowerON        sdio_sd.o
    0x08004e04   0x00000040   Code   RO         1319    i.SD_ProcessIRQSrc  sdio_sd.o
    0x08004e44   0x000000d8   Code   RO         1320    i.SD_ReadBlock      sdio_sd.o
    0x08004f1c   0x000000e4   Code   RO         1321    i.SD_ReadMultiBlocks  sdio_sd.o
    0x08005000   0x00000034   Code   RO         1322    i.SD_SelectDeselect  sdio_sd.o
    0x08005034   0x0000004c   Code   RO         1324    i.SD_SendStatus     sdio_sd.o
    0x08005080   0x00000070   Code   RO          264    i.SD_SingleBlockTest  test.o
    0x080050f0   0x00000030   Code   RO         1325    i.SD_StopTransfer   sdio_sd.o
    0x08005120   0x00000070   Code   RO         1326    i.SD_WaitReadOperation  sdio_sd.o
    0x08005190   0x00000070   Code   RO         1327    i.SD_WaitWriteOperation  sdio_sd.o
    0x08005200   0x000000d4   Code   RO         1328    i.SD_WriteBlock     sdio_sd.o
    0x080052d4   0x00000140   Code   RO         1329    i.SD_WriteMultiBlocks  sdio_sd.o
    0x08005414   0x00000014   Code   RO         4043    i.SPI_Cmd           stm32f10x_spi.o
    0x08005428   0x00000016   Code   RO         5334    i.SPI_For_Printer   print_main.o
    0x0800543e   0x0000000e   Code   RO         4051    i.SPI_I2S_GetFlagStatus  stm32f10x_spi.o
    0x0800544c   0x00000004   Code   RO         4055    i.SPI_I2S_SendData  stm32f10x_spi.o
    0x08005450   0x00000038   Code   RO         4056    i.SPI_Init          stm32f10x_spi.o
    0x08005488   0x00000054   Code   RO         1670    i.ST7565R_IO_Init   lcd_st7565r.o
    0x080054dc   0x00000012   Code   RO         1671    i.ST7565R_NOP       lcd_st7565r.o
    0x080054ee   0x00000002   PAD
    0x080054f0   0x00000048   Code   RO         1672    i.ST7565R_SendData  lcd_st7565r.o
    0x08005538   0x0000001c   Code   RO         1673    i.ST7565R_WR_CMD    lcd_st7565r.o
    0x08005554   0x0000001c   Code   RO         1674    i.ST7565R_WR_DATA   lcd_st7565r.o
    0x08005570   0x00000084   Code   RO          603    i.STM32_Initial     interface.o
    0x080055f4   0x00000002   Code   RO         1102    i.SVC_Handler       stm32f10x_it.o
    0x080055f6   0x00000002   PAD
    0x080055f8   0x00000018   Code   RO          265    i.Save_ApplRam      test.o
    0x08005610   0x00000024   Code   RO         5335    i.Send_Byte         print_main.o
    0x08005634   0x00000128   Code   RO         5337    i.SetFontOffset_char  print_main.o
    0x0800575c   0x00000020   Code   RO          604    i.SetRTS            interface.o
    0x0800577c   0x000000a8   Code   RO         1934    i.SetSysClockTo72   system_stm32f10x.o
    0x08005824   0x00000020   Code   RO         5338    i.Set_HotPIN        print_main.o
    0x08005844   0x00000034   Code   RO         5339    i.Set_Hot_Data      print_main.o
    0x08005878   0x00000020   Code   RO         5340    i.Set_Hot_Group     print_main.o
    0x08005898   0x00000020   Code   RO         5341    i.Set_Motor_Speed   print_main.o
    0x080058b8   0x00000070   Code   RO         5342    i.Start_Hot         print_main.o
    0x08005928   0x0000007c   Code   RO         5343    i.Start_Motor       print_main.o
    0x080059a4   0x00000098   Code   RO         5344    i.Start_When_Ready  print_main.o
    0x08005a3c   0x00000020   Code   RO         5345    i.Stop_Motor        print_main.o
    0x08005a5c   0x00000054   Code   RO         5346    i.Suspend_Motor     print_main.o
    0x08005ab0   0x00000040   Code   RO         1103    i.SysTick_Handler   stm32f10x_it.o
    0x08005af0   0x00000050   Code   RO         1936    i.SystemInit        system_stm32f10x.o
    0x08005b40   0x00000024   Code   RO         5348    i.TESTPAPER         print_main.o
    0x08005b64   0x0000011c   Code   RO         5349    i.TIM2_IRQHandler   print_main.o
    0x08005c80   0x00000078   Code   RO         5350    i.TIM3_IRQHandler   print_main.o
    0x08005cf8   0x00000064   Code   RO          605    i.TIM5_Init         interface.o
    0x08005d5c   0x0000007c   Code   RO         1605    i.TIM6_IRQHandler   led_customer.o
    0x08005dd8   0x00000080   Code   RO          606    i.TIM6_Init         interface.o
    0x08005e58   0x00000050   Code   RO          268    i.TIM6_Init_Count   test.o
    0x08005ea8   0x00000084   Code   RO          784    i.TIM7_IRQHandler   keyboard.o
    0x08005f2c   0x00000074   Code   RO          607    i.TIM7_Init         interface.o
    0x08005fa0   0x00000014   Code   RO         4184    i.TIM_ARRPreloadConfig  stm32f10x_tim.o
    0x08005fb4   0x00000006   Code   RO         4190    i.TIM_ClearFlag     stm32f10x_tim.o
    0x08005fba   0x00000006   Code   RO         4191    i.TIM_ClearITPendingBit  stm32f10x_tim.o
    0x08005fc0   0x00000014   Code   RO         4196    i.TIM_Cmd           stm32f10x_tim.o
    0x08005fd4   0x00000004   Code   RO         4215    i.TIM_GetCounter    stm32f10x_tim.o
    0x08005fd8   0x00000018   Code   RO         4217    i.TIM_GetITStatus   stm32f10x_tim.o
    0x08005ff0   0x00000010   Code   RO         4221    i.TIM_ITConfig      stm32f10x_tim.o
    0x08006000   0x00000080   Code   RO         4225    i.TIM_OC1Init       stm32f10x_tim.o
    0x08006080   0x00000014   Code   RO         4243    i.TIM_OCStructInit  stm32f10x_tim.o
    0x08006094   0x00000006   Code   RO         4245    i.TIM_PrescalerConfig  stm32f10x_tim.o
    0x0800609a   0x00000010   Code   RO         4252    i.TIM_SelectOnePulseMode  stm32f10x_tim.o
    0x080060aa   0x00000004   Code   RO         4261    i.TIM_SetCounter    stm32f10x_tim.o
    0x080060ae   0x00000002   PAD
    0x080060b0   0x0000009c   Code   RO         4267    i.TIM_TimeBaseInit  stm32f10x_tim.o
    0x0800614c   0x00000002   Code   RO         5351    i.TestFlashBWrite   print_main.o
    0x0800614e   0x00000002   PAD
    0x08006150   0x0000003c   Code   RO         5352    i.TestPrintGoingOn  print_main.o
    0x0800618c   0x00000124   Code   RO          269    i.Test_OPDisplay    test.o
    0x080062b0   0x000002dc   Code   RO          270    i.Test_SD           test.o
    0x0800658c   0x000006b8   Code   RO          271    i.Test_SPIFlash     test.o
    0x08006c44   0x00000090   Code   RO          272    i.Test_SRAM         test.o
    0x08006cd4   0x00000080   Code   RO         1209    i.UARTGet           usart.o
    0x08006d54   0x0000019c   Code   RO         1210    i.UARTInit          usart.o
    0x08006ef0   0x00000054   Code   RO         1211    i.UARTSend          usart.o
    0x08006f44   0x00000016   Code   RO         1213    i.UART_GetChar      usart.o
    0x08006f5a   0x00000008   Code   RO         1215    i.UART_PutChar      usart.o
    0x08006f62   0x00000014   Code   RO         1216    i.UART_PutString    usart.o
    0x08006f76   0x00000002   PAD
    0x08006f78   0x000000b0   Code   RO         1104    i.USART1_IRQHandler  stm32f10x_it.o
    0x08007028   0x000000e4   Code   RO         1105    i.USART3_IRQHandler  stm32f10x_it.o
    0x0800710c   0x00000014   Code   RO         4719    i.USART_Cmd         stm32f10x_usart.o
    0x08007120   0x0000000e   Code   RO         4722    i.USART_GetFlagStatus  stm32f10x_usart.o
    0x0800712e   0x0000003e   Code   RO         4723    i.USART_GetITStatus  stm32f10x_usart.o
    0x0800716c   0x00000030   Code   RO         4725    i.USART_ITConfig    stm32f10x_usart.o
    0x0800719c   0x000000b4   Code   RO         4726    i.USART_Init        stm32f10x_usart.o
    0x08007250   0x00000014   Code   RO         4732    i.USART_OverSampling8Cmd  stm32f10x_usart.o
    0x08007264   0x00000008   Code   RO         4733    i.USART_ReceiveData  stm32f10x_usart.o
    0x0800726c   0x00000008   Code   RO         4736    i.USART_SendData    stm32f10x_usart.o
    0x08007274   0x00000020   Code   RO         1217    i.USART_printf      usart.o
    0x08007294   0x00000002   Code   RO         1106    i.UsageFault_Handler  stm32f10x_it.o
    0x08007296   0x00000002   PAD
    0x08007298   0x00000070   Code   RO         5353    i.Wait_Paper        print_main.o
    0x08007308   0x00000028   Code   RO          608    i.WriteRam          interface.o
    0x08007330   0x00000028   Code   RO         5977    i.__0sprintf$8      mc_w.l(printf8.o)
    0x08007358   0x00000024   Code   RO         6007    i.__0vsprintf       mc_w.l(printfa.o)
    0x0800737c   0x0000000e   Code   RO         6079    i.__scatterload_copy  mc_w.l(handlers.o)
    0x0800738a   0x00000002   Code   RO         6080    i.__scatterload_null  mc_w.l(handlers.o)
    0x0800738c   0x0000000e   Code   RO         6081    i.__scatterload_zeroinit  mc_w.l(handlers.o)
    0x0800739a   0x00000002   PAD
    0x0800739c   0x0000015c   Code   RO         6008    i._fp_digits        mc_w.l(printfa.o)
    0x080074f8   0x00000408   Code   RO         5982    i._printf_core      mc_w.l(printf8.o)
    0x08007900   0x000006f0   Code   RO         6009    i._printf_core      mc_w.l(printfa.o)
    0x08007ff0   0x00000026   Code   RO         5983    i._printf_post_padding  mc_w.l(printf8.o)
    0x08008016   0x00000026   Code   RO         6010    i._printf_post_padding  mc_w.l(printfa.o)
    0x0800803c   0x00000030   Code   RO         5984    i._printf_pre_padding  mc_w.l(printf8.o)
    0x0800806c   0x00000030   Code   RO         6011    i._printf_pre_padding  mc_w.l(printfa.o)
    0x0800809c   0x0000000a   Code   RO         5986    i._sputc            mc_w.l(printf8.o)
    0x080080a6   0x0000000a   Code   RO         6013    i._sputc            mc_w.l(printfa.o)
    0x080080b0   0x0000004c   Code   RO          856    i.get_line          monitor.o
    0x080080fc   0x0000015c   Code   RO          785    i.keydown           keyboard.o
    0x08008258   0x00000080   Code   RO          786    i.keyscan           keyboard.o
    0x080082d8   0x0000007c   Code   RO         1675    i.mClearScreen      lcd_st7565r.o
    0x08008354   0x0000016c   Code   RO         1676    i.mDispCharXY       lcd_st7565r.o
    0x080084c0   0x00000094   Code   RO         1677    i.mDispCursor       lcd_st7565r.o
    0x08008554   0x00000042   Code   RO         1678    i.mDispStringXY     lcd_st7565r.o
    0x08008596   0x00000002   PAD
    0x08008598   0x000000a8   Code   RO         1680    i.mDrawChar         lcd_st7565r.o
    0x08008640   0x00000064   Code   RO         1682    i.mInitialLCD       lcd_st7565r.o
    0x080086a4   0x0000001c   Code   RO         1683    i.mLightLCDOff      lcd_st7565r.o
    0x080086c0   0x0000001c   Code   RO         1684    i.mLightLCDOn       lcd_st7565r.o
    0x080086dc   0x00000044   Code   RO         1686    i.mRefreshLine      lcd_st7565r.o
    0x08008720   0x00000018   Code   RO         1687    i.mSetContrast      lcd_st7565r.o
    0x08008738   0x000004c8   Code   RO            4    i.main              main.o
    0x08008c00   0x00000078   Code   RO         1529    i.mktimev           rtc.o
    0x08008c78   0x00000024   Code   RO         5355    i.partial_cut       print_main.o
    0x08008c9c   0x00000034   Code   RO          935    i.pwrADCCtrl        pwr_ctrl.o
    0x08008cd0   0x00000058   Code   RO          936    i.pwrGetStatus      pwr_ctrl.o
    0x08008d28   0x00000044   Code   RO          937    i.pwrIO_Init        pwr_ctrl.o
    0x08008d6c   0x00000014   Code   RO          938    i.pwr_Init          pwr_ctrl.o
    0x08008d80   0x0000011c   Code   RO          273    i.pwr_Test          test.o
    0x08008e9c   0x00000054   Code   RO         1530    i.rtc_Config        rtc.o
    0x08008ef0   0x00000012   Code   RO         1531    i.rtc_gettime       rtc.o
    0x08008f02   0x00000044   Code   RO         1532    i.rtc_init          rtc.o
    0x08008f46   0x0000001a   Code   RO         1533    i.rtc_settime       rtc.o
    0x08008f60   0x00000038   Code   RO         5357    i.sel_print_mode    print_main.o
    0x08008f98   0x000000f4   Code   RO         5358    i.sel_raster_bit_image  print_main.o
    0x0800908c   0x00000022   Code   RO         1692    i.st7565SetXY       lcd_st7565r.o
    0x080090ae   0x00000002   PAD
    0x080090b0   0x0000008c   Code   RO         1534    i.to_tm             rtc.o
    0x0800913c   0x00000024   Code   RO         5359    i.total_cut         print_main.o
    0x08009160   0x00000010   Code   RO         5360    i.turn_underline_mode  print_main.o
    0x08009170   0x0000002c   Code   RO         5361    i.tx_printer_status  print_main.o
    0x0800919c   0x00000054   Code   RO         5362    i.tx_status         print_main.o
    0x080091f0   0x00000018   Code   RO         1839    i.wFlashReadBuffer  flashb.o
    0x08009208   0x0000009c   Code   RO          858    i.xatoi             monitor.o
    0x080092a4   0x00000012   Code   RO          859    i.xprintf           monitor.o
    0x080092b6   0x00000002   PAD
    0x080092b8   0x0000001c   Code   RO          860    i.xputc             monitor.o
    0x080092d4   0x00000014   Code   RO          861    i.xputs             monitor.o
    0x080092e8   0x00000024   Code   RO          862    i.xsprintf          monitor.o
    0x0800930c   0x00000196   Code   RO          863    i.xvprintf          monitor.o
    0x080094a2   0x00000364   Data   RO            8    .constdata          main.o
    0x08009806   0x00000002   PAD
    0x08009808   0x00000076   Data   RO            9    .constdata          main.o
    0x0800987e   0x00000002   PAD
    0x08009880   0x00000043   Data   RO          276    .constdata          test.o
    0x080098c3   0x00000610   Data   RO          411    .constdata          asciifonts.o
    0x08009ed3   0x00000001   PAD
    0x08009ed4   0x00000030   Data   RO         1535    .constdata          rtc.o
    0x08009f04   0x0000005b   Data   RO         1607    .constdata          led_customer.o
    0x08009f5f   0x00000008   Data   RO         1694    .constdata          lcd_st7565r.o
    0x08009f67   0x00000001   PAD
    0x08009f68   0x00000010   Data   RO         4949    .constdata          photo_abbigl.o
    0x08009f78   0x00000c09   Data   RO         4950    .constdata          photo_abbigl.o
    0x0800ab81   0x00000003   PAD
    0x0800ab84   0x00000010   Data   RO         4962    .constdata          photo_appetito.o
    0x0800ab94   0x00000665   Data   RO         4963    .constdata          photo_appetito.o
    0x0800b1f9   0x00000003   PAD
    0x0800b1fc   0x00000010   Data   RO         4982    .constdata          photo_caffe.o
    0x0800b20c   0x000007e5   Data   RO         4983    .constdata          photo_caffe.o
    0x0800b9f1   0x00000003   PAD
    0x0800b9f4   0x00000010   Data   RO         4992    .constdata          photo_carneval.o
    0x0800ba04   0x00000bbe   Data   RO         4993    .constdata          photo_carneval.o
    0x0800c5c2   0x00000002   PAD
    0x0800c5c4   0x00000010   Data   RO         5002    .constdata          photo_cornetto.o
    0x0800c5d4   0x000007e5   Data   RO         5003    .constdata          photo_cornetto.o
    0x0800cdb9   0x00000003   PAD
    0x0800cdbc   0x00000010   Data   RO         5012    .constdata          photo_cucina.o
    0x0800cdcc   0x000009de   Data   RO         5013    .constdata          photo_cucina.o
    0x0800d7aa   0x00000002   PAD
    0x0800d7ac   0x00000010   Data   RO         5022    .constdata          photo_donna.o
    0x0800d7bc   0x00000665   Data   RO         5023    .constdata          photo_donna.o
    0x0800de21   0x00000003   PAD
    0x0800de24   0x00000010   Data   RO         5032    .constdata          photo_eutron.o
    0x0800de34   0x00000c65   Data   RO         5033    .constdata          photo_eutron.o
    0x0800ea99   0x00000003   PAD
    0x0800ea9c   0x00000010   Data   RO         5042    .constdata          photo_fiori.o
    0x0800eaac   0x00000665   Data   RO         5043    .constdata          photo_fiori.o
    0x0800f111   0x00000003   PAD
    0x0800f114   0x00000010   Data   RO         5052    .constdata          photo_gelato.o
    0x0800f124   0x0000061e   Data   RO         5053    .constdata          photo_gelato.o
    0x0800f742   0x00000002   PAD
    0x0800f744   0x00000010   Data   RO         5062    .constdata          photo_jolly.o
    0x0800f754   0x00000bbe   Data   RO         5063    .constdata          photo_jolly.o
    0x08010312   0x00000002   PAD
    0x08010314   0x00000010   Data   RO         5085    .constdata          photo_mamma.o
    0x08010324   0x00000bbe   Data   RO         5086    .constdata          photo_mamma.o
    0x08010ee2   0x00000002   PAD
    0x08010ee4   0x00000010   Data   RO         5095    .constdata          photo_natale.o
    0x08010ef4   0x000009de   Data   RO         5096    .constdata          photo_natale.o
    0x080118d2   0x00000002   PAD
    0x080118d4   0x00000010   Data   RO         5105    .constdata          photo_panama.o
    0x080118e4   0x000000eb   Data   RO         5106    .constdata          photo_panama.o
    0x080119cf   0x00000001   PAD
    0x080119d0   0x00000010   Data   RO         5115    .constdata          photo_pane.o
    0x080119e0   0x00000965   Data   RO         5116    .constdata          photo_pane.o
    0x08012345   0x00000003   PAD
    0x08012348   0x00000010   Data   RO         5125    .constdata          photo_papa.o
    0x08012358   0x00000665   Data   RO         5126    .constdata          photo_papa.o
    0x080129bd   0x00000003   PAD
    0x080129c0   0x00000010   Data   RO         5135    .constdata          photo_pasqua.o
    0x080129d0   0x00000bd7   Data   RO         5136    .constdata          photo_pasqua.o
    0x080135a7   0x00000001   PAD
    0x080135a8   0x00000010   Data   RO         5145    .constdata          photo_pesce.o
    0x080135b8   0x00000965   Data   RO         5146    .constdata          photo_pesce.o
    0x08013f1d   0x00000003   PAD
    0x08013f20   0x00000010   Data   RO         5155    .constdata          photo_risparmi.o
    0x08013f30   0x000009de   Data   RO         5156    .constdata          photo_risparmi.o
    0x0801490e   0x00000002   PAD
    0x08014910   0x00000010   Data   RO         5165    .constdata          photo_salumi.o
    0x08014920   0x00000965   Data   RO         5166    .constdata          photo_salumi.o
    0x08015285   0x00000003   PAD
    0x08015288   0x00000010   Data   RO         5175    .constdata          photo_selfdef.o
    0x08015298   0x00000665   Data   RO         5176    .constdata          photo_selfdef.o
    0x080158fd   0x00000003   PAD
    0x08015900   0x00000010   Data   RO         5185    .constdata          photo_sport.o
    0x08015910   0x00000665   Data   RO         5186    .constdata          photo_sport.o
    0x08015f75   0x00000003   PAD
    0x08015f78   0x00000010   Data   RO         5195    .constdata          photo_vacanze.o
    0x08015f88   0x000009de   Data   RO         5196    .constdata          photo_vacanze.o
    0x08016966   0x00000002   PAD
    0x08016968   0x00000010   Data   RO         5205    .constdata          photo_valentin.o
    0x08016978   0x00000965   Data   RO         5206    .constdata          photo_valentin.o
    0x080172dd   0x00000001   PAD
    0x080172de   0x00000200   Data   RO         5232    .constdata          print_def.o
    0x080174de   0x00000100   Data   RO         5233    .constdata          print_def.o
    0x080175de   0x00000010   Data   RO         5234    .constdata          print_def.o
    0x080175ee   0x00000002   PAD
    0x080175f0   0x00000108   Data   RO         5235    .constdata          print_def.o
    0x080176f8   0x00000780   Data   RO         5236    .constdata          print_def.o
    0x08017e78   0x00002a55   Data   RO         5364    .constdata          print_main.o
    0x0801a8cd   0x00000940   Data   RO           10    .conststring        main.o
    0x0801b20d   0x00000003   PAD
    0x0801b210   0x00000020   Data   RO         6077    Region$$Table       anon$$obj.o


    Execution Region RW_IRAM1 (Base: 0x20000000, Size: 0x0000eec0, Max: 0x00010000, ABSOLUTE, COMPRESSED[0x0000017c])

    Base Addr    Size         Type   Attr      Idx    E Section Name        Object

    0x20000000   0x0000000c   Data   RW          278    .data               test.o
    0x2000000c   0x00000001   Data   RW          611    .data               interface.o
    0x2000000d   0x00000003   PAD
    0x20000010   0x00000058   Data   RW          788    .data               keyboard.o
    0x20000068   0x0000000c   Data   RW          864    .data               monitor.o
    0x20000074   0x0000005a   Data   RW          939    .data               pwr_ctrl.o
    0x200000ce   0x00000002   PAD
    0x200000d0   0x00000008   Data   RW         1107    .data               stm32f10x_it.o
    0x200000d8   0x00000002   Data   RW         1219    .data               usart.o
    0x200000da   0x00000002   PAD
    0x200000dc   0x00000018   Data   RW         1332    .data               sdio_sd.o
    0x200000f4   0x00000030   Data   RW         1536    .data               rtc.o
    0x20000124   0x0000001c   Data   RW         1608    .data               led_customer.o
    0x20000140   0x00000014   Data   RW         1937    .data               system_stm32f10x.o
    0x20000154   0x00000014   Data   RW         3595    .data               stm32f10x_rcc.o
    0x20000168   0x00000001   Data   RW         5237    .data               print_def.o
    0x20000169   0x00000001   Data   RW         5238    .data               print_def.o
    0x2000016a   0x00000001   Data   RW         5239    .data               print_def.o
    0x2000016b   0x00000001   Data   RW         5240    .data               print_def.o
    0x2000016c   0x00000004   Data   RW         5241    .data               print_def.o
    0x20000170   0x00000001   Data   RW         5242    .data               print_def.o
    0x20000171   0x00000001   PAD
    0x20000172   0x00000002   Data   RW         5243    .data               print_def.o
    0x20000174   0x00000004   Data   RW         5244    .data               print_def.o
    0x20000178   0x00000001   Data   RW         5245    .data               print_def.o
    0x20000179   0x00000001   Data   RW         5246    .data               print_def.o
    0x2000017a   0x00000002   Data   RW         5247    .data               print_def.o
    0x2000017c   0x00000002   Data   RW         5248    .data               print_def.o
    0x2000017e   0x00000001   Data   RW         5249    .data               print_def.o
    0x2000017f   0x00000001   PAD
    0x20000180   0x00000002   Data   RW         5250    .data               print_def.o
    0x20000182   0x00000002   PAD
    0x20000184   0x00000004   Data   RW         5251    .data               print_def.o
    0x20000188   0x00000002   Data   RW         5252    .data               print_def.o
    0x2000018a   0x00000001   Data   RW         5253    .data               print_def.o
    0x2000018b   0x00000001   PAD
    0x2000018c   0x00000060   Data   RW         5254    .data               print_def.o
    0x200001ec   0x00000060   Data   RW         5255    .data               print_def.o
    0x2000024c   0x00000002   Data   RW         5256    .data               print_def.o
    0x2000024e   0x00000002   Data   RW         5257    .data               print_def.o
    0x20000250   0x00000002   Data   RW         5258    .data               print_def.o
    0x20000252   0x00000001   Data   RW         5259    .data               print_def.o
    0x20000253   0x00000001   PAD
    0x20000254   0x00000002   Data   RW         5260    .data               print_def.o
    0x20000256   0x00000002   Data   RW         5261    .data               print_def.o
    0x20000258   0x00000004   Data   RW         5262    .data               print_def.o
    0x2000025c   0x00000001   Data   RW         5264    .data               print_def.o
    0x2000025d   0x00000001   Data   RW         5265    .data               print_def.o
    0x2000025e   0x00000006   Data   RW         5266    .data               print_def.o
    0x20000264   0x00000001   Data   RW         5267    .data               print_def.o
    0x20000265   0x00000003   PAD
    0x20000268   0x00000004   Data   RW         5268    .data               print_def.o
    0x2000026c   0x00000004   Data   RW         5269    .data               print_def.o
    0x20000270   0x00000004   Data   RW         5270    .data               print_def.o
    0x20000274   0x00000004   Data   RW         5271    .data               print_def.o
    0x20000278   0x00000004   Data   RW         5272    .data               print_def.o
    0x2000027c   0x00000001   Data   RW         5365    .data               print_main.o
    0x2000027d   0x00000003   PAD
    0x20000280   0x00001000   Zero   RW            6    .bss                main.o
    0x20001280   0x00000080   Zero   RW            7    .bss                main.o
    0x20001300   0x00009bc4   Zero   RW          275    .bss                test.o
    0x2000aec4   0x0000000a   Zero   RW          787    .bss                keyboard.o
    0x2000aece   0x00000002   PAD
    0x2000aed0   0x000008e8   Zero   RW         1218    .bss                usart.o
    0x2000b7b8   0x000000cc   Zero   RW         1331    .bss                sdio_sd.o
    0x2000b884   0x0000000c   Zero   RW         1606    .bss                led_customer.o
    0x2000b890   0x00000400   Zero   RW         1693    .bss                lcd_st7565r.o
    0x2000bc90   0x00000080   Zero   RW         5225    .bss                print_def.o
    0x2000bd10   0x00000030   Zero   RW         5226    .bss                print_def.o
    0x2000bd40   0x0000013b   Zero   RW         5227    .bss                print_def.o
    0x2000be7b   0x00000023   Zero   RW         5228    .bss                print_def.o
    0x2000be9e   0x00000002   PAD
    0x2000bea0   0x00000010   Zero   RW         5229    .bss                print_def.o
    0x2000beb0   0x00002000   Zero   RW         5230    .bss                print_def.o
    0x2000deb0   0x0000000c   Zero   RW         5231    .bss                print_def.o
    0x2000debc   0x00000004   PAD
    0x2000dec0   0x00001000   Zero   RW         1993    STACK               startup_stm32f10x_hd.o



  Load Region LR$$.ARM.__AT_0x40006C00 (Base: 0x40006c00, Size: 0x00000000, Max: 0x0000008c, ABSOLUTE)

    Execution Region ER$$.ARM.__AT_0x40006C00 (Base: 0x40006c00, Size: 0x0000008c, Max: 0x0000008c, ABSOLUTE, UNINIT)

    Base Addr    Size         Type   Attr      Idx    E Section Name        Object

    0x40006c00   0x0000008a   Zero   RW         5363    .ARM.__AT_0x40006C00  print_main.o


==============================================================================

Image component sizes


      Code (inc. data)   RO Data    RW Data    ZI Data      Debug   Object Name

         0          0       1552          0          0        432   asciifonts.o
         0          0          0          0          0         32   core_cm3.o
        24          0          0          0          0       1092   flashb.o
       760         72          0          0          0       6633   fsmc_nor.o
       860         92          0          1          0      20796   interface.o
       832         58          0         88         10       4670   keyboard.o
      1382        118          8          0       1024       8556   lcd_st7565r.o
       660         60         91         28         12       4920   led_customer.o
      1860        794       3354          0       4224     351067   main.o
       120         20          0          0          0       1403   misc.o
       740         18          0         12          0       5055   monitor.o
         0          0       3097          0          0       2054   photo_abbigl.o
         0          0       1653          0          0        498   photo_appetito.o
         0          0       2037          0          0        476   photo_caffe.o
         0          0       3022          0          0        498   photo_carneval.o
         0          0       2037          0          0        498   photo_cornetto.o
         0          0       2542          0          0        486   photo_cucina.o
         0          0       1653          0          0        476   photo_donna.o
         0          0       3189          0          0        486   photo_eutron.o
         0          0       1653          0          0        476   photo_fiori.o
         0          0       1582          0          0        486   photo_gelato.o
         0          0       3022          0          0        476   photo_jolly.o
         0          0       3022          0          0        476   photo_mamma.o
         0          0       2542          0          0        486   photo_natale.o
         0          0        251          0          0        486   photo_panama.o
         0          0       2421          0          0        470   photo_pane.o
         0          0       1653          0          0        470   photo_papa.o
         0          0       3047          0          0        486   photo_pasqua.o
         0          0       2421          0          0        476   photo_pesce.o
         0          0       2542          0          0        498   photo_risparmi.o
         0          0       2421          0          0        486   photo_salumi.o
         0          0       1653          0          0        492   photo_selfdef.o
         0          0       1653          0          0        476   photo_sport.o
         0          0       2542          0          0        492   photo_vacanze.o
         0          0       2421          0          0        498   photo_valentin.o
         0          0       2968        267       8746      10359   print_def.o
      8408       1118      10837          1        138      44793   print_main.o
       396         50          0         90          0       3111   pwr_ctrl.o
       584         18         48         48          0       6017   rtc.o
      5060        296          0         24        204      28182   sdio_sd.o
      1208         68          0          0          0       7589   spi_m25p80.o
        36          8        304          0       4096        752   startup_stm32f10x_hd.o
       248         10          0          0          0       4792   stm32f10x_adc.o
        32          8          0          0          0       2071   stm32f10x_bkp.o
       332         18          0          0          0       3790   stm32f10x_dma.o
       156         14          0          0          0       2004   stm32f10x_exti.o
       224          4          0          0          0       1773   stm32f10x_fsmc.o
       308         12          0          0          0       4480   stm32f10x_gpio.o
       576         46          0          8          0       6081   stm32f10x_it.o
        12          6          0          0          0        470   stm32f10x_pwr.o
       364         66          0         20          0       7764   stm32f10x_rcc.o
       192         40          0          0          0       4332   stm32f10x_rtc.o
       324         86          0          0          0       9159   stm32f10x_sdio.o
        94          0          0          0          0       3044   stm32f10x_spi.o
       426         64          0          0          0       8138   stm32f10x_tim.o
       360          4          0          0          0       6070   stm32f10x_usart.o
       248         24          0         20          0       1669   system_stm32f10x.o
      5072       2526         67         12      39876      17492   test.o
       706         46          0          2       2280       5373   usart.o

    ----------------------------------------------------------------------
     32654       5764      73406        640      60620     607163   Object Totals
         0          0         32          0          0          0   (incl. Generated)
        50          0         69         19         10          0   (incl. Padding)

    ----------------------------------------------------------------------

      Code (inc. data)   RO Data    RW Data    ZI Data      Debug   Library Member Name

        92          0          0          0          0          0   __dczerorl2.o
         0          0          0          0          0          0   entry.o
         0          0          0          0          0          0   entry10a.o
         0          0          0          0          0          0   entry11a.o
         8          4          0          0          0          0   entry2.o
         4          0          0          0          0          0   entry5.o
         0          0          0          0          0          0   entry7b.o
         0          0          0          0          0          0   entry8b.o
         8          4          0          0          0          0   entry9a.o
        30          0          0          0          0          0   handlers.o
        36          8          0          0          0         68   init.o
         0          0          0          0          0          0   iusefp.o
        30          0          0          0          0         68   llshl.o
        36          0          0          0          0         68   llsshr.o
        32          0          0          0          0         68   llushr.o
        36          0          0          0          0         68   memcpya.o
        36          0          0          0          0        108   memseta.o
      1168         50          0          0          0        420   printf8.o
      2256         86          0          0          0        508   printfa.o
        14          0          0          0          0         68   strlen.o
        24          0          0          0          0         76   strncpy.o
        44          0          0          0          0         80   uidiv.o
        98          0          0          0          0         92   uldiv.o
        40          2          0          0          0         68   cdrcmple.o
       334          0          0          0          0        148   dadd.o
       222          0          0          0          0        100   ddiv.o
       190          0          0          0          0        176   depilogue.o
        50          0          0          0          0         76   dfixui.o
        48          0          0          0          0         68   dfixul.o
        26          0          0          0          0         76   dfltui.o
       228          0          0          0          0         96   dmul.o

    ----------------------------------------------------------------------
      5092        154          0          0          0       2500   Library Totals
         2          0          0          0          0          0   (incl. Padding)

    ----------------------------------------------------------------------

      Code (inc. data)   RO Data    RW Data    ZI Data      Debug   Library Name

      3952        152          0          0          0       1692   mc_w.l
      1138          2          0          0          0        808   mf_w.l

    ----------------------------------------------------------------------
      5092        154          0          0          0       2500   Library Totals

    ----------------------------------------------------------------------

==============================================================================


      Code (inc. data)   RO Data    RW Data    ZI Data      Debug   

     37746       5918      73406        640      60620     592763   Grand Totals
     37746       5918      73406        380      60620     592763   ELF Image Totals (compressed)
     37746       5918      73406        380          0          0   ROM Totals

==============================================================================

    Total RO  Size (Code + RO Data)               111152 ( 108.55kB)
    Total RW  Size (RW Data + ZI Data)             61260 (  59.82kB)
    Total ROM Size (Code + RO Data + RW Data)     111532 ( 108.92kB)

==============================================================================

