Component: ARM Compiler 5.05 update 1 (build 106) Tool: armlink [4d0efa]

==============================================================================

Section Cross References

    flashb.o(i.bFlashAutoSelect) refers to flashb.o(i.bFlashWrite) for bFlashWrite
    flashb.o(i.bFlashAutoSelect) refers to flashb.o(i.bFlashRead) for bFlashRead
    flashb.o(i.bFlashAutoSelect) refers to flashb.o(.constdata) for BlockOffset
    flashb.o(i.bFlashBlockErase) refers to flashb.o(i.bFlashAutoSelect) for bFlashAutoSelect
    flashb.o(i.bFlashBlockErase) refers to flashb.o(i.bFlashWrite) for bFlashWrite
    flashb.o(i.bFlashBlockErase) refers to flashb.o(i.bFlashRead) for bFlashRead
    flashb.o(i.bFlashBlockErase) refers to flashb.o(i.bFlashDataToggle) for bFlashDataToggle
    flashb.o(i.bFlashBlockErase) refers to flashb.o(i.bFlashReadReset) for bFlashReadReset
    flashb.o(i.bFlashBlockErase) refers to flashb.o(.constdata) for BlockOffset
    flashb.o(i.bFlashChipErase) refers to flashb.o(i.bFlashAutoSelect) for bFlashAutoSelect
    flashb.o(i.bFlashChipErase) refers to flashb.o(i.bFlashWrite) for bFlashWrite
    flashb.o(i.bFlashChipErase) refers to flashb.o(i.bFlashDataToggle) for bFlashDataToggle
    flashb.o(i.bFlashChipErase) refers to flashb.o(i.bFlashReadReset) for bFlashReadReset
    flashb.o(i.bFlashDataToggle) refers to flashb.o(i.bFlashRead) for bFlashRead
    flashb.o(i.bFlashMBlockErase) refers to flashb.o(i.bFlashAutoSelect) for bFlashAutoSelect
    flashb.o(i.bFlashMBlockErase) refers to flashb.o(i.bFlashWrite) for bFlashWrite
    flashb.o(i.bFlashMBlockErase) refers to flashb.o(i.bFlashRead) for bFlashRead
    flashb.o(i.bFlashMBlockErase) refers to flashb.o(i.bFlashDataToggle) for bFlashDataToggle
    flashb.o(i.bFlashMBlockErase) refers to flashb.o(i.bFlashReadReset) for bFlashReadReset
    flashb.o(i.bFlashMBlockErase) refers to flashb.o(.constdata) for BlockOffset
    flashb.o(i.bFlashProgram) refers to flashb.o(i.bFlashAutoSelect) for bFlashAutoSelect
    flashb.o(i.bFlashProgram) refers to flashb.o(i.wFlashProgramAWord) for wFlashProgramAWord
    flashb.o(i.bFlashProgram) refers to flashb.o(.constdata) for BlockOffset
    flashb.o(i.bFlashReadReset) refers to flashb.o(i.bFlashWrite) for bFlashWrite
    flashb.o(i.bFlashReadReset) refers to flashb.o(i.bFlashPause) for bFlashPause
    flashb.o(i.wFlashProgramAWord) refers to flashb.o(i.bFlashWrite) for bFlashWrite
    flashb.o(i.wFlashProgramAWord) refers to flashb.o(i.wFlashWrite) for wFlashWrite
    flashb.o(i.wFlashProgramAWord) refers to flashb.o(i.bFlashDataToggle) for bFlashDataToggle
    flashb.o(i.wFlashProgramAWord) refers to flashb.o(i.bFlashReadReset) for bFlashReadReset
    fsmc_sram.o(i.FSMC_IOInit) refers to stm32f10x_rcc.o(i.RCC_APB2PeriphClockCmd) for RCC_APB2PeriphClockCmd
    fsmc_sram.o(i.FSMC_IOInit) refers to stm32f10x_gpio.o(i.GPIO_Init) for GPIO_Init
    fsmc_sram.o(i.FSMC_Init) refers to stm32f10x_rcc.o(i.RCC_AHBPeriphClockCmd) for RCC_AHBPeriphClockCmd
    fsmc_sram.o(i.FSMC_Init) refers to fsmc_sram.o(i.FSMC_IOInit) for FSMC_IOInit
    fsmc_sram.o(i.FSMC_Init) refers to stm32f10x_fsmc.o(i.FSMC_NORSRAMInit) for FSMC_NORSRAMInit
    fsmc_sram.o(i.FSMC_Init) refers to stm32f10x_fsmc.o(i.FSMC_NORSRAMCmd) for FSMC_NORSRAMCmd
    fsmc_sram.o(i.SRAM_ReadBuffer) refers to memcpya.o(.text) for __aeabi_memcpy
    fsmc_sram.o(i.SRAM_WriteBuffer) refers to memcpya.o(.text) for __aeabi_memcpy
    interface.o(i.Beep) refers to keyboard.o(.data) for beep_len
    interface.o(i.Bell) refers to interface.o(i.Beep) for Beep
    interface.o(i.Bios) refers to print_main.o(i.RSPrint) for RSPrint
    interface.o(i.Bios) refers to strlen.o(.text) for strlen
    interface.o(i.Bios) refers to usart.o(i.USART_printf) for USART_printf
    interface.o(i.Bios) refers to memory.o(.bss) for ApplVar
    interface.o(i.Bios_1) refers to print_main.o(i.Get_Printer_status) for Get_Printer_status
    interface.o(i.Bios_1) refers to print_main.o(i.RSPrint) for RSPrint
    interface.o(i.Bios_1) refers to led_customer.o(i.LED_On) for LED_On
    interface.o(i.Bios_1) refers to led_customer.o(i.PutsO_Saved) for PutsO_Saved
    interface.o(i.Bios_1) refers to led_customer.o(i.LED_Off) for LED_Off
    interface.o(i.Bios_1) refers to keyboard.o(i.EnableBeep) for EnableBeep
    interface.o(i.Bios_1) refers to interface.o(i.Beep) for Beep
    interface.o(i.Bios_1) refers to rtc.o(i.rtc_gettime) for rtc_gettime
    interface.o(i.Bios_1) refers to rtc.o(i.rtc_settime) for rtc_settime
    interface.o(i.Bios_1) refers to keyboard.o(i.CheckKeyboard) for CheckKeyboard
    interface.o(i.Bios_1) refers to usart.o(i.USART_printf) for USART_printf
    interface.o(i.Bios_1) refers to print_def.o(.data) for Printer_Status
    interface.o(i.Bios_1) refers to memory.o(.bss) for ApplVar
    interface.o(i.Bios_1) refers to interface.o(.data) for rtc_date
[...]
    0x08016fb0   0x08016fb0   0x0000004c   Code   RO         4426    i.InitPort          initappl.o
    0x08016ffc   0x08016ffc   0x00000002   Code   RO         4427    i.InitSalPer        initappl.o
    0x08016ffe   0x08016ffe   0x00000002   PAD
    0x08017000   0x08017000   0x000000a0   Code   RO         5493    i.InitSysFlag       program.o
    0x080170a0   0x080170a0   0x00000050   Code   RO         4428    i.InitTax           initappl.o
    0x080170f0   0x080170f0   0x00000054   Code   RO         4429    i.InitTender        initappl.o
    0x08017144   0x08017144   0x0000005c   Code   RO         3438    i.Init_Flow         flowbill.o
    0x080171a0   0x080171a0   0x00000144   Code   RO         4430    i.Initial_DateTime  initappl.o
    0x080172e4   0x080172e4   0x000000a0   Code   RO         2152    i.InputEXASCII      chninput.o
    0x08017384   0x08017384   0x00000094   Code   RO         2650    i.InputWord         extmodules.o
    0x08017418   0x08017418   0x000000bc   Code   RO         2651    i.InputYesNo        extmodules.o
    0x080174d4   0x080174d4   0x0000003e   Code   RO        10142    i.IntToUnicode      hw_config.o
    0x08017512   0x08017512   0x00000002   PAD
    0x08017514   0x08017514   0x0000008c   Code   RO         5418    i.InvertBit         progopt.o
    0x080175a0   0x080175a0   0x000001c4   Code   RO         4586    i.IssueKp           kp.o
    0x08017764   0x08017764   0x0000000c   Code   RO         2652    i.JFeed             extmodules.o
    0x08017770   0x08017770   0x00000060   Code   RO         4658    i.KbHit             main.o
    0x080177d0   0x080177d0   0x0000000c   Code   RO          611    i.KeyBoardDeInit    keyboard.o
    0x080177dc   0x080177dc   0x00000010   Code   RO          612    i.KeyBoardInit      keyboard.o
    0x080177ec   0x080177ec   0x00000324   Code   RO         4659    i.KeyInput          main.o
    0x08017b10   0x08017b10   0x00000068   Code   RO         4587    i.KpEnd             kp.o
    0x08017b78   0x08017b78   0x0000018c   Code   RO         4588    i.KpHeader          kp.o
    0x08017d04   0x08017d04   0x00000010   Code   RO         1506    i.LCD10_SetFlag     led_customer.o
    0x08017d14   0x08017d14   0x00000002   Code   RO         1507    i.LED_Off           led_customer.o
    0x08017d16   0x08017d16   0x00000002   Code   RO         1508    i.LED_On            led_customer.o
    0x08017d18   0x08017d18   0x00000024   Code   RO        10143    i.Leave_LowPowerMode  hw_config.o
    0x08017d3c   0x08017d3c   0x000000b4   Code   RO         2653    i.LeftShiftBCD      extmodules.o
    0x08017df0   0x08017df0   0x00000784   Code   RO         2153    i.LineEditor        chninput.o
    0x08018574   0x08018574   0x0000001c   Code   RO         4368    i.ListICBlock       iccardblock.o
    0x08018590   0x08018590   0x00000a04   Code   RO         4774    i.ListItems         menu.o
    0x08018f94   0x08018f94   0x00000360   Code   RO         3439    i.LoadReceipLog     flowbill.o
    0x080192f4   0x080192f4   0x00000154   Code   RO         5110    i.LookPlu           plu.o
    0x08019448   0x08019448   0x000001f8   Code   RO         2654    i.MGFunctions       extmodules.o
    0x08019640   0x08019640   0x000000a0   Code   RO         5872    i.MakeTime          report2.o
    0x080196e0   0x080196e0   0x00000004   Code   RO          936    i.MemManage_Handler  stm32f10x_it.o
    0x080196e4   0x080196e4   0x0000024c   Code   RO         4775    i.MenuMain          menu.o
    0x08019930   0x08019930   0x00000030   Code   RO         6384    i.Move_Motor        print_main.o
    0x08019960   0x08019960   0x00000288   Code   RO         2655    i.Multiply          extmodules.o
    0x08019be8   0x08019be8   0x00000002   Code   RO          937    i.NMI_Handler       stm32f10x_it.o
    0x08019bea   0x08019bea   0x00000002   Code   RO        10816    i.NOP_Process       usb_core.o
    0x08019bec   0x08019bec   0x00000070   Code   RO         7128    i.NVIC_Init         misc.o
    0x08019c5c   0x08019c5c   0x00000014   Code   RO         7129    i.NVIC_PriorityGroupConfig  misc.o
    0x08019c70   0x08019c70   0x00000028   Code   RO         1197    i.NVIC_SDConfiguration  sdio_sd.o
    0x08019c98   0x08019c98   0x0000026c   Code   RO         5494    i.NewProgSysFlag    program.o
    0x08019f04   0x08019f04   0x00000038   Code   RO         3356    i.NewReceipt        fixed.o
    0x08019f3c   0x08019f3c   0x00000338   Code   RO         6305    i.NewTimeDate       timer.o
    0x0801a274   0x0801a274   0x00000138   Code   RO        10817    i.NoData_Setup0     usb_core.o
    0x0801a3ac   0x0801a3ac   0x00000084   Code   RO         5495    i.NumToIP           program.o
    0x0801a430   0x0801a430   0x00000014   Code   RO         2547    i.OpenDrawer        drawer.o
    0x0801a444   0x0801a444   0x00000030   Code   RO         1999    i.OpenMess          chndisp.o
    0x0801a474   0x0801a474   0x00000050   Code   RO        10818    i.Out0_Process      usb_core.o
    0x0801a4c4   0x0801a4c4   0x00000038   Code   RO         4660    i.OutPrint          main.o
    0x0801a4fc   0x0801a4fc   0x0000003c   Code   RO         4661    i.OutPrintEx        main.o
    0x0801a538   0x0801a538   0x00000028   Code   RO        10984    i.PMAToUserBufferCopy  usb_mem.o
    0x0801a560   0x0801a560   0x000000a4   Code   RO         6385    i.PRNDataPort_Init  print_main.o
    0x0801a604   0x0801a604   0x00000002   Code   RO         6386    i.PRNFeedPort_Init  print_main.o
    0x0801a606   0x0801a606   0x00000002   PAD
    0x0801a608   0x0801a608   0x00000054   Code   RO         6387    i.PRNPePwPort_Init  print_main.o
    0x0801a65c   0x0801a65c   0x000000e0   Code   RO         6388    i.PRNTIMER_Init     print_main.o
    0x0801a73c   0x0801a73c   0x00000074   Code   RO         6389    i.PRNTempPort_Init  print_main.o
    0x0801a7b0   0x0801a7b0   0x0000000c   Code   RO         8633    i.PWR_BackupAccessCmd  stm32f10x_pwr.o
    0x0801a7bc   0x0801a7bc   0x0000049c   Code   RO         5207    i.PaidOutRa         pora.o
    0x0801ac58   0x0801ac58   0x000002c8   Code   RO         5067    i.PbBuffer          pbbuffer.o
    0x0801af20   0x0801af20   0x00001418   Code   RO         4971    i.PbFunction        pb.o
    0x0801c338   0x0801c338   0x0000042c   Code   RO         4972    i.PbPrint           pb.o
    0x0801c764   0x0801c764   0x000002ec   Code   RO         4973    i.PbTender          pb.o
    0x0801ca50   0x0801ca50   0x00000264   Code   RO         4974    i.PbTotal           pb.o
    0x0801ccb4   0x0801ccb4   0x00000002   Code   RO          938    i.PendSV_Handler    stm32f10x_it.o
    0x0801ccb6   0x0801ccb6   0x00000022   Code   RO         5942    i.PeriodSkip        report.o
    0x0801ccd8   0x0801ccd8   0x000000f0   Code   RO         5943    i.Plu_XReport       report.o
    0x0801cdc8   0x0801cdc8   0x000001ac   Code   RO         4299    i.PointsByECRVIP    iccard.o
    0x0801cf74   0x0801cf74   0x00000028   Code   RO         2657    i.PosOfFuncKey      extmodules.o
    0x0801cf9c   0x0801cf9c   0x00000048   Code   RO        10819    i.Post0_Process     usb_core.o
    0x0801cfe4   0x0801cfe4   0x00000040   Code   RO        10096    i.PowerOn           usb_pwr.o
    0x0801d024   0x0801d024   0x0000007c   Code   RO         5276    i.PrePrintHead      print.o
    0x0801d0a0   0x0801d0a0   0x00000750   Code   RO         5277    i.PrintAllons       print.o
    0x0801d7f0   0x0801d7f0   0x00000014   Code   RO         5278    i.PrintAmt          print.o
    0x0801d804   0x0801d804   0x00000260   Code   RO         4589    i.PrintArticle      kp.o
    0x0801da64   0x0801da64   0x000004b4   Code   RO         4184    i.PrintConfInf      hardtest.o
    0x0801df18   0x0801df18   0x000000d4   Code   RO         5944    i.PrintCorrec       report.o
    0x0801dfec   0x0801dfec   0x00000040   Code   RO         5945    i.PrintCorrecReport  report.o
    0x0801e02c   0x0801e02c   0x00000040   Code   RO         5946    i.PrintCurrReport   report.o
    0x0801e06c   0x0801e06c   0x00000084   Code   RO         5947    i.PrintCurrency     report.o
    0x0801e0f0   0x0801e0f0   0x000000a8   Code   RO         5948    i.PrintDept         report.o
    0x0801e198   0x0801e198   0x00000040   Code   RO         5949    i.PrintDeptReport   report.o
    0x0801e1d8   0x0801e1d8   0x000003a4   Code   RO         5111    i.PrintDept_PLU     plu.o
    0x0801e57c   0x0801e57c   0x00000074   Code   RO         5950    i.PrintDisc         report.o
    0x0801e5f0   0x0801e5f0   0x00000040   Code   RO         5951    i.PrintDiscReport   report.o
    0x0801e630   0x0801e630   0x00000040   Code   RO         5952    i.PrintDrawReport   report.o
    0x0801e670   0x0801e670   0x00000084   Code   RO         5953    i.PrintDrawer       report.o
    0x0801e6f4   0x0801e6f4   0x000002b0   Code   RO         4300    i.PrintECRVIP       iccard.o
    0x0801e9a4   0x0801e9a4   0x000000cc   Code   RO         3440    i.PrintFlowQtyAmt   flowbill.o
    0x0801ea70   0x0801ea70   0x00000070   Code   RO         2659    i.PrintGraphics     extmodules.o
    0x0801eae0   0x0801eae0   0x00000084   Code   RO         5954    i.PrintGroup        report.o
    0x0801eb64   0x0801eb64   0x00000040   Code   RO         5955    i.PrintGroupReport  report.o
    0x0801eba4   0x0801eba4   0x0000007c   Code   RO         5279    i.PrintHead1        print.o
    0x0801ec20   0x0801ec20   0x00000002   Code   RO         4301    i.PrintICMessage    iccard.o
    0x0801ec22   0x0801ec22   0x00000002   PAD
    0x0801ec24   0x0801ec24   0x000000a0   Code   RO         2660    i.PrintKeyboard     extmodules.o
    0x0801ecc4   0x0801ecc4   0x00000168   Code   RO         4590    i.PrintKp           kp.o
    0x0801ee2c   0x0801ee2c   0x00000024   Code   RO         5280    i.PrintLine         print.o
    0x0801ee50   0x0801ee50   0x0000003c   Code   RO         4185    i.PrintLine2        hardtest.o
    0x0801ee8c   0x0801ee8c   0x000000b0   Code   RO         4776    i.PrintMGMenu       menu.o
    0x0801ef3c   0x0801ef3c   0x00000024   Code   RO         3753    i.PrintMessage      general.o
    0x0801ef60   0x0801ef60   0x00000064   Code   RO         2449    i.PrintModifiers    depart.o
    0x0801efc4   0x0801efc4   0x00000054   Code   RO         4975    i.PrintNewBal       pb.o
    0x0801f018   0x0801f018   0x00000074   Code   RO         3357    i.PrintNumber       fixed.o
    0x0801f08c   0x0801f08c   0x0000034c   Code   RO         5956    i.PrintOpenPb       report.o
    0x0801f3d8   0x0801f3d8   0x0000007c   Code   RO         5957    i.PrintPb           report.o
    0x0801f454   0x0801f454   0x00000074   Code   RO         5958    i.PrintPbF          report.o
    0x0801f4c8   0x0801f4c8   0x00000048   Code   RO         5959    i.PrintPbFReport    report.o
    0x0801f510   0x0801f510   0x000001b0   Code   RO         4976    i.PrintPbHeader     pb.o
    0x0801f6c0   0x0801f6c0   0x00000284   Code   RO         5068    i.PrintPbItem       pbbuffer.o
    0x0801f944   0x0801f944   0x000000f4   Code   RO         4591    i.PrintPbKp         kp.o
    0x0801fa38   0x0801fa38   0x000000d8   Code   RO         3755    i.PrintPbTrailer    general.o
    0x0801fb10   0x0801fb10   0x00000048   Code   RO         5960    i.PrintPbtReport    report.o
    0x0801fb58   0x0801fb58   0x000000a8   Code   RO         5961    i.PrintPlu          report.o
    0x0801fc00   0x0801fc00   0x00000054   Code   RO         5962    i.PrintPluReport    report.o
    0x0801fc54   0x0801fc54   0x00000084   Code   RO         5963    i.PrintPoRa         report.o
    0x0801fcd8   0x0801fcd8   0x00000040   Code   RO         5964    i.PrintPoRaReport   report.o
    0x0801fd18   0x0801fd18   0x00000130   Code   RO         5965    i.PrintPointReport  report.o
    0x0801fe48   0x0801fe48   0x00000124   Code   RO         5873    i.PrintPointType    report2.o
    0x0801ff6c   0x0801ff6c   0x00000014   Code   RO         5281    i.PrintQty          print.o
    0x0801ff80   0x0801ff80   0x00000674   Code   RO         5282    i.PrintQtyAmt       print.o
    0x080205f4   0x080205f4   0x000000f8   Code   RO         5283    i.PrintRJ           print.o
    0x080206ec   0x080206ec   0x00000044   Code   RO         5966    i.PrintRange        report.o
    0x08020730   0x08020730   0x000003b8   Code   RO         5284    i.PrintRegiInfo     print.o
    0x08020ae8   0x08020ae8   0x000006a4   Code   RO         5967    i.PrintReport       report.o
    0x0802118c   0x0802118c   0x00000108   Code   RO         5874    i.PrintReportHeader  report2.o
    0x08021294   0x08021294   0x0000009c   Code   RO         5968    i.PrintReportType   report.o
    0x08021330   0x08021330   0x00000068   Code   RO         3756    i.PrintSaleQty      general.o
    0x08021398   0x08021398   0x0000015c   Code   RO         3254    i.PrintSetupMenu    firmkey.o
    0x080214f4   0x080214f4   0x00000170   Code   RO         5285    i.PrintSlip         print.o
    0x08021664   0x08021664   0x00000124   Code   RO         5286    i.PrintSlipPage     print.o
    0x08021788   0x08021788   0x00000012   Code   RO         5287    i.PrintStr          print.o
    0x0802179a   0x0802179a   0x00000002   PAD
    0x0802179c   0x0802179c   0x000000a8   Code   RO         2661    i.PrintStr_Center   extmodules.o
    0x08021844   0x08021844   0x00000148   Code   RO         5969    i.PrintTax          report.o
    0x0802198c   0x0802198c   0x00000040   Code   RO         5970    i.PrintTaxReport    report.o
    0x080219cc   0x080219cc   0x00000040   Code   RO         5971    i.PrintTendReport   report.o
    0x08021a0c   0x08021a0c   0x00000084   Code   RO         5972    i.PrintTender       report.o
    0x08021a90   0x08021a90   0x0000063c   Code   RO         3757    i.PrintTotal        general.o
    0x080220cc   0x080220cc   0x00000118   Code   RO         4186    i.PrintVersion      hardtest.o
    0x080221e4   0x080221e4   0x00000290   Code   RO         4777    i.PrintXZMenu       menu.o
    0x08022474   0x08022474   0x000000f8   Code   RO         6390    i.Print_Download_Image  print_main.o
    0x0802256c   0x0802256c   0x00000074   Code   RO         6392    i.Print_Initial     print_main.o
    0x080225e0   0x080225e0   0x00000010   Code   RO         6393    i.PrnTemperature    print_main.o
    0x080225f0   0x080225f0   0x000001d0   Code   RO         6394    i.Prn_CalcHotTime   print_main.o
    0x080227c0   0x080227c0   0x00000044   Code   RO         6395    i.Prn_task00_Stop   print_main.o
    0x08022804   0x08022804   0x000000bc   Code   RO         6396    i.Prn_task01_Start  print_main.o
    0x080228c0   0x080228c0   0x000000f0   Code   RO         6397    i.Prn_task02_PrintChar  print_main.o
    0x080229b0   0x080229b0   0x0000007c   Code   RO         6398    i.Prn_task03_PrintGraphic  print_main.o
    0x08022a2c   0x08022a2c   0x000000f8   Code   RO         6399    i.Prn_task04_FeedPaper  print_main.o
    0x08022b24   0x08022b24   0x00000058   Code   RO         6400    i.Prn_task05_FeedHalf  print_main.o
    0x08022b7c   0x08022b7c   0x00000c68   Code   RO         1930    i.ProBuf            buffer.o
    0x080237e4   0x080237e4   0x00000574   Code   RO         1931    i.ProcessBuffer     buffer.o
    0x08023d58   0x08023d58   0x00000f24   Code   RO         2450    i.ProcessDept       depart.o
    0x08024c7c   0x08024c7c   0x00000244   Code   RO         1932    i.ProcessDeptRecord  buffer.o
    0x08024ec0   0x08024ec0   0x000000cc   Code   RO         3358    i.ProcessFuncLook   fixed.o
    0x08024f8c   0x08024f8c   0x000002e0   Code   RO         4662    i.ProcessFunctions  main.o
    0x0802526c   0x0802526c   0x000004a0   Code   RO         4663    i.ProcessKey        main.o
    0x0802570c   0x0802570c   0x00000134   Code   RO         3359    i.ProcessKeyMacro   fixed.o
    0x08025840   0x08025840   0x000002dc   Code   RO         5112    i.ProcessOnePlu     plu.o
    0x08025b1c   0x08025b1c   0x00000548   Code   RO         5069    i.ProcessPbBuffer   pbbuffer.o
    0x08026064   0x08026064   0x000001ec   Code   RO         5113    i.ProcessPlu        plu.o
    0x08026250   0x08026250   0x000018cc   Code   RO         2278    i.ProcessRecord     computer.o
    0x08027b1c   0x08027b1c   0x000000c8   Code   RO         5875    i.ProcessXFunc      report2.o
    0x08027be4   0x08027be4   0x000000e8   Code   RO         5876    i.ProcessZFunc      report2.o
    0x08027ccc   0x08027ccc   0x000000f8   Code   RO         5497    i.ProgBalance       program.o
    0x08027dc4   0x08027dc4   0x0000007c   Code   RO         5498    i.ProgBarcodeReader  program.o
    0x08027e40   0x08027e40   0x00000130   Code   RO         5499    i.ProgClerk         program.o
    0x08027f70   0x08027f70   0x000000c4   Code   RO         5500    i.ProgCorrec        program.o
    0x08028034   0x08028034   0x00000150   Code   RO         5501    i.ProgCurr          program.o
    0x08028184   0x08028184   0x000002c0   Code   RO         5502    i.ProgDEPTFields    program.o
    0x08028444   0x08028444   0x00000230   Code   RO         5503    i.ProgDate          program.o
    0x08028674   0x08028674   0x00000260   Code   RO         5504    i.ProgDept          program.o
    0x080288d4   0x080288d4   0x0000011c   Code   RO         5505    i.ProgDevice        program.o
    0x080289f0   0x080289f0   0x00000230   Code   RO         5506    i.ProgDisc          program.o
    0x08028c20   0x08028c20   0x000000c4   Code   RO         5507    i.ProgDraw          program.o
    0x08028ce4   0x08028ce4   0x00000280   Code   RO         4302    i.ProgECRVIPPoints  iccard.o
    0x08028f64   0x08028f64   0x000000e0   Code   RO         5508    i.ProgExtPrinter    program.o
    0x08029044   0x08029044   0x000000e8   Code   RO         5509    i.ProgGroup         program.o
    0x0802912c   0x0802912c   0x00000164   Code   RO         5510    i.ProgHeader        program.o
    0x08029290   0x08029290   0x00000058   Code   RO         5511    i.ProgHost          program.o
    0x080292e8   0x080292e8   0x0000027c   Code   RO         5512    i.ProgIC            program.o
    0x08029564   0x08029564   0x0000023c   Code   RO         5514    i.ProgIP            program.o
    0x080297a0   0x080297a0   0x00000190   Code   RO         5515    i.ProgKPrn          program.o
    0x08029930   0x08029930   0x00000160   Code   RO         5516    i.ProgKeyMacro      program.o
    0x08029a90   0x08029a90   0x000000cc   Code   RO         5517    i.ProgModi          program.o
    0x08029b5c   0x08029b5c   0x00000108   Code   RO         5519    i.ProgNewVIP        program.o
    0x08029c64   0x08029c64   0x00000208   Code   RO         5520    i.ProgOFF           program.o
    0x08029e6c   0x08029e6c   0x00000358   Code   RO         5521    i.ProgPLUFields     program.o
    0x0802a1c4   0x0802a1c4   0x00000128   Code   RO         5522    i.ProgPbF           program.o
    0x0802a2ec   0x0802a2ec   0x00000128   Code   RO         5523    i.ProgPbInfo        program.o
    0x0802a414   0x0802a414   0x00000234   Code   RO         5524    i.ProgPlu           program.o
    0x0802a648   0x0802a648   0x0000010c   Code   RO         5525    i.ProgPoRa          program.o
    0x0802a754   0x0802a754   0x00000148   Code   RO         5526    i.ProgPointType     program.o
    0x0802a89c   0x0802a89c   0x0000015c   Code   RO         5527    i.ProgPrnGraph      program.o
    0x0802a9f8   0x0802a9f8   0x000001b8   Code   RO         5528    i.ProgPromotion     program.o
    0x0802abb0   0x0802abb0   0x0000013c   Code   RO         5529    i.ProgReport        program.o
    0x0802acec   0x0802acec   0x00000002   Code   RO         5530    i.ProgSalPer        program.o
    0x0802acee   0x0802acee   0x00000002   PAD
    0x0802acf0   0x0802acf0   0x000001cc   Code   RO         5531    i.ProgSlip          program.o
    0x0802aebc   0x0802aebc   0x000000c8   Code   RO         5532    i.ProgSlipHead      program.o
    0x0802af84   0x0802af84   0x000002ec   Code   RO         5533    i.ProgSysFlag       program.o
    0x0802b270   0x0802b270   0x000000a0   Code   RO         5534    i.ProgSysMes        program.o
    0x0802b310   0x0802b310   0x00000110   Code   RO         5535    i.ProgTax           program.o
    0x0802b420   0x0802b420   0x00000124   Code   RO         5536    i.ProgTend          program.o
    0x0802b544   0x0802b544   0x0000010c   Code   RO         5537    i.ProgTime          program.o
    0x0802b650   0x0802b650   0x00000164   Code   RO         5538    i.ProgTrailer       program.o
    0x0802b7b4   0x0802b7b4   0x000000c8   Code   RO         5539    i.ProgZone          program.o
    0x0802b87c   0x0802b87c   0x000001c0   Code   RO         5400    i.ProgramDump       progdump.o
    0x0802ba3c   0x0802ba3c   0x0000005c   Code   RO         3758    i.PromotionBeep     general.o
    0x0802ba98   0x0802ba98   0x00000148   Code   RO         3759    i.PromtionCheck     general.o
    0x0802bbe0   0x0802bbe0   0x000000e0   Code   RO         1509    i.PutsO             led_customer.o
    0x0802bcc0   0x0802bcc0   0x0000001c   Code   RO         1510    i.PutsO_Saved       led_customer.o
    0x0802bcdc   0x0802bcdc   0x00000018   Code   RO         8693    i.RCC_ADCCLKConfig  stm32f10x_rcc.o
    0x0802bcf4   0x0802bcf4   0x00000020   Code   RO         8694    i.RCC_AHBPeriphClockCmd  stm32f10x_rcc.o
    0x0802bd14   0x0802bd14   0x00000020   Code   RO         8695    i.RCC_APB1PeriphClockCmd  stm32f10x_rcc.o
    0x0802bd34   0x0802bd34   0x00000020   Code   RO         8697    i.RCC_APB2PeriphClockCmd  stm32f10x_rcc.o
    0x0802bd54   0x0802bd54   0x00000014   Code   RO         8701    i.RCC_ClearFlag     stm32f10x_rcc.o
    0x0802bd68   0x0802bd68   0x000000d4   Code   RO         8705    i.RCC_GetClocksFreq  stm32f10x_rcc.o
    0x0802be3c   0x0802be3c   0x0000003c   Code   RO         8706    i.RCC_GetFlagStatus  stm32f10x_rcc.o
    0x0802be78   0x0802be78   0x00000034   Code   RO         8713    i.RCC_LSEConfig     stm32f10x_rcc.o
    0x0802beac   0x0802beac   0x0000000c   Code   RO         8720    i.RCC_RTCCLKCmd     stm32f10x_rcc.o
    0x0802beb8   0x0802beb8   0x00000010   Code   RO         8721    i.RCC_RTCCLKConfig  stm32f10x_rcc.o
    0x0802bec8   0x0802bec8   0x0000000c   Code   RO         8723    i.RCC_USBCLKConfig  stm32f10x_rcc.o
    0x0802bed4   0x0802bed4   0x0000001e   Code   RO         2663    i.RFeed             extmodules.o
    0x0802bef2   0x0802bef2   0x00000002   PAD
    0x0802bef4   0x0802bef4   0x00000444   Code   RO         6401    i.RSPrint           print_main.o
    0x0802c338   0x0802c338   0x00000014   Code   RO         8895    i.RTC_EnterConfigMode  stm32f10x_rtc.o
    0x0802c34c   0x0802c34c   0x00000014   Code   RO         8896    i.RTC_ExitConfigMode  stm32f10x_rtc.o
    0x0802c360   0x0802c360   0x0000002c   Code   RO         8897    i.RTC_GetCounter    stm32f10x_rtc.o
    0x0802c38c   0x0802c38c   0x00000020   Code   RO         8901    i.RTC_ITConfig      stm32f10x_rtc.o
    0x0802c3ac   0x0802c3ac   0x0000001c   Code   RO         8903    i.RTC_SetCounter    stm32f10x_rtc.o
    0x0802c3c8   0x0802c3c8   0x00000020   Code   RO         8904    i.RTC_SetPrescaler  stm32f10x_rtc.o
    0x0802c3e8   0x0802c3e8   0x00000014   Code   RO         8905    i.RTC_WaitForLastTask  stm32f10x_rtc.o
    0x0802c3fc   0x0802c3fc   0x00000024   Code   RO         8906    i.RTC_WaitForSynchro  stm32f10x_rtc.o
    0x0802c420   0x0802c420   0x00000058   Code   RO         4187    i.RWRand            hardtest.o
    0x0802c478   0x0802c478   0x00000084   Code   RO         2245    i.ReadClerk         clerk.o
    0x0802c4fc   0x0802c4fc   0x00000034   Code   RO         2664    i.ReadComm          extmodules.o
    0x0802c530   0x0802c530   0x0000002c   Code   RO         2365    i.ReadCorrec        correc.o
    0x0802c55c   0x0802c55c   0x0000001c   Code   RO         2408    i.ReadCurr          currency.o
    0x0802c578   0x0802c578   0x00000084   Code   RO         2451    i.ReadDept          depart.o
    0x0802c5fc   0x0802c5fc   0x0000002c   Code   RO         2500    i.ReadDisc          discount.o
    0x0802c628   0x0802c628   0x0000001c   Code   RO         2548    i.ReadDrawer        drawer.o
    0x0802c644   0x0802c644   0x00000074   Code   RO         4303    i.ReadECRVIPVar     iccard.o
    0x0802c6b8   0x0802c6b8   0x00000118   Code   RO         2665    i.ReadFlagsList     extmodules.o
    0x0802c7d0   0x0802c7d0   0x00000044   Code   RO         3441    i.ReadFrLogRam      flowbill.o
    0x0802c814   0x0802c814   0x0000003c   Code   RO         4778    i.ReadFromMsg       menu.o
    0x0802c850   0x0802c850   0x00000030   Code   RO         2666    i.ReadFuncLook      extmodules.o
    0x0802c880   0x0802c880   0x00000050   Code   RO         2667    i.ReadGraphic       extmodules.o
    0x0802c8d0   0x0802c8d0   0x0000002c   Code   RO         4153    i.ReadGroup         group.o
    0x0802c8fc   0x0802c8fc   0x00000020   Code   RO         2668    i.ReadHeader        extmodules.o
    0x0802c91c   0x0802c91c   0x00000014   Code   RO         4371    i.ReadICBlock       iccardblock.o
    0x0802c930   0x0802c930   0x0000012c   Code   RO         4779    i.ReadItemCaption   menu.o
    0x0802ca5c   0x0802ca5c   0x00000030   Code   RO         4592    i.ReadKP            kp.o
    0x0802ca8c   0x0802ca8c   0x00000024   Code   RO         2669    i.ReadKeyDesList    extmodules.o
    0x0802cab0   0x0802cab0   0x00000024   Code   RO         2670    i.ReadKeyMacro      extmodules.o
    0x0802cad4   0x0802cad4   0x00000028   Code   RO         4901    i.ReadModi          modifier.o
    0x0802cafc   0x0802cafc   0x00000028   Code   RO         2671    i.ReadNumric        extmodules.o
    0x0802cb24   0x0802cb24   0x000000a8   Code   RO         4932    i.ReadOFFPrice      offprice.o
    0x0802cbcc   0x0802cbcc   0x00000014   Code   RO         4977    i.ReadPBTable       pb.o
    0x0802cbe0   0x0802cbe0   0x0000001c   Code   RO         4978    i.ReadPbF           pb.o
    0x0802cbfc   0x0802cbfc   0x000002c8   Code   RO         5114    i.ReadPlu           plu.o
    0x0802cec4   0x0802cec4   0x00000028   Code   RO         5115    i.ReadPluStock      plu.o
    0x0802ceec   0x0802ceec   0x0000001c   Code   RO         5208    i.ReadPoRa          pora.o
    0x0802cf08   0x0802cf08   0x00000034   Code   RO         5243    i.ReadPort          port.o
    0x0802cf3c   0x0802cf3c   0x00000024   Code   RO          284    i.ReadRam           interface.o
    0x0802cf60   0x0802cf60   0x0000000c   Code   RO         4780    i.ReadRecIndex      menu.o
    0x0802cf6c   0x0802cf6c   0x000000f8   Code   RO         2279    i.ReadRecord        computer.o
    0x0802d064   0x0802d064   0x00000020   Code   RO         2672    i.ReadRepUnit       extmodules.o
    0x0802d084   0x0802d084   0x00000002   Code   RO         6166    i.ReadSalPer        salper.o
    0x0802d086   0x0802d086   0x00000002   PAD
    0x0802d088   0x0802d088   0x00000020   Code   RO         2673    i.ReadSlipHeader    extmodules.o
    0x0802d0a8   0x0802d0a8   0x0000003c   Code   RO         6213    i.ReadTax           tax.o
    0x0802d0e4   0x0802d0e4   0x0000002c   Code   RO         6269    i.ReadTender        tender.o
    0x0802d110   0x0802d110   0x0000012c   Code   RO         3760    i.ReadTotal         general.o
    0x0802d23c   0x0802d23c   0x00000020   Code   RO         2674    i.ReadTrail         extmodules.o
    0x0802d25c   0x0802d25c   0x00000010   Code   RO        10229    i.ReadUSB           usb_endp.o
    0x0802d26c   0x0802d26c   0x000000cc   Code   RO         2280    i.ReadUSBRecord     computer.o
    0x0802d338   0x0802d338   0x00000020   Code   RO         2675    i.ReadXZReport      extmodules.o
    0x0802d358   0x0802d358   0x00000058   Code   RO         2676    i.ReadZone          extmodules.o
    0x0802d3b0   0x0802d3b0   0x000000bc   Code   RO         3442    i.Read_Flow         flowbill.o
    0x0802d46c   0x0802d46c   0x00000048   Code   RO         4304    i.RecallECRVIP      iccard.o
    0x0802d4b4   0x0802d4b4   0x00000118   Code   RO         3443    i.RecallFlowHead    flowbill.o
    0x0802d5cc   0x0802d5cc   0x0000008c   Code   RO         2000    i.RecallScreen      chndisp.o
    0x0802d658   0x0802d658   0x00000094   Code   RO         4431    i.Recall_ApplRam    initappl.o
    0x0802d6ec   0x0802d6ec   0x00000098   Code   RO         4432    i.Recall_Config     initappl.o
    0x0802d784   0x0802d784   0x00000300   Code   RO         5288    i.ReceiptIssue      print.o
    0x0802da84   0x0802da84   0x000000a8   Code   RO         3761    i.RegiEnd           general.o
    0x0802db2c   0x0802db2c   0x00000174   Code   RO         3762    i.RegiInit          general.o
    0x0802dca0   0x0802dca0   0x00000190   Code   RO         3763    i.RegiStart         general.o
    0x0802de30   0x0802de30   0x00000030   Code   RO         5289    i.ReleaseSlip       print.o
    0x0802de60   0x0802de60   0x00000200   Code   RO         5877    i.ReportEnd         report2.o
    0x0802e060   0x0802e060   0x00000014   Code   RO         3444    i.ResetECRFlow      flowbill.o
    0x0802e074   0x0802e074   0x00000044   Code   RO         5973    i.ResetReport       report.o
    0x0802e0b8   0x0802e0b8   0x00000098   Code   RO         4433    i.ResetStartAddress  initappl.o
    0x0802e150   0x0802e150   0x00000002   Code   RO         6402    i.Reset_printer     print_main.o
    0x0802e152   0x0802e152   0x00000002   PAD
    0x0802e154   0x0802e154   0x0000005c   Code   RO         6403    i.Restart_Motor     print_main.o
    0x0802e1b0   0x0802e1b0   0x000000d0   Code   RO        10097    i.Resume            usb_pwr.o
    0x0802e280   0x0802e280   0x00000024   Code   RO        10098    i.Resume_Init       usb_pwr.o
    0x0802e2a4   0x0802e2a4   0x00000130   Code   RO         2677    i.RoundBcd          extmodules.o
    0x0802e3d4   0x0802e3d4   0x00000016   Code   RO         6214    i.RoundTaxable      tax.o
    0x0802e3ea   0x0802e3ea   0x00000002   PAD
    0x0802e3ec   0x0802e3ec   0x00000160   Code   RO         1198    i.SDEnWideBus       sdio_sd.o
    0x0802e54c   0x0802e54c   0x0000000c   Code   RO         8984    i.SDIO_ClearFlag    stm32f10x_sdio.o
    0x0802e558   0x0802e558   0x0000000c   Code   RO         8985    i.SDIO_ClearITPendingBit  stm32f10x_sdio.o
    0x0802e564   0x0802e564   0x0000000c   Code   RO         8986    i.SDIO_ClockCmd     stm32f10x_sdio.o
    0x0802e570   0x0802e570   0x00000030   Code   RO         8990    i.SDIO_DataConfig   stm32f10x_sdio.o
    0x0802e5a0   0x0802e5a0   0x00000024   Code   RO         8992    i.SDIO_DeInit       stm32f10x_sdio.o
    0x0802e5c4   0x0802e5c4   0x0000000c   Code   RO         8993    i.SDIO_GetCommandResponse  stm32f10x_sdio.o
    0x0802e5d0   0x0802e5d0   0x00000018   Code   RO         8996    i.SDIO_GetFlagStatus  stm32f10x_sdio.o
    0x0802e5e8   0x0802e5e8   0x00000010   Code   RO         8998    i.SDIO_GetPowerState  stm32f10x_sdio.o
    0x0802e5f8   0x0802e5f8   0x00000018   Code   RO         8999    i.SDIO_GetResponse  stm32f10x_sdio.o
    0x0802e610   0x0802e610   0x00000008   Code   RO          939    i.SDIO_IRQHandler   stm32f10x_it.o
    0x0802e618   0x0802e618   0x00000020   Code   RO         9000    i.SDIO_ITConfig     stm32f10x_sdio.o
    0x0802e638   0x0802e638   0x00000030   Code   RO         9001    i.SDIO_Init         stm32f10x_sdio.o
    0x0802e668   0x0802e668   0x0000000c   Code   RO         9002    i.SDIO_ReadData     stm32f10x_sdio.o
    0x0802e674   0x0802e674   0x0000002c   Code   RO         9004    i.SDIO_SendCommand  stm32f10x_sdio.o
    0x0802e6a0   0x0802e6a0   0x0000000c   Code   RO         9006    i.SDIO_SetPowerState  stm32f10x_sdio.o
    0x0802e6ac   0x0802e6ac   0x000000b4   Code   RO         1201    i.SD_EnableWideBusOperation  sdio_sd.o
    0x0802e760   0x0802e760   0x00000324   Code   RO         1203    i.SD_GetCardInfo    sdio_sd.o
    0x0802ea84   0x0802ea84   0x00000090   Code   RO         1209    i.SD_Init           sdio_sd.o
    0x0802eb14   0x0802eb14   0x00000168   Code   RO         1210    i.SD_InitializeCards  sdio_sd.o
    0x0802ec7c   0x0802ec7c   0x00000074   Code   RO         1214    i.SD_LowLevel_Init  sdio_sd.o
    0x0802ecf0   0x0802ecf0   0x000001b8   Code   RO         1216    i.SD_PowerON        sdio_sd.o
    0x0802eea8   0x0802eea8   0x00000058   Code   RO         1217    i.SD_ProcessIRQSrc  sdio_sd.o
    0x0802ef00   0x0802ef00   0x00000040   Code   RO         1220    i.SD_SelectDeselect  sdio_sd.o
    0x0802ef40   0x0802ef40   0x00000018   Code   RO         9174    i.SPI_Cmd           stm32f10x_spi.o
    0x0802ef58   0x0802ef58   0x00000018   Code   RO         6404    i.SPI_For_Printer   print_main.o
    0x0802ef70   0x0802ef70   0x00000012   Code   RO         9182    i.SPI_I2S_GetFlagStatus  stm32f10x_spi.o
    0x0802ef82   0x0802ef82   0x00000004   Code   RO         9186    i.SPI_I2S_SendData  stm32f10x_spi.o
    0x0802ef86   0x0802ef86   0x0000003c   Code   RO         9187    i.SPI_Init          stm32f10x_spi.o
    0x0802efc2   0x0802efc2   0x0000005a   Code   RO          221    i.SRAM_Move         fsmc_sram.o
    0x0802f01c   0x0802f01c   0x00000026   Code   RO          222    i.SRAM_ReadBuffer   fsmc_sram.o
    0x0802f042   0x0802f042   0x00000026   Code   RO          223    i.SRAM_WriteBuffer  fsmc_sram.o
    0x0802f068   0x0802f068   0x00000054   Code   RO         1592    i.ST7565R_IO_Init   lcd_st7565r.o
    0x0802f0bc   0x0802f0bc   0x00000012   Code   RO         1593    i.ST7565R_NOP       lcd_st7565r.o
    0x0802f0ce   0x0802f0ce   0x00000002   PAD
    0x0802f0d0   0x0802f0d0   0x00000058   Code   RO         1594    i.ST7565R_SendData  lcd_st7565r.o
    0x0802f128   0x0802f128   0x00000024   Code   RO         1595    i.ST7565R_WR_CMD    lcd_st7565r.o
    0x0802f14c   0x0802f14c   0x00000024   Code   RO         1596    i.ST7565R_WR_DATA   lcd_st7565r.o
    0x0802f170   0x0802f170   0x000000dc   Code   RO          285    i.STM32_Initial     interface.o
    0x0802f24c   0x0802f24c   0x00000020   Code   RO         3445    i.SUB_SCANFP        flowbill.o
    0x0802f26c   0x0802f26c   0x00000002   Code   RO          940    i.SVC_Handler       stm32f10x_it.o
    0x0802f26e   0x0802f26e   0x00000002   PAD
    0x0802f270   0x0802f270   0x00000074   Code   RO         5540    i.SavePlu_DeptEditLOG  program.o
    0x0802f2e4   0x0802f2e4   0x0000002c   Code   RO        10230    i.SaveToUSBQuery    usb_endp.o
    0x0802f310   0x0802f310   0x00000088   Code   RO         4434    i.Save_ApplRam      initappl.o
    0x0802f398   0x0802f398   0x00000098   Code   RO         4435    i.Save_Config       initappl.o
    0x0802f430   0x0802f430   0x000000b0   Code   RO         4436    i.Save_ConfigApplVar  initappl.o
    0x0802f4e0   0x0802f4e0   0x0000001c   Code   RO         2001    i.ScreenFeed        chndisp.o
    0x0802f4fc   0x0802f4fc   0x00000048   Code   RO         2002    i.ScrollScreen      chndisp.o
    0x0802f544   0x0802f544   0x000001cc   Code   RO         2246    i.SelectClerk       clerk.o
    0x0802f710   0x0802f710   0x00000070   Code   RO         5541    i.SelectGraphic     program.o
    0x0802f780   0x0802f780   0x000000bc   Code   RO         2678    i.SelectKeyCode     extmodules.o
    0x0802f83c   0x0802f83c   0x00000002   Code   RO         6167    i.SelectSalPer      salper.o
    0x0802f83e   0x0802f83e   0x00000014   Code   RO         2679    i.SendComm          extmodules.o
    0x0802f852   0x0802f852   0x00000002   PAD
    0x0802f854   0x0802f854   0x00000038   Code   RO         2281    i.SendComp          computer.o
    0x0802f88c   0x0802f88c   0x000000f8   Code   RO         4593    i.SendExtPrinter    kp.o
    0x0802f984   0x0802f984   0x00000168   Code   RO         3446    i.SendMultiLog      flowbill.o
    0x0802faec   0x0802faec   0x000000f8   Code   RO         2282    i.SendRecord        computer.o
    0x0802fbe4   0x0802fbe4   0x00000028   Code   RO         2283    i.SendString        computer.o
    0x0802fc0c   0x0802fc0c   0x00000010   Code   RO        10231    i.SendUSB           usb_endp.o
    0x0802fc1c   0x0802fc1c   0x000000f8   Code   RO         2284    i.SendUSBRecord     computer.o
    0x0802fd14   0x0802fd14   0x00000010   Code   RO        10232    i.SendUSBString     usb_endp.o
    0x0802fd24   0x0802fd24   0x00000020   Code   RO         6405    i.Send_Byte         print_main.o
    0x0802fd44   0x0802fd44   0x00000052   Code   RO         2680    i.SetBCDPoint       extmodules.o
    0x0802fd96   0x0802fd96   0x00000002   PAD
    0x0802fd98   0x0802fd98   0x00000010   Code   RO        10458    i.SetBTABLE         usb_regs.o
    0x0802fda8   0x0802fda8   0x00000044   Code   RO         2681    i.SetComm           extmodules.o
    0x0802fdec   0x0802fdec   0x00000050   Code   RO        10820    i.SetDeviceAddress  usb_core.o
    0x0802fe3c   0x0802fe3c   0x00000024   Code   RO        10472    i.SetEPRxAddr       usb_regs.o
    0x0802fe60   0x0802fe60   0x0000004c   Code   RO        10473    i.SetEPRxCount      usb_regs.o
    0x0802feac   0x0802feac   0x00000040   Code   RO        10474    i.SetEPRxStatus     usb_regs.o
    0x0802feec   0x0802feec   0x00000034   Code   RO        10475    i.SetEPRxValid      usb_regs.o
    0x0802ff20   0x0802ff20   0x00000020   Code   RO        10476    i.SetEPTxAddr       usb_regs.o
    0x0802ff40   0x0802ff40   0x0000001c   Code   RO        10477    i.SetEPTxCount      usb_regs.o
    0x0802ff5c   0x0802ff5c   0x00000040   Code   RO        10478    i.SetEPTxStatus     usb_regs.o
    0x0802ff9c   0x0802ff9c   0x00000034   Code   RO        10479    i.SetEPTxValid      usb_regs.o
    0x0802ffd0   0x0802ffd0   0x00000024   Code   RO        10480    i.SetEPType         usb_regs.o
    0x0802fff4   0x0802fff4   0x0000007c   Code   RO         2154    i.SetEditPosition   chninput.o
    0x08030070   0x08030070   0x00000098   Code   RO         6407    i.SetFontOffset_char  print_main.o
    0x08030108   0x08030108   0x00000270   Code   RO         2682    i.SetKeyboard       extmodules.o
    0x08030378   0x08030378   0x0000020c   Code   RO         2683    i.SetPassword       extmodules.o
    0x08030584   0x08030584   0x00000074   Code   RO         1933    i.SetPrintLayOut    buffer.o
    0x080305f8   0x080305f8   0x00000030   Code   RO          286    i.SetRTS            interface.o
    0x08030628   0x08030628   0x0000000a   Code   RO         4781    i.SetRecIndex       menu.o
    0x08030632   0x08030632   0x00000008   Code   RO         7076    i.SetSysClock       system_stm32f10x.o
    0x0803063a   0x0803063a   0x00000002   PAD
    0x0803063c   0x0803063c   0x000000e0   Code   RO         7077    i.SetSysClockTo72   system_stm32f10x.o
    0x0803071c   0x0803071c   0x00000084   Code   RO         2684    i.SetTimeDate       extmodules.o
    0x080307a0   0x080307a0   0x000000fc   Code   RO         5878    i.SetUpReport       report2.o
    0x0803089c   0x0803089c   0x00000020   Code   RO         6408    i.Set_HotPIN        print_main.o
    0x080308bc   0x080308bc   0x0000004c   Code   RO         6409    i.Set_Hot_Data      print_main.o
    0x08030908   0x08030908   0x00000024   Code   RO         6410    i.Set_Hot_Group     print_main.o
    0x0803092c   0x0803092c   0x00000012   Code   RO         6411    i.Set_Motor_Speed   print_main.o
    0x0803093e   0x0803093e   0x00000002   PAD
    0x08030940   0x08030940   0x00000028   Code   RO        10144    i.Set_System        hw_config.o
    0x08030968   0x08030968   0x00000012   Code   RO        10145    i.Set_USBClock      hw_config.o
    0x0803097a   0x0803097a   0x00000002   PAD
    0x0803097c   0x0803097c   0x000000b8   Code   RO        10821    i.Setup0_Process    usb_core.o
    0x08030a34   0x08030a34   0x00000028   Code   RO         5290    i.SlipMargin        print.o
    0x08030a5c   0x08030a5c   0x0000016c   Code   RO        10822    i.Standard_ClearFeature  usb_core.o
    0x08030bc8   0x08030bc8   0x0000002c   Code   RO        10823    i.Standard_GetConfiguration  usb_core.o
    0x08030bf4   0x08030bf4   0x00000024   Code   RO        10824    i.Standard_GetDescriptorData  usb_core.o
    0x08030c18   0x08030c18   0x0000002c   Code   RO        10825    i.Standard_GetInterface  usb_core.o
    0x08030c44   0x08030c44   0x00000100   Code   RO        10826    i.Standard_GetStatus  usb_core.o
    0x08030d44   0x08030d44   0x00000048   Code   RO        10827    i.Standard_SetConfiguration  usb_core.o
    0x08030d8c   0x08030d8c   0x00000028   Code   RO        10828    i.Standard_SetDeviceFeature  usb_core.o
    0x08030db4   0x08030db4   0x000000d0   Code   RO        10829    i.Standard_SetEndPointFeature  usb_core.o
    0x08030e84   0x08030e84   0x0000006c   Code   RO        10830    i.Standard_SetInterface  usb_core.o
    0x08030ef0   0x08030ef0   0x00000080   Code   RO         6412    i.Start_Hot         print_main.o
    0x08030f70   0x08030f70   0x0000008c   Code   RO         6413    i.Start_Motor       print_main.o
    0x08030ffc   0x08030ffc   0x000000b4   Code   RO         6414    i.Start_When_Ready  print_main.o
    0x080310b0   0x080310b0   0x00000020   Code   RO         6415    i.Stop_Motor        print_main.o
    0x080310d0   0x080310d0   0x000004e4   Code   RO         1934    i.StoreInBuffer     buffer.o
    0x080315b4   0x080315b4   0x00000100   Code   RO         5070    i.StorePbBuffer     pbbuffer.o
    0x080316b4   0x080316b4   0x00000260   Code   RO         4979    i.StorePbInvoice    pb.o
    0x08031914   0x08031914   0x0000008a   Code   RO         2685    i.StrToBCDValue     extmodules.o
    0x0803199e   0x0803199e   0x00000002   PAD
    0x080319a0   0x080319a0   0x00000080   Code   RO         2686    i.SubBCDValue12     extmodules.o
    0x08031a20   0x08031a20   0x00000184   Code   RO         2687    i.Subtract          extmodules.o
    0x08031ba4   0x08031ba4   0x000000b0   Code   RO        10099    i.Suspend           usb_pwr.o
    0x08031c54   0x08031c54   0x000000a0   Code   RO         3255    i.SuspendECR        firmkey.o
    0x08031cf4   0x08031cf4   0x000002d0   Code   RO         3360    i.SuspendReceipt    fixed.o
    0x08031fc4   0x08031fc4   0x000000c0   Code   RO         2003    i.SuspendScreen     chndisp.o
    0x08032084   0x08032084   0x0000005c   Code   RO         6416    i.Suspend_Motor     print_main.o
    0x080320e0   0x080320e0   0x00000088   Code   RO          941    i.SysTick_Handler   stm32f10x_it.o
    0x08032168   0x08032168   0x00000060   Code   RO         7079    i.SystemInit        system_stm32f10x.o
    0x080321c8   0x080321c8   0x00000030   Code   RO         6418    i.TESTPAPER         print_main.o
    0x080321f8   0x080321f8   0x000001b8   Code   RO         6419    i.TIM2_IRQHandler   print_main.o
    0x080323b0   0x080323b0   0x00000094   Code   RO         6420    i.TIM3_IRQHandler   print_main.o
    0x08032444   0x08032444   0x0000007c   Code   RO          287    i.TIM5_Init         interface.o
    0x080324c0   0x080324c0   0x00000060   Code   RO         1511    i.TIM6_IRQHandler   led_customer.o
    0x08032520   0x08032520   0x00000080   Code   RO          288    i.TIM6_Init         interface.o
    0x080325a0   0x080325a0   0x0000009c   Code   RO          613    i.TIM7_IRQHandler   keyboard.o
    0x0803263c   0x0803263c   0x00000078   Code   RO          289    i.TIM7_Init         interface.o
    0x080326b4   0x080326b4   0x00000018   Code   RO         9317    i.TIM_ARRPreloadConfig  stm32f10x_tim.o
    0x080326cc   0x080326cc   0x00000006   Code   RO         9323    i.TIM_ClearFlag     stm32f10x_tim.o
    0x080326d2   0x080326d2   0x00000006   Code   RO         9324    i.TIM_ClearITPendingBit  stm32f10x_tim.o
    0x080326d8   0x080326d8   0x00000018   Code   RO         9329    i.TIM_Cmd           stm32f10x_tim.o
    0x080326f0   0x080326f0   0x00000022   Code   RO         9350    i.TIM_GetITStatus   stm32f10x_tim.o
    0x08032712   0x08032712   0x00000012   Code   RO         9354    i.TIM_ITConfig      stm32f10x_tim.o
    0x08032724   0x08032724   0x00000098   Code   RO         9358    i.TIM_OC1Init       stm32f10x_tim.o
    0x080327bc   0x080327bc   0x00000014   Code   RO         9376    i.TIM_OCStructInit  stm32f10x_tim.o
    0x080327d0   0x080327d0   0x00000006   Code   RO         9378    i.TIM_PrescalerConfig  stm32f10x_tim.o
    0x080327d6   0x080327d6   0x00000012   Code   RO         9385    i.TIM_SelectOnePulseMode  stm32f10x_tim.o
    0x080327e8   0x080327e8   0x000000a4   Code   RO         9400    i.TIM_TimeBaseInit  stm32f10x_tim.o
    0x0803288c   0x0803288c   0x00000dd0   Code   RO         6270    i.Tender            tender.o
    0x0803365c   0x0803365c   0x00000058   Code   RO         4188    i.TestBEEP          hardtest.o
    0x080336b4   0x080336b4   0x000000b8   Code   RO         4664    i.TestChangePointMust  main.o
    0x0803376c   0x0803376c   0x00000034   Code   RO         2688    i.TestCom123        extmodules.o
    0x080337a0   0x080337a0   0x00000048   Code   RO         4189    i.TestCustomer      hardtest.o
    0x080337e8   0x080337e8   0x00000090   Code   RO         4190    i.TestDateTime      hardtest.o
    0x08033878   0x08033878   0x0000003c   Code   RO         4191    i.TestDisplay       hardtest.o
    0x080338b4   0x080338b4   0x00000006   Code   RO         2004    i.TestHZRight       chndisp.o
    0x080338ba   0x080338ba   0x00000002   PAD
    0x080338bc   0x080338bc   0x0000005c   Code   RO         4193    i.TestKeyboard      hardtest.o
    0x08033918   0x08033918   0x00000050   Code   RO          290    i.TestLMM           interface.o
    0x08033968   0x08033968   0x00000008   Code   RO         4194    i.TestOpenDrawer    hardtest.o
    0x08033970   0x08033970   0x0000004c   Code   RO         6421    i.TestPrintGoingOn  print_main.o
    0x080339bc   0x080339bc   0x000001d8   Code   RO         4195    i.TestPrinter       hardtest.o
    0x08033b94   0x08033b94   0x00000002   Code   RO         4196    i.TestPrnPower      hardtest.o
    0x08033b96   0x08033b96   0x00000006   Code   RO          291    i.TestRam           interface.o
    0x08033b9c   0x08033b9c   0x000002e4   Code   RO         4197    i.TestRomRam        hardtest.o
    0x08033e80   0x08033e80   0x0000009c   Code   RO         2690    i.TestRtc           extmodules.o
    0x08033f1c   0x08033f1c   0x00000110   Code   RO         3926    i.TestSendMess      gprs.o
    0x0803402c   0x0803402c   0x000000f0   Code   RO         4198    i.TestSerial123     hardtest.o
    0x0803411c   0x0803411c   0x00000358   Code   RO         2366    i.TransactionVoid   correc.o
    0x08034474   0x08034474   0x000000bc   Code   RO         1103    i.UARTGet           usart.o
    0x08034530   0x08034530   0x0000027c   Code   RO         1104    i.UARTInit          usart.o
    0x080347ac   0x080347ac   0x00000078   Code   RO         1105    i.UARTSend          usart.o
    0x08034824   0x08034824   0x00000018   Code   RO         1107    i.UART_GetChar      usart.o
    0x0803483c   0x0803483c   0x0000000e   Code   RO         1109    i.UART_PutChar      usart.o
    0x0803484a   0x0803484a   0x00000016   Code   RO         1110    i.UART_PutString    usart.o
    0x08034860   0x08034860   0x00000062   Code   RO         2691    i.ULong64toASC      extmodules.o
    0x080348c2   0x080348c2   0x00000044   Code   RO         2692    i.ULongToBCDValue   extmodules.o
    0x08034906   0x08034906   0x00000036   Code   RO         2693    i.ULongtoASC        extmodules.o
    0x0803493c   0x0803493c   0x00000050   Code   RO         2694    i.ULongtoASCL       extmodules.o
    0x0803498c   0x0803498c   0x000000d0   Code   RO          942    i.USART1_IRQHandler  stm32f10x_it.o
    0x08034a5c   0x08034a5c   0x000000f0   Code   RO          943    i.USART2_IRQHandler  stm32f10x_it.o
    0x08034b4c   0x08034b4c   0x000000f0   Code   RO          944    i.USART3_IRQHandler  stm32f10x_it.o
    0x08034c3c   0x08034c3c   0x00000018   Code   RO         9865    i.USART_Cmd         stm32f10x_usart.o
    0x08034c54   0x08034c54   0x0000001a   Code   RO         9868    i.USART_GetFlagStatus  stm32f10x_usart.o
    0x08034c6e   0x08034c6e   0x00000054   Code   RO         9869    i.USART_GetITStatus  stm32f10x_usart.o
    0x08034cc2   0x08034cc2   0x0000004a   Code   RO         9871    i.USART_ITConfig    stm32f10x_usart.o
    0x08034d0c   0x08034d0c   0x000000d8   Code   RO         9872    i.USART_Init        stm32f10x_usart.o
    0x08034de4   0x08034de4   0x00000016   Code   RO         9878    i.USART_OverSampling8Cmd  stm32f10x_usart.o
    0x08034dfa   0x08034dfa   0x0000000a   Code   RO         9879    i.USART_ReceiveData  stm32f10x_usart.o
    0x08034e04   0x08034e04   0x00000008   Code   RO         9882    i.USART_SendData    stm32f10x_usart.o
    0x08034e0c   0x08034e0c   0x00000028   Code   RO         1111    i.USART_printf      usart.o
    0x08034e34   0x08034e34   0x0000005c   Code   RO        10233    i.USBGet            usb_endp.o
    0x08034e90   0x08034e90   0x0000000c   Code   RO          945    i.USBWakeUp_IRQHandler  stm32f10x_it.o
    0x08034e9c   0x08034e9c   0x00000028   Code   RO         1807    i.USB_COMM_Ready    usb_app.o
    0x08034ec4   0x08034ec4   0x00000002   Code   RO        10146    i.USB_Cable_Config  hw_config.o
    0x08034ec6   0x08034ec6   0x00000002   PAD
    0x08034ec8   0x08034ec8   0x0000003c   Code   RO        10931    i.USB_Init          usb_init.o
    0x08034f04   0x08034f04   0x0000003c   Code   RO        10147    i.USB_Interrupts_Config  hw_config.o
    0x08034f40   0x08034f40   0x000001cc   Code   RO        10309    i.USB_Istr          usb_istr.o
    0x0803510c   0x0803510c   0x00000008   Code   RO          946    i.USB_LP_CAN1_RX0_IRQHandler  stm32f10x_it.o
    0x08035114   0x08035114   0x00000024   Code   RO        10788    i.USB_SIL_Init      usb_sil.o
    0x08035138   0x08035138   0x00000014   Code   RO         1809    i.USB_Start         usb_app.o
    0x0803514c   0x0803514c   0x000006f4   Code   RO         1787    i.UpdateBIOS        ecr_iap.o
    0x08035840   0x08035840   0x000002f8   Code   RO         5071    i.UpdatePbRecord    pbbuffer.o
    0x08035b38   0x08035b38   0x00000004   Code   RO          947    i.UsageFault_Handler  stm32f10x_it.o
    0x08035b3c   0x08035b3c   0x00000038   Code   RO        10985    i.UserToPMABufferCopy  usb_mem.o
    0x08035b74   0x08035b74   0x00000038   Code   RO         4783    i.VirtualInputStr   menu.o
    0x08035bac   0x08035bac   0x00000034   Code   RO         4784    i.VirtualInputWord  menu.o
    0x08035be0   0x08035be0   0x00000064   Code   RO        10327    i.Virtual_Com_Port_Data_Setup  usb_prop.o
    0x08035c44   0x08035c44   0x00000014   Code   RO        10328    i.Virtual_Com_Port_GetConfigDescriptor  usb_prop.o
    0x08035c58   0x08035c58   0x00000014   Code   RO        10329    i.Virtual_Com_Port_GetDeviceDescriptor  usb_prop.o
    0x08035c6c   0x08035c6c   0x0000001c   Code   RO        10330    i.Virtual_Com_Port_GetLineCoding  usb_prop.o
    0x08035c88   0x08035c88   0x00000028   Code   RO        10331    i.Virtual_Com_Port_GetStringDescriptor  usb_prop.o
    0x08035cb0   0x08035cb0   0x00000016   Code   RO        10332    i.Virtual_Com_Port_Get_Interface_Setting  usb_prop.o
    0x08035cc6   0x08035cc6   0x00000002   PAD
    0x08035cc8   0x08035cc8   0x00000028   Code   RO        10333    i.Virtual_Com_Port_NoData_Setup  usb_prop.o
    0x08035cf0   0x08035cf0   0x000000e8   Code   RO        10334    i.Virtual_Com_Port_Reset  usb_prop.o
    0x08035dd8   0x08035dd8   0x00000018   Code   RO        10335    i.Virtual_Com_Port_SetConfiguration  usb_prop.o
    0x08035df0   0x08035df0   0x0000000c   Code   RO        10336    i.Virtual_Com_Port_SetDeviceAddress  usb_prop.o
    0x08035dfc   0x08035dfc   0x0000001c   Code   RO        10337    i.Virtual_Com_Port_SetLineCoding  usb_prop.o
    0x08035e18   0x08035e18   0x00000014   Code   RO        10338    i.Virtual_Com_Port_Status_In  usb_prop.o
    0x08035e2c   0x08035e2c   0x00000002   Code   RO        10339    i.Virtual_Com_Port_Status_Out  usb_prop.o
    0x08035e2e   0x08035e2e   0x00000002   PAD
    0x08035e30   0x08035e30   0x00000028   Code   RO        10340    i.Virtual_Com_Port_init  usb_prop.o
    0x08035e58   0x08035e58   0x00000036   Code   RO         2695    i.WORDtoASC         extmodules.o
    0x08035e8e   0x08035e8e   0x00000068   Code   RO         2696    i.WORDtoASCL        extmodules.o
    0x08035ef6   0x08035ef6   0x0000002c   Code   RO         2697    i.WORDtoASCZero     extmodules.o
    0x08035f22   0x08035f22   0x0000006a   Code   RO         2698    i.WORDtoBCD         extmodules.o
    0x08035f8c   0x08035f8c   0x00000158   Code   RO         2699    i.WaitForYesNo      extmodules.o
    0x080360e4   0x080360e4   0x00000018   Code   RO         2700    i.WaitOnLine        extmodules.o
    0x080360fc   0x080360fc   0x00000078   Code   RO         6422    i.Wait_Paper        print_main.o
    0x08036174   0x08036174   0x0000002c   Code   RO         2701    i.WidthofWORD       extmodules.o
    0x080361a0   0x080361a0   0x00000040   Code   RO         2247    i.WriteClerk        clerk.o
    0x080361e0   0x080361e0   0x0000002c   Code   RO         2367    i.WriteCorrec       correc.o
    0x0803620c   0x0803620c   0x0000002c   Code   RO         2409    i.WriteCurr         currency.o
    0x08036238   0x08036238   0x00000088   Code   RO         2452    i.WriteDept         depart.o
    0x080362c0   0x080362c0   0x0000002c   Code   RO         2501    i.WriteDisc         discount.o
    0x080362ec   0x080362ec   0x0000002c   Code   RO         2549    i.WriteDrawer       drawer.o
    0x08036318   0x08036318   0x0000005c   Code   RO         4305    i.WriteECRVIPVar    iccard.o
    0x08036374   0x08036374   0x0000002c   Code   RO         4154    i.WriteGroup        group.o
    0x080363a0   0x080363a0   0x00000028   Code   RO         4372    i.WriteICBlock      iccardblock.o
    0x080363c8   0x080363c8   0x0000002c   Code   RO         4902    i.WriteModi         modifier.o
    0x080363f4   0x080363f4   0x000000a8   Code   RO         4933    i.WriteOFFPrice     offprice.o
    0x0803649c   0x0803649c   0x0000002c   Code   RO         4980    i.WritePbF          pb.o
    0x080364c8   0x080364c8   0x000000d0   Code   RO         5116    i.WritePlu          plu.o
    0x08036598   0x08036598   0x00000040   Code   RO         5117    i.WritePluInventory  plu.o
    0x080365d8   0x080365d8   0x000000f8   Code   RO         5118    i.WritePlu_At       plu.o
    0x080366d0   0x080366d0   0x0000002c   Code   RO         5209    i.WritePoRa         pora.o
    0x080366fc   0x080366fc   0x0000003c   Code   RO         5244    i.WritePort         port.o
    0x08036738   0x08036738   0x00000024   Code   RO          292    i.WriteRam          interface.o
    0x0803675c   0x0803675c   0x00000002   Code   RO         6168    i.WriteSalPer       salper.o
    0x0803675e   0x0803675e   0x00000002   PAD
    0x08036760   0x08036760   0x00000040   Code   RO         6215    i.WriteTax          tax.o
    0x080367a0   0x080367a0   0x0000002c   Code   RO         6271    i.WriteTender       tender.o
    0x080367cc   0x080367cc   0x000000d0   Code   RO         3447    i.WriteToLogRam     flowbill.o
    0x0803689c   0x0803689c   0x00000120   Code   RO         3764    i.WriteTotal        general.o
    0x080369bc   0x080369bc   0x00000028   Code   RO        11238    i.__0sprintf$8      mc_w.l(printf8.o)
    0x080369e4   0x080369e4   0x00000024   Code   RO        11268    i.__0vsprintf       mc_w.l(printfa.o)
    0x08036a08   0x08036a08   0x00000008   Code   RO        11315    i.__aeabi_errno_addr  mc_w.l(errno.o)
    0x08036a10   0x08036a10   0x0000000e   Code   RO        11377    i.__scatterload_copy  mc_w.l(handlers.o)
    0x08036a1e   0x08036a1e   0x00000002   Code   RO        11378    i.__scatterload_null  mc_w.l(handlers.o)
    0x08036a20   0x08036a20   0x0000000e   Code   RO        11379    i.__scatterload_zeroinit  mc_w.l(handlers.o)
    0x08036a2e   0x08036a2e   0x00000002   PAD
    0x08036a30   0x08036a30   0x00000164   Code   RO        11269    i._fp_digits        mc_w.l(printfa.o)
    0x08036b94   0x08036b94   0x00000410   Code   RO        11243    i._printf_core      mc_w.l(printf8.o)
    0x08036fa4   0x08036fa4   0x000006dc   Code   RO        11270    i._printf_core      mc_w.l(printfa.o)
    0x08037680   0x08037680   0x00000024   Code   RO        11244    i._printf_post_padding  mc_w.l(printf8.o)
    0x080376a4   0x080376a4   0x00000024   Code   RO        11271    i._printf_post_padding  mc_w.l(printfa.o)
    0x080376c8   0x080376c8   0x0000002e   Code   RO        11245    i._printf_pre_padding  mc_w.l(printf8.o)
    0x080376f6   0x080376f6   0x0000002e   Code   RO        11272    i._printf_pre_padding  mc_w.l(printfa.o)
    0x08037724   0x08037724   0x0000000a   Code   RO        11247    i._sputc            mc_w.l(printf8.o)
    0x0803772e   0x0803772e   0x0000000a   Code   RO        11274    i._sputc            mc_w.l(printfa.o)
    0x08037738   0x08037738   0x00000078   Code   RO           15    i.bFlashAutoSelect  flashb.o
    0x080377b0   0x080377b0   0x00000050   Code   RO           20    i.bFlashDataToggle  flashb.o
    0x08037800   0x08037800   0x000000c4   Code   RO           21    i.bFlashMBlockErase  flashb.o
    0x080378c4   0x080378c4   0x00000018   Code   RO           22    i.bFlashPause       flashb.o
    0x080378dc   0x080378dc   0x00000100   Code   RO           23    i.bFlashProgram     flashb.o
    0x080379dc   0x080379dc   0x0000000a   Code   RO           24    i.bFlashRead        flashb.o
    0x080379e6   0x080379e6   0x0000003c   Code   RO           25    i.bFlashReadBuffer  flashb.o
    0x08037a22   0x08037a22   0x00000012   Code   RO           26    i.bFlashReadReset   flashb.o
    0x08037a34   0x08037a34   0x00000008   Code   RO           27    i.bFlashWrite       flashb.o
    0x08037a3c   0x08037a3c   0x00000268   Code   RO          614    i.keydown           keyboard.o
    0x08037ca4   0x08037ca4   0x00000084   Code   RO          615    i.keyscan           keyboard.o
    0x08037d28   0x08037d28   0x0000005c   Code   RO         1597    i.mBalnkScreen      lcd_st7565r.o
    0x08037d84   0x08037d84   0x00000098   Code   RO         1598    i.mClearScreen      lcd_st7565r.o
    0x08037e1c   0x08037e1c   0x000000d4   Code   RO         1599    i.mDispCharXY       lcd_st7565r.o
    0x08037ef0   0x08037ef0   0x000000b0   Code   RO         1600    i.mDispCursor       lcd_st7565r.o
    0x08037fa0   0x08037fa0   0x0000003c   Code   RO         1601    i.mDispLogo         lcd_st7565r.o
    0x08037fdc   0x08037fdc   0x00000030   Code   RO         1602    i.mDispStringXY     lcd_st7565r.o
    0x0803800c   0x0803800c   0x0000013c   Code   RO         1604    i.mDrawABox         lcd_st7565r.o
    0x08038148   0x08038148   0x000000dc   Code   RO         1605    i.mDrawChar         lcd_st7565r.o
    0x08038224   0x08038224   0x000000d8   Code   RO         1606    i.mDrawGPRS         lcd_st7565r.o
    0x080382fc   0x080382fc   0x00000094   Code   RO         1607    i.mDrawGPRSSignal   lcd_st7565r.o
    0x08038390   0x08038390   0x00000108   Code   RO         1608    i.mDrawPower        lcd_st7565r.o
    0x08038498   0x08038498   0x00000040   Code   RO         1609    i.mEnCursor         lcd_st7565r.o
    0x080384d8   0x080384d8   0x0000006c   Code   RO         1610    i.mInitialLCD       lcd_st7565r.o
    0x08038544   0x08038544   0x00000020   Code   RO         1611    i.mLightLCDOff      lcd_st7565r.o
    0x08038564   0x08038564   0x00000020   Code   RO         1612    i.mLightLCDOn       lcd_st7565r.o
    0x08038584   0x08038584   0x00000054   Code   RO         1614    i.mRefreshLine      lcd_st7565r.o
    0x080385d8   0x080385d8   0x0000001a   Code   RO         1615    i.mSetContrast      lcd_st7565r.o
    0x080385f2   0x080385f2   0x00000002   PAD
    0x080385f4   0x080385f4   0x0000003c   Code   RO         1616    i.mSetState         lcd_st7565r.o
    0x08038630   0x08038630   0x00000134   Code   RO         4665    i.main              main.o
    0x08038764   0x08038764   0x0000007c   Code   RO         1437    i.mktimev           rtc.o
    0x080387e0   0x080387e0   0x00000018   Code   RO          293    i.msDelay           interface.o
    0x080387f8   0x080387f8   0x0000002c   Code   RO         6424    i.partial_cut       print_main.o
    0x08038824   0x08038824   0x00000030   Code   RO          764    i.pwrADCCtrl        pwr_ctrl.o
    0x08038854   0x08038854   0x0000008c   Code   RO          766    i.pwrGetStatus      pwr_ctrl.o
    0x080388e0   0x080388e0   0x00000074   Code   RO          767    i.pwrIO_Init        pwr_ctrl.o
    0x08038954   0x08038954   0x00000012   Code   RO          768    i.pwr_Init          pwr_ctrl.o
    0x08038966   0x08038966   0x00000054   Code   RO         1438    i.rtc_Config        rtc.o
    0x080389ba   0x080389ba   0x00000014   Code   RO         1439    i.rtc_gettime       rtc.o
    0x080389ce   0x080389ce   0x00000044   Code   RO         1440    i.rtc_init          rtc.o
    0x08038a12   0x08038a12   0x00000020   Code   RO         1441    i.rtc_settime       rtc.o
    0x08038a32   0x08038a32   0x00000002   PAD
    0x08038a34   0x08038a34   0x00000064   Code   RO         6426    i.sel_print_mode    print_main.o
    0x08038a98   0x08038a98   0x0000010c   Code   RO         6427    i.sel_raster_bit_image  print_main.o
    0x08038ba4   0x08038ba4   0x00000028   Code   RO         1620    i.st7565SetXY       lcd_st7565r.o
    0x08038bcc   0x08038bcc   0x0000005c   Code   RO         5419    i.strToBin          progopt.o
    0x08038c28   0x08038c28   0x00000060   Code   RO         5420    i.strTo_High4_Bin   progopt.o
    0x08038c88   0x08038c88   0x00000060   Code   RO         5421    i.strTo_Low4_Bin    progopt.o
    0x08038ce8   0x08038ce8   0x000000c8   Code   RO         1442    i.to_tm             rtc.o
    0x08038db0   0x08038db0   0x0000002c   Code   RO         6428    i.total_cut         print_main.o
    0x08038ddc   0x08038ddc   0x00000016   Code   RO         6429    i.turn_underline_mode  print_main.o
    0x08038df2   0x08038df2   0x00000002   PAD
    0x08038df4   0x08038df4   0x00000034   Code   RO         6430    i.tx_printer_status  print_main.o
    0x08038e28   0x08038e28   0x00000070   Code   RO         6431    i.tx_status         print_main.o
    0x08038e98   0x08038e98   0x00000048   Code   RO          294    i.usDelay           interface.o
    0x08038ee0   0x08038ee0   0x00000060   Code   RO           28    i.wFlashProgramAWord  flashb.o
    0x08038f40   0x08038f40   0x00000008   Code   RO           31    i.wFlashWrite       flashb.o
    0x08038f48   0x08038f48   0x00000de0   Data   RO            1    .constdata          asciifonts.o
    0x08039d28   0x08039d28   0x0000008c   Data   RO           32    .constdata          flashb.o
    0x08039db4   0x08039db4   0x00000030   Data   RO         1443    .constdata          rtc.o
    0x08039de4   0x08039de4   0x0000005b   Data   RO         1513    .constdata          led_customer.o
    0x08039e3f   0x08039e3f   0x00000408   Data   RO         1622    .constdata          lcd_st7565r.o
    0x0803a247   0x0803a247   0x00000001   PAD
    0x0803a248   0x0803a248   0x00001736   Data   RO         1971    .constdata          chinaapp.o
    0x0803b97e   0x0803b97e   0x000011d8   Data   RO         2229    .constdata          chnmess.o
    0x0803cb56   0x0803cb56   0x0000000a   Data   RO         2286    .constdata          computer.o
    0x0803cb60   0x0803cb60   0x0000031c   Data   RO         2703    .constdata          extmodules.o
    0x0803ce7c   0x0803ce7c   0x00000038   Data   RO         3256    .constdata          firmkey.o
    0x0803ceb4   0x0803ceb4   0x000000ae   Data   RO         3449    .constdata          flowbill.o
    0x0803cf62   0x0803cf62   0x000000c5   Data   RO         3927    .constdata          gprs.o
    0x0803d027   0x0803d027   0x000000b4   Data   RO         4594    .constdata          kp.o
    0x0803d0db   0x0803d0db   0x00000001   PAD
    0x0803d0dc   0x0803d0dc   0x00000034   Data   RO         4746    .constdata          memory.o
    0x0803d110   0x0803d110   0x00000456   Data   RO         4786    .constdata          menu.o
    0x0803d566   0x0803d566   0x000000f8   Data   RO         5291    .constdata          print.o
    0x0803d65e   0x0803d65e   0x00000007   Data   RO         5422    .constdata          progopt.o
    0x0803d665   0x0803d665   0x00000008   Data   RO         5543    .constdata          program.o
    0x0803d66d   0x0803d66d   0x0000002c   Data   RO         5879    .constdata          report2.o
    0x0803d699   0x0803d699   0x00000003   PAD
    0x0803d69c   0x0803d69c   0x00000c18   Data   RO         6342    .constdata          print_def.o
    0x0803e2b4   0x0803e2b4   0x00002a50   Data   RO         6433    .constdata          print_main.o
    0x08040d04   0x08040d04   0x00000c19   Data   RO         6839    .constdata          photo_abbigl.o
    0x0804191d   0x0804191d   0x00000003   PAD
    0x08041920   0x08041920   0x00000675   Data   RO         6848    .constdata          photo_appetito.o
    0x08041f95   0x08041f95   0x00000003   PAD
    0x08041f98   0x08041f98   0x000007f5   Data   RO         6866    .constdata          photo_caffe.o
    0x0804278d   0x0804278d   0x00000003   PAD
    0x08042790   0x08042790   0x00000bce   Data   RO         6875    .constdata          photo_carneval.o
    0x0804335e   0x0804335e   0x00000002   PAD
    0x08043360   0x08043360   0x000007f5   Data   RO         6884    .constdata          photo_cornetto.o
    0x08043b55   0x08043b55   0x00000003   PAD
    0x08043b58   0x08043b58   0x000009ee   Data   RO         6893    .constdata          photo_cucina.o
    0x08044546   0x08044546   0x00000002   PAD
    0x08044548   0x08044548   0x00000675   Data   RO         6902    .constdata          photo_donna.o
    0x08044bbd   0x08044bbd   0x00000003   PAD
    0x08044bc0   0x08044bc0   0x00000c75   Data   RO         6911    .constdata          photo_eutron.o
    0x08045835   0x08045835   0x00000003   PAD
    0x08045838   0x08045838   0x00000675   Data   RO         6920    .constdata          photo_fiori.o
    0x08045ead   0x08045ead   0x00000003   PAD
    0x08045eb0   0x08045eb0   0x0000062e   Data   RO         6929    .constdata          photo_gelato.o
    0x080464de   0x080464de   0x00000002   PAD
    0x080464e0   0x080464e0   0x00000bce   Data   RO         6938    .constdata          photo_jolly.o
    0x080470ae   0x080470ae   0x00000002   PAD
    0x080470b0   0x080470b0   0x00000bce   Data   RO         6959    .constdata          photo_mamma.o
    0x08047c7e   0x08047c7e   0x00000002   PAD
    0x08047c80   0x08047c80   0x000009ee   Data   RO         6968    .constdata          photo_natale.o
    0x0804866e   0x0804866e   0x00000002   PAD
    0x08048670   0x08048670   0x00000149   Data   RO         6977    .constdata          photo_panama.o
    0x080487b9   0x080487b9   0x00000003   PAD
    0x080487bc   0x080487bc   0x00000975   Data   RO         6986    .constdata          photo_pane.o
    0x08049131   0x08049131   0x00000003   PAD
    0x08049134   0x08049134   0x00000675   Data   RO         6995    .constdata          photo_papa.o
    0x080497a9   0x080497a9   0x00000003   PAD
    0x080497ac   0x080497ac   0x00000be7   Data   RO         7004    .constdata          photo_pasqua.o
    0x0804a393   0x0804a393   0x00000001   PAD
    0x0804a394   0x0804a394   0x00000975   Data   RO         7013    .constdata          photo_pesce.o
    0x0804ad09   0x0804ad09   0x00000003   PAD
    0x0804ad0c   0x0804ad0c   0x000009ee   Data   RO         7022    .constdata          photo_risparmi.o
    0x0804b6fa   0x0804b6fa   0x00000002   PAD
    0x0804b6fc   0x0804b6fc   0x00000975   Data   RO         7031    .constdata          photo_salumi.o
    0x0804c071   0x0804c071   0x00000003   PAD
    0x0804c074   0x0804c074   0x00000675   Data   RO         7040    .constdata          photo_selfdef.o
    0x0804c6e9   0x0804c6e9   0x00000003   PAD
    0x0804c6ec   0x0804c6ec   0x00000675   Data   RO         7049    .constdata          photo_sport.o
    0x0804cd61   0x0804cd61   0x00000003   PAD
    0x0804cd64   0x0804cd64   0x000009ee   Data   RO         7058    .constdata          photo_vacanze.o
    0x0804d752   0x0804d752   0x00000002   PAD
    0x0804d754   0x0804d754   0x00000975   Data   RO         7067    .constdata          photo_valentin.o
    0x0804e0c9   0x0804e0c9   0x000000b1   Data   RO        10211    .constdata          usb_desc.o
    0x0804e17a   0x0804e17a   0x00000081   Data   RO        11341    .constdata          mc_w.l(ctype_o.o)
    0x0804e1fb   0x0804e1fb   0x00000001   PAD
    0x0804e1fc   0x0804e1fc   0x00000004   Data   RO        11342    .constdata          mc_w.l(ctype_o.o)
    0x0804e200   0x0804e200   0x00000281   Data   RO         1972    .conststring        chinaapp.o
    0x0804e481   0x0804e481   0x00000003   PAD
    0x0804e484   0x0804e484   0x00001bb8   Data   RO         2230    .conststring        chnmess.o
    0x0805003c   0x0805003c   0x000001f5   Data   RO         2704    .conststring        extmodules.o
    0x08050231   0x08050231   0x00000003   PAD
    0x08050234   0x08050234   0x00000020   Data   RO        11375    Region$$Table       anon$$obj.o


    Execution Region RW_IRAM1 (Exec base: 0x20000000, Load base: 0x08050254, Size: 0x0000e198, Max: 0x00010000, ABSOLUTE, COMPRESSED[0x00000294])

    Exec Addr    Load Addr    Size         Type   Attr      Idx    E Section Name        Object

    0x20000000   COMPRESSED   0x00000014   Data   RW          295    .data               interface.o
    0x20000014   COMPRESSED   0x0000005e   Data   RW          617    .data               keyboard.o
    0x20000072   COMPRESSED   0x00000002   PAD
    0x20000074   COMPRESSED   0x0000000c   Data   RW          696    .data               monitor.o
    0x20000080   COMPRESSED   0x0000005c   Data   RW          769    .data               pwr_ctrl.o
    0x200000dc   COMPRESSED   0x00000012   Data   RW          948    .data               stm32f10x_it.o
    0x200000ee   COMPRESSED   0x00000002   PAD
    0x200000f0   COMPRESSED   0x0000000b   Data   RW         1113    .data               usart.o
    0x200000fb   COMPRESSED   0x00000001   PAD
    0x200000fc   COMPRESSED   0x0000001c   Data   RW         1230    .data               sdio_sd.o
    0x20000118   COMPRESSED   0x00000030   Data   RW         1444    .data               rtc.o
    0x20000148   COMPRESSED   0x00000010   Data   RW         1514    .data               led_customer.o
    0x20000158   COMPRESSED   0x00000007   Data   RW         1623    .data               lcd_st7565r.o
    0x2000015f   COMPRESSED   0x00000001   PAD
    0x20000160   COMPRESSED   0x00000008   Data   RW         1811    .data               usb_app.o
    0x20000168   COMPRESSED   0x00000007   Data   RW         1880    .data               balance.o
    0x2000016f   COMPRESSED   0x00000001   PAD
    0x20000170   COMPRESSED   0x00000004   Data   RW         1906    .data               barcode.o
    0x20000174   COMPRESSED   0x00000058   Data   RW         1973    .data               chinaapp.o
    0x200001cc   COMPRESSED   0x00000003   Data   RW         2006    .data               chndisp.o
    0x200001cf   COMPRESSED   0x00000001   PAD
    0x200001d0   COMPRESSED   0x00000009   Data   RW         2156    .data               chninput.o
    0x200001d9   COMPRESSED   0x00000003   PAD
    0x200001dc   COMPRESSED   0x00000008   Data   RW         2287    .data               computer.o
    0x200001e4   COMPRESSED   0x00000001   Data   RW         2453    .data               depart.o
    0x200001e5   COMPRESSED   0x00000003   PAD
    0x200001e8   COMPRESSED   0x0000006c   Data   RW         2705    .data               extmodules.o
    0x20000254   COMPRESSED   0x00000004   Data   RW         3257    .data               firmkey.o
    0x20000258   COMPRESSED   0x00000004   Data   RW         3361    .data               fixed.o
    0x2000025c   COMPRESSED   0x00000004   Data   RW         3450    .data               flowbill.o
    0x20000260   COMPRESSED   0x00000001   Data   RW         3765    .data               general.o
    0x20000261   COMPRESSED   0x00000003   PAD
    0x20000264   COMPRESSED   0x00000020   Data   RW         3928    .data               gprs.o
    0x20000284   COMPRESSED   0x00000002   Data   RW         4437    .data               initappl.o
    0x20000286   COMPRESSED   0x00000002   PAD
    0x20000288   COMPRESSED   0x0000002c   Data   RW         4747    .data               memory.o
    0x200002b4   COMPRESSED   0x0000000c   Data   RW         4787    .data               menu.o
    0x200002c0   COMPRESSED   0x00000008   Data   RW         5544    .data               program.o
    0x200002c8   COMPRESSED   0x00000009   Data   RW         6306    .data               timer.o
    0x200002d1   COMPRESSED   0x00000003   PAD
    0x200002d4   COMPRESSED   0x00000110   Data   RW         6343    .data               print_def.o
    0x200003e4   COMPRESSED   0x00000001   Data   RW         6434    .data               print_main.o
    0x200003e5   COMPRESSED   0x00000003   PAD
    0x200003e8   COMPRESSED   0x00000014   Data   RW         7080    .data               system_stm32f10x.o
    0x200003fc   COMPRESSED   0x00000014   Data   RW         8725    .data               stm32f10x_rcc.o
    0x20000410   COMPRESSED   0x0000000c   Data   RW        10101    .data               usb_pwr.o
    0x2000041c   COMPRESSED   0x00000010   Data   RW        10149    .data               hw_config.o
    0x2000042c   COMPRESSED   0x0000001a   Data   RW        10212    .data               usb_desc.o
    0x20000446   COMPRESSED   0x00000002   PAD
    0x20000448   COMPRESSED   0x00000004   Data   RW        10236    .data               usb_endp.o
    0x2000044c   COMPRESSED   0x00000044   Data   RW        10310    .data               usb_istr.o
    0x20000490   COMPRESSED   0x00000094   Data   RW        10341    .data               usb_prop.o
    0x20000524   COMPRESSED   0x00000003   Data   RW        10831    .data               usb_core.o
    0x20000527   COMPRESSED   0x00000001   PAD
    0x20000528   COMPRESSED   0x00000014   Data   RW        10933    .data               usb_init.o
    0x2000053c   COMPRESSED   0x00000004   Data   RW        10956    .data               usb_int.o
    0x20000540   COMPRESSED   0x00000004   Data   RW        11318    .data               mc_w.l(errno.o)
    0x20000544        -       0x0000000a   Zero   RW          616    .bss                keyboard.o
    0x2000054e   COMPRESSED   0x00000002   PAD
    0x20000550        -       0x00001958   Zero   RW         1112    .bss                usart.o
    0x20001ea8        -       0x000000cc   Zero   RW         1229    .bss                sdio_sd.o
    0x20001f74        -       0x0000000a   Zero   RW         1512    .bss                led_customer.o
    0x20001f7e        -       0x00000400   Zero   RW         1621    .bss                lcd_st7565r.o
    0x2000237e        -       0x0000001e   Zero   RW         1879    .bss                balance.o
    0x2000239c        -       0x000000fe   Zero   RW         1905    .bss                barcode.o
    0x2000249a        -       0x000000b8   Zero   RW         2005    .bss                chndisp.o
    0x20002552        -       0x00000015   Zero   RW         2155    .bss                chninput.o
    0x20002567        -       0x00000400   Zero   RW         2285    .bss                computer.o
    0x20002967        -       0x00000022   Zero   RW         2702    .bss                extmodules.o
    0x20002989        -       0x00000021   Zero   RW         3448    .bss                flowbill.o
    0x200029aa   COMPRESSED   0x00000002   PAD
    0x200029ac        -       0x00005c8a   Zero   RW         4745    .bss                memory.o
    0x20008636        -       0x0000004b   Zero   RW         4785    .bss                menu.o
    0x20008681        -       0x0000003d   Zero   RW         5542    .bss                program.o
    0x200086be   COMPRESSED   0x00000002   PAD
    0x200086c0        -       0x0000222c   Zero   RW         6341    .bss                print_def.o
    0x2000a8ec        -       0x00000020   Zero   RW        10100    .bss                usb_pwr.o
    0x2000a90c        -       0x00000040   Zero   RW        10148    .bss                hw_config.o
    0x2000a94c        -       0x00000830   Zero   RW        10235    .bss                usb_endp.o
    0x2000b17c        -       0x0000001c   Zero   RW        10932    .bss                usb_init.o
    0x2000b198        -       0x00003000   Zero   RW         7121    STACK               startup_stm32f10x_hd.o



  Load Region LR$$.ARM.__AT_0x60004000 (Base: 0x60004000, Size: 0x00000000, Max: 0x00002000, ABSOLUTE)

    Execution Region ER$$.ARM.__AT_0x60004000 (Exec base: 0x60004000, Load base: 0x60004000, Size: 0x00002000, Max: 0x00002000, ABSOLUTE, UNINIT)

    Exec Addr    Load Addr    Size         Type   Attr      Idx    E Section Name        Object

    0x60004000        -       0x00002000   Zero   RW         4741    .ARM.__AT_0x60004000  memory.o



  Load Region LR$$.ARM.__AT_0x60006000 (Base: 0x60006000, Size: 0x00000000, Max: 0x00002000, ABSOLUTE)

    Execution Region ER$$.ARM.__AT_0x60006000 (Exec base: 0x60006000, Load base: 0x60006000, Size: 0x00002000, Max: 0x00002000, ABSOLUTE, UNINIT)

    Exec Addr    Load Addr    Size         Type   Attr      Idx    E Section Name        Object

    0x60006000        -       0x00002000   Zero   RW         4742    .ARM.__AT_0x60006000  memory.o



  Load Region LR$$.ARM.__AT_0x60008000 (Base: 0x60008000, Size: 0x00000000, Max: 0x00008000, ABSOLUTE)

    Execution Region ER$$.ARM.__AT_0x60008000 (Exec base: 0x60008000, Load base: 0x60008000, Size: 0x00008000, Max: 0x00008000, ABSOLUTE, UNINIT)

    Exec Addr    Load Addr    Size         Type   Attr      Idx    E Section Name        Object

    0x60008000        -       0x00008000   Zero   RW         4743    .ARM.__AT_0x60008000  memory.o



  Load Region LR$$.ARM.__AT_0x64000000 (Base: 0x64000000, Size: 0x00000000, Max: 0x00002ff8, ABSOLUTE)

    Execution Region ER$$.ARM.__AT_0x64000000 (Exec base: 0x64000000, Load base: 0x64000000, Size: 0x00002ff8, Max: 0x00002ff8, ABSOLUTE, UNINIT)

    Exec Addr    Load Addr    Size         Type   Attr      Idx    E Section Name        Object

    0x64000000        -       0x00002ff5   Zero   RW         4744    .ARM.__AT_0x64000000  memory.o



  Load Region LR$$.ARM.__AT_0x6403F000 (Base: 0x6403f000, Size: 0x00000000, Max: 0x0000008c, ABSOLUTE)

    Execution Region ER$$.ARM.__AT_0x6403F000 (Exec base: 0x6403f000, Load base: 0x6403f000, Size: 0x0000008c, Max: 0x0000008c, ABSOLUTE, UNINIT)

    Exec Addr    Load Addr    Size         Type   Attr      Idx    E Section Name        Object

    0x6403f000        -       0x0000008a   Zero   RW         6432    .ARM.__AT_0x6403F000  print_main.o


==============================================================================

Image component sizes


      Code (inc. data)   RO Data    RW Data    ZI Data      Debug   Object Name

         0          0       3552          0          0       5085   asciifonts.o
       836         54          0          7         30       2372   balance.o
      1072         62          0          4        254       2234   barcode.o
      6760        270          0          0          0       7262   buffer.o
         0          0       6583         88          0       1448   chinaapp.o
      1816        106          0          3        184      12935   chndisp.o
      3580        182          0          9         21       7096   chninput.o
         0          0      11664          0          0       5147   chnmess.o
       692         62          0          0          0       2164   clerk.o
      8334        410         10          8       1024      12788   computer.o
         0          0          0          0          0         32   core_cm3.o
      1968        100          0          0          0       3677   correc.o
       600         66          0          0          0       3215   currency.o
      4624        210          0          1          0       5487   depart.o
      4480        200          0          0          0       5112   discount.o
       732         86          0          0          0       3286   drawer.o
      1780         40          0          0          0      17128   ecr_iap.o
     13800        860       1297        108         34      60354   extmodules.o
      9376        856         56          4          0      12280   firmkey.o
       244         26          0          0          0       1114   fiscal.o
      4592        282          0          4          0       6432   fixed.o
       876         16        140          0          0     312685   flashb.o
     11762        892        174          4         33      61648   flowbill.o
       704         38          0          0          0       5017   format.o
       442         18          0          0          0       3399   fsmc_sram.o
      6112        354          0          1          0      13505   general.o
     10178        774        197         32          0      29672   gprs.o
       304         36          0          0          0       1782   group.o
      5618        618          0          0          0      11448   hardtest.o
       386         36          0         16         64       6999   hw_config.o
      2950        278          0          0          0       7009   iccard.o
       116         30          0          0          0       1754   iccardblock.o
      6068        664          0          2          0      16776   initappl.o
      2434        252          0         20          0      84275   interface.o
      1288        142          0         94         10       6719   keyboard.o
      2704        182        180          0          0       7530   kp.o
      2612        226       1032          7       1024      15332   lcd_st7565r.o
       950        104         91         16         10       8532   led_customer.o
      3804        254          0          0          0       7850   main.o
      1288         30         52         44      85119       3450   memory.o
      4706        290       1110         12         75      14474   menu.o
       132         22          0          0          0       1675   misc.o
       516         66          0          0          0       1893   modifier.o
        68         22          0         12          0       1851   monitor.o
       368         28          0          0          0       1419   offprice.o
      9656        418          0          0          0      12332   pb.o
      3724        148          0          0          0       5452   pbbuffer.o
         0          0       3097          0          0        590   photo_abbigl.o
         0          0       1653          0          0        606   photo_appetito.o
         0          0       2037          0          0        588   photo_caffe.o
         0          0       3022          0          0        606   photo_carneval.o
         0          0       2037          0          0        606   photo_cornetto.o
         0          0       2542          0          0        590   photo_cucina.o
         0          0       1653          0          0        588   photo_donna.o
         0          0       3189          0          0        590   photo_eutron.o
         0          0       1653          0          0        588   photo_fiori.o
         0          0       1582          0          0        590   photo_gelato.o
         0          0       3022          0          0        588   photo_jolly.o
         0          0       3022          0          0        588   photo_mamma.o
         0          0       2542          0          0        590   photo_natale.o
         0          0        329          0          0        590   photo_panama.o
         0          0       2421          0          0        578   photo_pane.o
         0          0       1653          0          0        578   photo_papa.o
         0          0       3047          0          0        590   photo_pasqua.o
         0          0       2421          0          0        588   photo_pesce.o
         0          0       2542          0          0        606   photo_risparmi.o
         0          0       2421          0          0        590   photo_salumi.o
         0          0       1653          0          0        600   photo_selfdef.o
         0          0       1653          0          0        588   photo_sport.o
         0          0       2542          0          0        600   photo_vacanze.o
         0          0       2421          0          0        606   photo_valentin.o
         0          0          0          0          0       1624   photo_vuoto.o
      5372        304          0          0          0      10478   plu.o
      1380         84          0          0          0       2798   pora.o
       200         38          0          0          0       1389   port.o
      7414        282        248          0          0      15560   print.o
         0          0       3096        272       8748      10516   print_def.o
      9278       1072      10832          1        138      47894   print_main.o
       448         46          0          0          0        754   progdump.o
      3140        316          7          0          0       7678   progopt.o
     18044       1864          8          8         61      37619   program.o
       518         46          0         92          0       3391   pwr_ctrl.o
      8474        616          0          0          0      22789   report.o
      2452        226         44          0          0       6111   report2.o
       636         20         48         48          0       4423   rtc.o
         6          0          0          0          0       1194   salper.o
      3880        216          0         28        204      21161   sdio_sd.o
       156          4          0          0          0        931   search.o
        36          8        304          0      12288        812   startup_stm32f10x_hd.o
       330         10          0          0          0       5416   stm32f10x_adc.o
        56         10          0          0          0       2335   stm32f10x_bkp.o
       416          8          0          0          0       3598   stm32f10x_dma.o
       200         18          0          0          0       2280   stm32f10x_exti.o
       282          6          0          0          0       1957   stm32f10x_fsmc.o
       490         10          0          0          0       4131   stm32f10x_gpio.o
       980         80          0         18          0      12120   stm32f10x_it.o
        12          6          0          0          0        550   stm32f10x_pwr.o
       504         76          0         20          0       9175   stm32f10x_rcc.o
       232         42          0          0          0       4470   stm32f10x_rtc.o
       344         80          0          0          0       9733   stm32f10x_sdio.o
       106          0          0          0          0       3492   stm32f10x_spi.o
       472         62          0          0          0       7493   stm32f10x_tim.o
       464          6          0          0          0       7022   stm32f10x_usart.o
       328         28          0         20          0       2241   system_stm32f10x.o
      2086        112          0          0          0       5740   tax.o
      3752        210          0          0          0       4027   tender.o
      1984         72          0          9          0       2661   timer.o
      1344         76          0         11       6488       8214   usart.o
        60          8          0          8          0       2237   usb_app.o
      3058        288          0          3          0      14983   usb_core.o
         0          0        177         26          0       1127   usb_desc.o
       308         44          0          4       2096       6683   usb_endp.o
        60         24          0         20         28       4214   usb_init.o
       648         32          0          4          0       1820   usb_int.o
       460         38          0         68          0       1671   usb_istr.o
        96         10          0          0          0       1872   usb_mem.o
       628        102          0        148          0      11657   usb_prop.o
       484         54          0         12         32       3756   usb_pwr.o
       712        100          0          0          0      10223   usb_regs.o
        36          8          0          0          0        515   usb_sil.o

    ----------------------------------------------------------------------
    227516      16572      95158       1344     117976    1189883   Object Totals
         0          0         32          0          0          0   (incl. Generated)
        98          0         70         28         11          0   (incl. Padding)

    ----------------------------------------------------------------------

      Code (inc. data)   RO Data    RW Data    ZI Data      Debug   Library Member Name

        86          0          0          0          0          0   __dczerorl2.o
        28          0          0          0          0         68   _chval.o
       158          0          0          0          0         92   _strtoul.o
        26          0          0          0          0         80   atoi.o
         8          4        133          0          0         68   ctype_o.o
         0          0          0          0          0          0   entry.o
         0          0          0          0          0          0   entry10a.o
         0          0          0          0          0          0   entry11a.o
         8          4          0          0          0          0   entry2.o
         4          0          0          0          0          0   entry5.o
         0          0          0          0          0          0   entry7b.o
         0          0          0          0          0          0   entry8b.o
         8          4          0          0          0          0   entry9a.o
         8          4          0          4          0         68   errno.o
        30          0          0          0          0          0   handlers.o
        36          8          0          0          0         68   init.o
         0          0          0          0          0          0   iusefp.o
        30          0          0          0          0         68   llshl.o
        36          0          0          0          0         68   llsshr.o
        32          0          0          0          0         68   llushr.o
        26          0          0          0          0         80   memcmp.o
        36          0          0          0          0         68   memcpya.o
        36          0          0          0          0        108   memseta.o
      1172         50          0          0          0        420   printf8.o
      2240         86          0          0          0        508   printfa.o
        20          0          0          0          0         68   strchr.o
        28          0          0          0          0         76   strcmp.o
        18          0          0          0          0         68   strcpy.o
        14          0          0          0          0         68   strlen.o
        30          0          0          0          0         80   strncmp.o
        24          0          0          0          0         76   strncpy.o
       112          0          0          0          0         88   strtol.o
        44          0          0          0          0         80   uidiv.o
        98          0          0          0          0         92   uldiv.o
        48          0          0          0          0         68   cdrcmple.o
       334          0          0          0          0        148   dadd.o
       222          0          0          0          0        100   ddiv.o
       186          0          0          0          0        176   depilogue.o
        48          0          0          0          0         68   dfixul.o
       228          0          0          0          0         96   dmul.o

    ----------------------------------------------------------------------
      5468        160        134          4          0       3184   Library Totals
         6          0          1          0          0          0   (incl. Padding)

    ----------------------------------------------------------------------

      Code (inc. data)   RO Data    RW Data    ZI Data      Debug   Library Name

      4396        160        133          4          0       2528   mc_w.l
      1066          0          0          0          0        656   mf_w.l

    ----------------------------------------------------------------------
      5468        160        134          4          0       3184   Library Totals

    ----------------------------------------------------------------------

==============================================================================


      Code (inc. data)   RO Data    RW Data    ZI Data      Debug   

    232984      16732      95292       1348     117976    1140831   Grand Totals
    232984      16732      95292        660     117976    1140831   ELF Image Totals (compressed)
    232984      16732      95292        660          0          0   ROM Totals

==============================================================================

    Total RO  Size (Code + RO Data)               328276 ( 320.58kB)
    Total RW  Size (RW Data + ZI Data)            119324 ( 116.53kB)
    Total ROM Size (Code + RO Data + RW Data)     328936 ( 321.23kB)

==============================================================================

