Component: ARM Compiler 5.06 update 1 (build 61) Tool: armlink [4d35a8]

==============================================================================

Section Cross References

    flashb.o(i.bFlashAutoSelect) refers to flashb.o(i.bFlashWrite) for bFlashWrite
    flashb.o(i.bFlashAutoSelect) refers to flashb.o(i.bFlashRead) for bFlashRead
    flashb.o(i.bFlashAutoSelect) refers to flashb.o(.constdata) for BlockOffset
    flashb.o(i.bFlashBlockErase) refers to flashb.o(i.bFlashAutoSelect) for bFlashAutoSelect
    flashb.o(i.bFlashBlockErase) refers to flashb.o(i.bFlashWrite) for bFlashWrite
    flashb.o(i.bFlashBlockErase) refers to flashb.o(i.bFlashRead) for bFlashRead
    flashb.o(i.bFlashBlockErase) refers to flashb.o(i.bFlashDataToggle) for bFlashDataToggle
    flashb.o(i.bFlashBlockErase) refers to flashb.o(i.bFlashReadReset) for bFlashReadReset
    flashb.o(i.bFlashBlockErase) refers to flashb.o(.constdata) for BlockOffset
    flashb.o(i.bFlashChipErase) refers to flashb.o(i.bFlashAutoSelect) for bFlashAutoSelect
    flashb.o(i.bFlashChipErase) refers to flashb.o(i.bFlashWrite) for bFlashWrite
    flashb.o(i.bFlashChipErase) refers to flashb.o(i.bFlashDataToggle) for bFlashDataToggle
    flashb.o(i.bFlashChipErase) refers to flashb.o(i.bFlashReadReset) for bFlashReadReset
    flashb.o(i.bFlashDataToggle) refers to flashb.o(i.bFlashRead) for bFlashRead
    flashb.o(i.bFlashMBlockErase) refers to flashb.o(i.bFlashAutoSelect) for bFlashAutoSelect
    flashb.o(i.bFlashMBlockErase) refers to flashb.o(i.bFlashWrite) for bFlashWrite
    flashb.o(i.bFlashMBlockErase) refers to flashb.o(i.bFlashRead) for bFlashRead
    flashb.o(i.bFlashMBlockErase) refers to flashb.o(i.bFlashDataToggle) for bFlashDataToggle
    flashb.o(i.bFlashMBlockErase) refers to flashb.o(i.bFlashReadReset) for bFlashReadReset
    flashb.o(i.bFlashMBlockErase) refers to flashb.o(.constdata) for BlockOffset
    flashb.o(i.bFlashProgram) refers to flashb.o(i.bFlashAutoSelect) for bFlashAutoSelect
    flashb.o(i.bFlashProgram) refers to flashb.o(i.wFlashProgramAWord) for wFlashProgramAWord
    flashb.o(i.bFlashProgram) refers to flashb.o(.constdata) for BlockOffset
    flashb.o(i.bFlashReadReset) refers to flashb.o(i.bFlashWrite) for bFlashWrite
    flashb.o(i.bFlashReadReset) refers to flashb.o(i.bFlashPause) for bFlashPause
    flashb.o(i.wFlashProgramAWord) refers to monitor.o(i.xprintf) for xprintf
    flashb.o(i.wFlashProgramAWord) refers to flashb.o(i.bFlashWrite) for bFlashWrite
    flashb.o(i.wFlashProgramAWord) refers to flashb.o(i.wFlashWrite) for wFlashWrite
    flashb.o(i.wFlashProgramAWord) refers to flashb.o(i.bFlashDataToggle) for bFlashDataToggle
    flashb.o(i.wFlashProgramAWord) refers to flashb.o(i.bFlashReadReset) for bFlashReadReset
    fsmc_sram.o(i.FSMC_IOInit) refers to stm32f10x_rcc.o(i.RCC_APB2PeriphClockCmd) for RCC_APB2PeriphClockCmd
    fsmc_sram.o(i.FSMC_IOInit) refers to stm32f10x_gpio.o(i.GPIO_Init) for GPIO_Init
    fsmc_sram.o(i.FSMC_Init) refers to stm32f10x_rcc.o(i.RCC_AHBPeriphClockCmd) for RCC_AHBPeriphClockCmd
    fsmc_sram.o(i.FSMC_Init) refers to fsmc_sram.o(i.FSMC_IOInit) for FSMC_IOInit
    fsmc_sram.o(i.FSMC_Init) refers to stm32f10x_fsmc.o(i.FSMC_NORSRAMInit) for FSMC_NORSRAMInit
    fsmc_sram.o(i.FSMC_Init) refers to stm32f10x_fsmc.o(i.FSMC_NORSRAMCmd) for FSMC_NORSRAMCmd
    fsmc_sram.o(i.SRAM_ReadBuffer) refers to memcpya.o(.text) for __aeabi_memcpy
    fsmc_sram.o(i.SRAM_WriteBuffer) refers to memcpya.o(.text) for __aeabi_memcpy
    interface.o(i.Beep) refers to keyboard.o(.data) for beep_len
    interface.o(i.Bell) refers to interface.o(i.Beep) for Beep
    interface.o(i.Bios) refers to print_main.o(i.RSPrint) for RSPrint
    interface.o(i.Bios) refers to strlen.o(.text) for strlen
    interface.o(i.Bios) refers to usart.o(i.USART_printf) for USART_printf
    interface.o(i.Bios) refers to memory.o(.bss) for ApplVar
    interface.o(i.Bios_1) refers to print_main.o(i.Get_Printer_status) for Get_Printer_status
    interface.o(i.Bios_1) refers to print_main.o(i.RSPrint) for RSPrint
    interface.o(i.Bios_1) refers to led_customer.o(i.LED_On) for LED_On
    interface.o(i.Bios_1) refers to led_customer.o(i.PutsO_Saved) for PutsO_Saved
    interface.o(i.Bios_1) refers to led_customer.o(i.LED_Off) for LED_Off
    interface.o(i.Bios_1) refers to keyboard.o(i.EnableBeep) for EnableBeep
    interface.o(i.Bios_1) refers to interface.o(i.Beep) for Beep
    interface.o(i.Bios_1) refers to rtc.o(i.rtc_gettime) for rtc_gettime
    interface.o(i.Bios_1) refers to rtc.o(i.rtc_settime) for rtc_settime
    interface.o(i.Bios_1) refers to keyboard.o(i.CheckKeyboard) for CheckKeyboard
    interface.o(i.Bios_1) refers to usart.o(i.USART_printf) for USART_printf
    interface.o(i.Bios_1) refers to print_def.o(.data) for Printer_Status
    interface.o(i.Bios_1) refers to memory.o(.bss) for ApplVar
[...]
    0x0800f118   0x000000e6   Code   RO         8067    i.FSMC_NORSRAMInit  stm32f10x_fsmc.o
    0x0800f1fe   0x00000002   PAD
    0x0800f200   0x00000050   Code   RO         5186    i.FeedSlip          print.o
    0x0800f250   0x000001c8   Code   RO         1186    i.FindSCR           sdio_sd.o
    0x0800f418   0x00000224   Code   RO         2608    i.FisTestProc       extmodules.o
    0x0800f63c   0x00000bb0   Code   RO         3359    i.Fixed             fixed.o
    0x080101ec   0x000000ac   Code   RO         3925    i.FormPrtConfInf    hardtest.o
    0x08010298   0x00000058   Code   RO         3692    i.FormatAmt         format.o
    0x080102f0   0x00000064   Code   RO         3693    i.FormatAmtStr      format.o
    0x08010354   0x00000444   Code   RO         2609    i.FormatBCD         extmodules.o
    0x08010798   0x00000014   Code   RO         3694    i.FormatQty         format.o
    0x080107ac   0x00000064   Code   RO         3695    i.FormatQtyStr      format.o
    0x08010810   0x0000008c   Code   RO         3696    i.FormatStrQtyPriAmt  format.o
    0x0801089c   0x00000040   Code   RO         8177    i.GPIO_EXTILineConfig  stm32f10x_gpio.o
    0x080108dc   0x00000116   Code   RO         8180    i.GPIO_Init         stm32f10x_gpio.o
    0x080109f2   0x00000002   PAD
    0x080109f4   0x00000090   Code   RO         8182    i.GPIO_PinRemapConfig  stm32f10x_gpio.o
    0x08010a84   0x00000004   Code   RO         8188    i.GPIO_SetBits      stm32f10x_gpio.o
    0x08010a88   0x00000008   Code   RO         4687    i.GetActiveItemStr  menu.o
    0x08010a90   0x00000154   Code   RO         5397    i.GetBCDValue       program.o
    0x08010be4   0x00000070   Code   RO         5324    i.GetByte           progopt.o
    0x08010c54   0x00000034   Code   RO         5398    i.GetByteValue      program.o
    0x08010c88   0x00000088   Code   RO          281    i.GetCTS            interface.o
    0x08010d10   0x00000024   Code   RO         2207    i.GetClerkOffSet    clerk.o
    0x08010d34   0x00000020   Code   RO         2327    i.GetCorrecOffSet   correc.o
    0x08010d54   0x00000020   Code   RO         2373    i.GetCurrOffSet     currency.o
    0x08010d74   0x000000c8   Code   RO         2374    i.GetCurrency       currency.o
    0x08010e3c   0x000000ac   Code   RO         2610    i.GetDaysFrom1900   extmodules.o
    0x08010ee8   0x00000020   Code   RO         2414    i.GetDeptOffSet     depart.o
    0x08010f08   0x00000080   Code   RO         5325    i.GetDevicePort     progopt.o
    0x08010f88   0x00000020   Code   RO         2465    i.GetDiscOffSet     discount.o
    0x08010fa8   0x00000020   Code   RO         2513    i.GetDrawerOffSet   drawer.o
    0x08010fc8   0x00000020   Code   RO        10348    i.GetEPRxAddr       usb_regs.o
    0x08010fe8   0x00000024   Code   RO        10349    i.GetEPRxCount      usb_regs.o
    0x0801100c   0x00000020   Code   RO        10351    i.GetEPTxAddr       usb_regs.o
    0x0801102c   0x00000040   Code   RO         4577    i.GetEntry          main.o
    0x0801106c   0x00000020   Code   RO         3256    i.GetFirmkeyID      firmkey.o
    0x0801108c   0x00000020   Code   RO         3895    i.GetGroupOffSet    group.o
    0x080110ac   0x00000044   Code   RO         5326    i.GetHexBytes       progopt.o
    0x080110f0   0x0000001c   Code   RO         4287    i.GetICBlockOffSet  iccardblock.o
    0x0801110c   0x00000064   Code   RO         4688    i.GetInputByListItems  menu.o
    0x08011170   0x00000118   Code   RO         3257    i.GetInputForMenu   firmkey.o
    0x08011288   0x00000058   Code   RO         5018    i.GetLinkNumber     plu.o
    0x080112e0   0x00000020   Code   RO         4810    i.GetModiOffSet     modifier.o
    0x08011300   0x00000190   Code   RO         4811    i.GetModifier       modifier.o
    0x08011490   0x00000070   Code   RO         2116    i.GetNumric         chninput.o
    0x08011500   0x00000020   Code   RO         4840    i.GetOFFPriceOffSet  offprice.o
    0x08011520   0x00000890   Code   RO         5327    i.GetOpt            progopt.o
    0x08011db0   0x00000020   Code   RO         4879    i.GetPbFOffSet      pb.o
    0x08011dd0   0x00000174   Code   RO         4880    i.GetPbNumber       pb.o
    0x08011f44   0x0000002c   Code   RO         4881    i.GetPbtOffSet      pb.o
    0x08011f70   0x00000034   Code   RO         5019    i.GetPluNumber      plu.o
    0x08011fa4   0x00000020   Code   RO         5020    i.GetPluOffSet      plu.o
    0x08011fc4   0x000000ec   Code   RO         2415    i.GetPluPrint       depart.o
    0x080120b0   0x00000020   Code   RO         5117    i.GetPoRaOffSet     pora.o
    0x080120d0   0x00000084   Code   RO         5328    i.GetPortRate       progopt.o
    0x08012154   0x00000080   Code   RO         3341    i.GetReceiptNumber  fiscal.o
    0x080121d4   0x00000508   Code   RO         4657    i.GetRecordSize     memory.o
    0x080126dc   0x00000448   Code   RO         5845    i.GetReport         report.o
    0x08012b24   0x0000003c   Code   RO         1967    i.GetStrFr          chndisp.o
    0x08012b60   0x00000130   Code   RO         2612    i.GetStrFrKBD       extmodules.o
    0x08012c90   0x00000180   Code   RO         5401    i.GetString         program.o
    0x08012e10   0x000001c4   Code   RO         2117    i.GetStringCHN      chninput.o
    0x08012fd4   0x0000017c   Code   RO         5846    i.GetSystemReport   report.o
    0x08013150   0x000001f0   Code   RO         6286    i.GetTaskFromPool   print_main.o
    0x08013340   0x00000020   Code   RO         6117    i.GetTaxOffSet      tax.o
    0x08013360   0x00000020   Code   RO         6173    i.GetTenderOffSet   tender.o
    0x08013380   0x00000074   Code   RO         2613    i.GetTimeDate       extmodules.o
    0x080133f4   0x000000d0   Code   RO         6209    i.GetTimeZones      timer.o
    0x080134c4   0x00000070   Code   RO         4052    i.GetValue          iccard.o
    0x08013534   0x00000038   Code   RO         2614    i.GetWeekDay        extmodules.o
    0x0801356c   0x0000003c   Code   RO         3747    i.GetWordEntry      general.o
    0x080135a8   0x00000094   Code   RO         5402    i.GetWordValue      program.o
    0x0801363c   0x00000098   Code   RO         6287    i.Get_Printer_status  print_main.o
    0x080136d4   0x00000034   Code   RO        10042    i.Get_SerialNum     hw_config.o
    0x08013708   0x00000060   Code   RO          601    i.Getch             keyboard.o
    0x08013768   0x0000003c   Code   RO         1969    i.GotoXY            chndisp.o
    0x080137a4   0x0000006c   Code   RO         1425    i.GregorianDay      rtc.o
    0x08013810   0x0000004c   Code   RO         2615    i.HEXtoASC          extmodules.o
    0x0801385c   0x00000070   Code   RO         2616    i.HEXtoASCX0        extmodules.o
    0x080138cc   0x000000c0   Code   RO          282    i.HW_GPIOInit       interface.o
    0x0801398c   0x00000004   Code   RO          926    i.HardFault_Handler  stm32f10x_it.o
    0x08013990   0x000002c0   Code   RO         3926    i.HardTest          hardtest.o
    0x08013c50   0x00000194   Code   RO         4053    i.ICToMFR           iccard.o
    0x08013de4   0x00000070   Code   RO        10716    i.In0_Process       usb_core.o
    0x08013e54   0x00000012   Code   RO         4689    i.IncRecIndex       menu.o
    0x08013e66   0x00000002   Code   RO         4330    i.InitAgree         initappl.o
    0x08013e68   0x00000abc   Code   RO         4331    i.InitApplication   initappl.o
    0x08014924   0x00000068   Code   RO         4332    i.InitClerk         initappl.o
    0x0801498c   0x00000050   Code   RO         4333    i.InitCorrec        initappl.o
    0x080149dc   0x00000054   Code   RO         4334    i.InitCurr          initappl.o
    0x08014a30   0x00000104   Code   RO         4335    i.InitDept          initappl.o
    0x08014b34   0x00000054   Code   RO         4336    i.InitDisc          initappl.o
    0x08014b88   0x00000050   Code   RO         4337    i.InitDrawer        initappl.o
    0x08014bd8   0x00000024   Code   RO         4054    i.InitECRVIP        iccard.o
    0x08014bfc   0x0000002c   Code   RO         4338    i.InitGraph         initappl.o
    0x08014c28   0x0000007c   Code   RO         4339    i.InitGroup         initappl.o
    0x08014ca4   0x00000050   Code   RO         4340    i.InitKeyMacro      initappl.o
    0x08014cf4   0x0000006c   Code   RO         4341    i.InitModifier      initappl.o
    0x08014d60   0x00000044   Code   RO          678    i.InitMonitor       monitor.o
    0x08014da4   0x00000058   Code   RO         4342    i.InitOFFPrice      initappl.o
    0x08014dfc   0x00000108   Code   RO         4343    i.InitPbF           initappl.o
    0x08014f04   0x00000148   Code   RO         4344    i.InitPlu           initappl.o
    0x0801504c   0x00000050   Code   RO         4345    i.InitPoRa          initappl.o
    0x0801509c   0x0000004c   Code   RO         4346    i.InitPort          initappl.o
    0x080150e8   0x00000002   Code   RO         4347    i.InitSalPer        initappl.o
    0x080150ea   0x00000002   PAD
    0x080150ec   0x000000a0   Code   RO         5404    i.InitSysFlag       program.o
    0x0801518c   0x00000050   Code   RO         4348    i.InitTax           initappl.o
    0x080151dc   0x00000054   Code   RO         4349    i.InitTender        initappl.o
    0x08015230   0x0000005c   Code   RO         3440    i.Init_Flow         flowbill.o
    0x0801528c   0x0000011c   Code   RO         4055    i.Initial_CHIP      iccard.o
    0x080153a8   0x00000144   Code   RO         4350    i.Initial_DateTime  initappl.o
    0x080154ec   0x000000a0   Code   RO         2119    i.InputEXASCII      chninput.o
    0x0801558c   0x00000094   Code   RO         2618    i.InputWord         extmodules.o
    0x08015620   0x000000bc   Code   RO         2619    i.InputYesNo        extmodules.o
    0x080156dc   0x0000003e   Code   RO        10043    i.IntToUnicode      hw_config.o
    0x0801571a   0x00000002   PAD
    0x0801571c   0x0000008c   Code   RO         5329    i.InvertBit         progopt.o
    0x080157a8   0x000001c4   Code   RO         4506    i.IssueKp           kp.o
    0x0801596c   0x0000000c   Code   RO         2620    i.JFeed             extmodules.o
    0x08015978   0x000000b8   Code   RO         4578    i.KbHit             main.o
    0x08015a30   0x0000000c   Code   RO          602    i.KeyBoardDeInit    keyboard.o
    0x08015a3c   0x00000010   Code   RO          603    i.KeyBoardInit      keyboard.o
    0x08015a4c   0x00000324   Code   RO         4579    i.KeyInput          main.o
    0x08015d70   0x00000068   Code   RO         4507    i.KpEnd             kp.o
    0x08015dd8   0x0000018c   Code   RO         4508    i.KpHeader          kp.o
    0x08015f64   0x0000000e   Code   RO         1489    i.LED_Delay         led_customer.o
    0x08015f72   0x00000002   PAD
    0x08015f74   0x00000064   Code   RO         1490    i.LED_Init          led_customer.o
    0x08015fd8   0x00000024   Code   RO         1491    i.LED_Off           led_customer.o
    0x08015ffc   0x0000000c   Code   RO         1492    i.LED_On            led_customer.o
    0x08016008   0x00000064   Code   RO         1493    i.LED_Refresh       led_customer.o
    0x0801606c   0x00000040   Code   RO         1494    i.LED_SendBit       led_customer.o
    0x080160ac   0x00000070   Code   RO         1495    i.LED_SendData      led_customer.o
    0x0801611c   0x00000024   Code   RO        10044    i.Leave_LowPowerMode  hw_config.o
    0x08016140   0x000000b4   Code   RO         2621    i.LeftShiftBCD      extmodules.o
    0x080161f4   0x0000077c   Code   RO         2120    i.LineEditor        chninput.o
    0x08016970   0x0000001c   Code   RO         4288    i.ListICBlock       iccardblock.o
    0x0801698c   0x00000a04   Code   RO         4690    i.ListItems         menu.o
    0x08017390   0x00000330   Code   RO         3441    i.LoadReceipLog     flowbill.o
    0x080176c0   0x00000154   Code   RO         5021    i.LookPlu           plu.o
    0x08017814   0x0000029c   Code   RO         4056    i.MFRToIC           iccard.o
    0x08017ab0   0x000001f8   Code   RO         2622    i.MGFunctions       extmodules.o
    0x08017ca8   0x000000a0   Code   RO         5777    i.MakeTime          report2.o
    0x08017d48   0x00000004   Code   RO          927    i.MemManage_Handler  stm32f10x_it.o
    0x08017d4c   0x00000030   Code   RO         6289    i.Move_Motor        print_main.o
    0x08017d7c   0x00000288   Code   RO         2623    i.Multiply          extmodules.o
    0x08018004   0x00000002   Code   RO          928    i.NMI_Handler       stm32f10x_it.o
    0x08018006   0x00000002   Code   RO        10717    i.NOP_Process       usb_core.o
    0x08018008   0x00000070   Code   RO         7029    i.NVIC_Init         misc.o
    0x08018078   0x00000014   Code   RO         7030    i.NVIC_PriorityGroupConfig  misc.o
    0x0801808c   0x00000028   Code   RO         1188    i.NVIC_SDConfiguration  sdio_sd.o
    0x080180b4   0x0000026c   Code   RO         5405    i.NewProgSysFlag    program.o
    0x08018320   0x00000038   Code   RO         3360    i.NewReceipt        fixed.o
    0x08018358   0x00000338   Code   RO         6210    i.NewTimeDate       timer.o
    0x08018690   0x00000138   Code   RO        10718    i.NoData_Setup0     usb_core.o
    0x080187c8   0x00000014   Code   RO         2514    i.OpenDrawer        drawer.o
    0x080187dc   0x00000030   Code   RO         1970    i.OpenMess          chndisp.o
    0x0801880c   0x00000050   Code   RO        10719    i.Out0_Process      usb_core.o
    0x0801885c   0x00000038   Code   RO         4580    i.OutPrint          main.o
    0x08018894   0x0000004c   Code   RO         4581    i.OutPrintEx        main.o
    0x080188e0   0x00000028   Code   RO        10885    i.PMAToUserBufferCopy  usb_mem.o
    0x08018908   0x000000a4   Code   RO         6290    i.PRNDataPort_Init  print_main.o
    0x080189ac   0x00000002   Code   RO         6291    i.PRNFeedPort_Init  print_main.o
    0x080189ae   0x00000002   PAD
    0x080189b0   0x00000054   Code   RO         6292    i.PRNPePwPort_Init  print_main.o
    0x08018a04   0x000000e0   Code   RO         6293    i.PRNTIMER_Init     print_main.o
    0x08018ae4   0x00000074   Code   RO         6294    i.PRNTempPort_Init  print_main.o
    0x08018b58   0x0000000c   Code   RO         8534    i.PWR_BackupAccessCmd  stm32f10x_pwr.o
    0x08018b64   0x00000384   Code   RO         5118    i.PaidOutRa         pora.o
    0x08018ee8   0x0000011c   Code   RO         4057    i.PayByChipCard     iccard.o
    0x08019004   0x000002c8   Code   RO         4978    i.PbBuffer          pbbuffer.o
    0x080192cc   0x0000140c   Code   RO         4882    i.PbFunction        pb.o
    0x0801a6d8   0x00000424   Code   RO         4883    i.PbPrint           pb.o
    0x0801aafc   0x000002e8   Code   RO         4884    i.PbTender          pb.o
    0x0801ade4   0x00000268   Code   RO         4885    i.PbTotal           pb.o
    0x0801b04c   0x00000002   Code   RO          929    i.PendSV_Handler    stm32f10x_it.o
    0x0801b04e   0x00000022   Code   RO         5847    i.PeriodSkip        report.o
    0x0801b070   0x000000f0   Code   RO         5848    i.Plu_XReport       report.o
    0x0801b160   0x00000160   Code   RO         4058    i.PointsByChipCard  iccard.o
    0x0801b2c0   0x000001ac   Code   RO         4059    i.PointsByECRVIP    iccard.o
    0x0801b46c   0x00000028   Code   RO         2625    i.PosOfFuncKey      extmodules.o
    0x0801b494   0x00000048   Code   RO        10720    i.Post0_Process     usb_core.o
    0x0801b4dc   0x00000040   Code   RO         9997    i.PowerOn           usb_pwr.o
    0x0801b51c   0x0000007c   Code   RO         5187    i.PrePrintHead      print.o
    0x0801b598   0x00000750   Code   RO         5188    i.PrintAllons       print.o
    0x0801bce8   0x00000014   Code   RO         5189    i.PrintAmt          print.o
    0x0801bcfc   0x00000260   Code   RO         4509    i.PrintArticle      kp.o
    0x0801bf5c   0x00000538   Code   RO         4060    i.PrintChipCard     iccard.o
    0x0801c494   0x000004b4   Code   RO         3927    i.PrintConfInf      hardtest.o
    0x0801c948   0x000000d4   Code   RO         5849    i.PrintCorrec       report.o
    0x0801ca1c   0x00000040   Code   RO         5850    i.PrintCorrecReport  report.o
    0x0801ca5c   0x00000040   Code   RO         5851    i.PrintCurrReport   report.o
    0x0801ca9c   0x00000084   Code   RO         5852    i.PrintCurrency     report.o
    0x0801cb20   0x000000a8   Code   RO         5853    i.PrintDept         report.o
    0x0801cbc8   0x00000040   Code   RO         5854    i.PrintDeptReport   report.o
    0x0801cc08   0x00000388   Code   RO         5022    i.PrintDept_PLU     plu.o
    0x0801cf90   0x00000074   Code   RO         5855    i.PrintDisc         report.o
    0x0801d004   0x00000040   Code   RO         5856    i.PrintDiscReport   report.o
    0x0801d044   0x00000040   Code   RO         5857    i.PrintDrawReport   report.o
    0x0801d084   0x00000084   Code   RO         5858    i.PrintDrawer       report.o
    0x0801d108   0x000002b0   Code   RO         4061    i.PrintECRVIP       iccard.o
    0x0801d3b8   0x000000cc   Code   RO         3442    i.PrintFlowQtyAmt   flowbill.o
    0x0801d484   0x00000070   Code   RO         2627    i.PrintGraphics     extmodules.o
    0x0801d4f4   0x00000084   Code   RO         5859    i.PrintGroup        report.o
    0x0801d578   0x00000040   Code   RO         5860    i.PrintGroupReport  report.o
    0x0801d5b8   0x0000007c   Code   RO         5190    i.PrintHead1        print.o
    0x0801d634   0x000000f0   Code   RO         4289    i.PrintICBlock      iccardblock.o
    0x0801d724   0x0000004c   Code   RO         4062    i.PrintICMessage    iccard.o
    0x0801d770   0x000000a0   Code   RO         2628    i.PrintKeyboard     extmodules.o
    0x0801d810   0x00000168   Code   RO         4510    i.PrintKp           kp.o
    0x0801d978   0x00000024   Code   RO         5191    i.PrintLine         print.o
    0x0801d99c   0x0000003c   Code   RO         3928    i.PrintLine2        hardtest.o
    0x0801d9d8   0x000000b0   Code   RO         4692    i.PrintMGMenu       menu.o
    0x0801da88   0x00000024   Code   RO         3748    i.PrintMessage      general.o
    0x0801daac   0x00000064   Code   RO         2416    i.PrintModifiers    depart.o
    0x0801db10   0x00000054   Code   RO         4886    i.PrintNewBal       pb.o
    0x0801db64   0x00000074   Code   RO         3361    i.PrintNumber       fixed.o
    0x0801dbd8   0x0000034c   Code   RO         5861    i.PrintOpenPb       report.o
    0x0801df24   0x0000007c   Code   RO         5862    i.PrintPb           report.o
    0x0801dfa0   0x00000074   Code   RO         5863    i.PrintPbF          report.o
    0x0801e014   0x00000048   Code   RO         5864    i.PrintPbFReport    report.o
    0x0801e05c   0x000001b0   Code   RO         4887    i.PrintPbHeader     pb.o
    0x0801e20c   0x00000284   Code   RO         4979    i.PrintPbItem       pbbuffer.o
    0x0801e490   0x000000f4   Code   RO         4511    i.PrintPbKp         kp.o
    0x0801e584   0x000000d8   Code   RO         3750    i.PrintPbTrailer    general.o
    0x0801e65c   0x00000048   Code   RO         5865    i.PrintPbtReport    report.o
    0x0801e6a4   0x000000a8   Code   RO         5866    i.PrintPlu          report.o
    0x0801e74c   0x00000054   Code   RO         5867    i.PrintPluReport    report.o
    0x0801e7a0   0x00000084   Code   RO         5868    i.PrintPoRa         report.o
    0x0801e824   0x00000040   Code   RO         5869    i.PrintPoRaReport   report.o
    0x0801e864   0x00000130   Code   RO         5870    i.PrintPointReport  report.o
    0x0801e994   0x00000124   Code   RO         5778    i.PrintPointType    report2.o
    0x0801eab8   0x00000014   Code   RO         5192    i.PrintQty          print.o
    0x0801eacc   0x00000674   Code   RO         5193    i.PrintQtyAmt       print.o
    0x0801f140   0x000000f8   Code   RO         5194    i.PrintRJ           print.o
    0x0801f238   0x00000044   Code   RO         5871    i.PrintRange        report.o
    0x0801f27c   0x000003b8   Code   RO         5195    i.PrintRegiInfo     print.o
    0x0801f634   0x000006a4   Code   RO         5872    i.PrintReport       report.o
    0x0801fcd8   0x00000108   Code   RO         5779    i.PrintReportHeader  report2.o
    0x0801fde0   0x0000009c   Code   RO         5873    i.PrintReportType   report.o
    0x0801fe7c   0x00000068   Code   RO         3751    i.PrintSaleQty      general.o
    0x0801fee4   0x0000015c   Code   RO         3258    i.PrintSetupMenu    firmkey.o
    0x08020040   0x00000170   Code   RO         5196    i.PrintSlip         print.o
    0x080201b0   0x00000124   Code   RO         5197    i.PrintSlipPage     print.o
    0x080202d4   0x00000012   Code   RO         5198    i.PrintStr          print.o
    0x080202e6   0x00000002   PAD
    0x080202e8   0x000000a8   Code   RO         2629    i.PrintStr_Center   extmodules.o
    0x08020390   0x00000148   Code   RO         5874    i.PrintTax          report.o
    0x080204d8   0x00000040   Code   RO         5875    i.PrintTaxReport    report.o
    0x08020518   0x00000040   Code   RO         5876    i.PrintTendReport   report.o
    0x08020558   0x00000084   Code   RO         5877    i.PrintTender       report.o
    0x080205dc   0x0000063c   Code   RO         3752    i.PrintTotal        general.o
    0x08020c18   0x00000118   Code   RO         3929    i.PrintVersion      hardtest.o
    0x08020d30   0x00000290   Code   RO         4693    i.PrintXZMenu       menu.o
    0x08020fc0   0x000000f8   Code   RO         6295    i.Print_Download_Image  print_main.o
    0x080210b8   0x00000074   Code   RO         6297    i.Print_Initial     print_main.o
    0x0802112c   0x00000010   Code   RO         6298    i.PrnTemperature    print_main.o
    0x0802113c   0x000001d0   Code   RO         6299    i.Prn_CalcHotTime   print_main.o
    0x0802130c   0x00000044   Code   RO         6300    i.Prn_task00_Stop   print_main.o
    0x08021350   0x000000bc   Code   RO         6301    i.Prn_task01_Start  print_main.o
    0x0802140c   0x000000f0   Code   RO         6302    i.Prn_task02_PrintChar  print_main.o
    0x080214fc   0x0000007c   Code   RO         6303    i.Prn_task03_PrintGraphic  print_main.o
    0x08021578   0x000000f8   Code   RO         6304    i.Prn_task04_FeedPaper  print_main.o
    0x08021670   0x00000058   Code   RO         6305    i.Prn_task05_FeedHalf  print_main.o
    0x080216c8   0x00000c80   Code   RO         1901    i.ProBuf            buffer.o
    0x08022348   0x00000570   Code   RO         1902    i.ProcessBuffer     buffer.o
    0x080228b8   0x00000ec4   Code   RO         2417    i.ProcessDept       depart.o
    0x0802377c   0x00000244   Code   RO         1903    i.ProcessDeptRecord  buffer.o
    0x080239c0   0x000000cc   Code   RO         3362    i.ProcessFuncLook   fixed.o
    0x08023a8c   0x000002d4   Code   RO         4582    i.ProcessFunctions  main.o
    0x08023d60   0x000004a0   Code   RO         4583    i.ProcessKey        main.o
    0x08024200   0x0000012c   Code   RO         3363    i.ProcessKeyMacro   fixed.o
    0x0802432c   0x0000033c   Code   RO         5023    i.ProcessOnePlu     plu.o
    0x08024668   0x00000550   Code   RO         4980    i.ProcessPbBuffer   pbbuffer.o
    0x08024bb8   0x000001ec   Code   RO         5024    i.ProcessPlu        plu.o
    0x08024da4   0x0000194c   Code   RO         2241    i.ProcessRecord     computer.o
    0x080266f0   0x000000c4   Code   RO         5780    i.ProcessXFunc      report2.o
    0x080267b4   0x000000e8   Code   RO         5781    i.ProcessZFunc      report2.o
    0x0802689c   0x000000f8   Code   RO         5408    i.ProgBalance       program.o
    0x08026994   0x0000007c   Code   RO         5409    i.ProgBarcodeReader  program.o
    0x08026a10   0x0000033c   Code   RO         4063    i.ProgChargeChip    iccard.o
    0x08026d4c   0x00000190   Code   RO         4064    i.ProgClearChip     iccard.o
    0x08026edc   0x0000012c   Code   RO         5410    i.ProgClerk         program.o
    0x08027008   0x000000c4   Code   RO         5411    i.ProgCorrec        program.o
    0x080270cc   0x00000150   Code   RO         5412    i.ProgCurr          program.o
    0x0802721c   0x000002c0   Code   RO         5413    i.ProgDEPTFields    program.o
    0x080274dc   0x00000230   Code   RO         5414    i.ProgDate          program.o
    0x0802770c   0x0000021c   Code   RO         5415    i.ProgDept          program.o
    0x08027928   0x0000011c   Code   RO         5416    i.ProgDevice        program.o
    0x08027a44   0x00000230   Code   RO         5417    i.ProgDisc          program.o
    0x08027c74   0x000000c4   Code   RO         5418    i.ProgDraw          program.o
    0x08027d38   0x00000280   Code   RO         4065    i.ProgECRVIPPoints  iccard.o
    0x08027fb8   0x000000e0   Code   RO         5419    i.ProgExtPrinter    program.o
    0x08028098   0x000000e8   Code   RO         5420    i.ProgGroup         program.o
    0x08028180   0x00000164   Code   RO         5421    i.ProgHeader        program.o
    0x080282e4   0x00000048   Code   RO         5422    i.ProgHost          program.o
    0x0802832c   0x0000027c   Code   RO         5423    i.ProgIC            program.o
    0x080285a8   0x00000140   Code   RO         5424    i.ProgICBlock       program.o
    0x080286e8   0x0000056c   Code   RO         4066    i.ProgInitialChip   iccard.o
    0x08028c54   0x00000190   Code   RO         5426    i.ProgKPrn          program.o
    0x08028de4   0x00000160   Code   RO         5427    i.ProgKeyMacro      program.o
    0x08028f44   0x000000cc   Code   RO         5428    i.ProgModi          program.o
    0x08029010   0x00000108   Code   RO         5430    i.ProgNewVIP        program.o
    0x08029118   0x00000208   Code   RO         5431    i.ProgOFF           program.o
    0x08029320   0x00000358   Code   RO         5432    i.ProgPLUFields     program.o
    0x08029678   0x00000128   Code   RO         5433    i.ProgPbF           program.o
    0x080297a0   0x00000128   Code   RO         5434    i.ProgPbInfo        program.o
    0x080298c8   0x000001f0   Code   RO         5435    i.ProgPlu           program.o
    0x08029ab8   0x00000108   Code   RO         5436    i.ProgPoRa          program.o
    0x08029bc0   0x00000148   Code   RO         5437    i.ProgPointType     program.o
    0x08029d08   0x0000023c   Code   RO         4067    i.ProgPoints        iccard.o
    0x08029f44   0x0000015c   Code   RO         5438    i.ProgPrnGraph      program.o
    0x0802a0a0   0x000001b8   Code   RO         5439    i.ProgPromotion     program.o
    0x0802a258   0x0000013c   Code   RO         5440    i.ProgReport        program.o
    0x0802a394   0x00000002   Code   RO         5441    i.ProgSalPer        program.o
    0x0802a396   0x00000002   PAD
    0x0802a398   0x000001cc   Code   RO         5442    i.ProgSlip          program.o
    0x0802a564   0x000000c8   Code   RO         5443    i.ProgSlipHead      program.o
    0x0802a62c   0x000002ec   Code   RO         5444    i.ProgSysFlag       program.o
    0x0802a918   0x000000a0   Code   RO         5445    i.ProgSysMes        program.o
    0x0802a9b8   0x00000110   Code   RO         5446    i.ProgTax           program.o
    0x0802aac8   0x00000124   Code   RO         5447    i.ProgTend          program.o
    0x0802abec   0x0000010c   Code   RO         5448    i.ProgTime          program.o
    0x0802acf8   0x00000164   Code   RO         5449    i.ProgTrailer       program.o
    0x0802ae5c   0x000000c8   Code   RO         5450    i.ProgZone          program.o
    0x0802af24   0x000001c0   Code   RO         5311    i.ProgramDump       progdump.o
    0x0802b0e4   0x0000005c   Code   RO         3753    i.PromotionBeep     general.o
    0x0802b140   0x00000148   Code   RO         3754    i.PromtionCheck     general.o
    0x0802b288   0x000000d4   Code   RO         1496    i.PutsO             led_customer.o
    0x0802b35c   0x00000014   Code   RO         1497    i.PutsO_Saved       led_customer.o
    0x0802b370   0x0000004c   Code   RO         4290    i.QueryICBlock      iccardblock.o
    0x0802b3bc   0x00000018   Code   RO         8594    i.RCC_ADCCLKConfig  stm32f10x_rcc.o
    0x0802b3d4   0x00000020   Code   RO         8595    i.RCC_AHBPeriphClockCmd  stm32f10x_rcc.o
    0x0802b3f4   0x00000020   Code   RO         8596    i.RCC_APB1PeriphClockCmd  stm32f10x_rcc.o
    0x0802b414   0x00000020   Code   RO         8598    i.RCC_APB2PeriphClockCmd  stm32f10x_rcc.o
    0x0802b434   0x00000014   Code   RO         8602    i.RCC_ClearFlag     stm32f10x_rcc.o
    0x0802b448   0x000000d4   Code   RO         8606    i.RCC_GetClocksFreq  stm32f10x_rcc.o
    0x0802b51c   0x0000003c   Code   RO         8607    i.RCC_GetFlagStatus  stm32f10x_rcc.o
    0x0802b558   0x00000034   Code   RO         8614    i.RCC_LSEConfig     stm32f10x_rcc.o
    0x0802b58c   0x0000000c   Code   RO         8621    i.RCC_RTCCLKCmd     stm32f10x_rcc.o
    0x0802b598   0x00000010   Code   RO         8622    i.RCC_RTCCLKConfig  stm32f10x_rcc.o
    0x0802b5a8   0x0000000c   Code   RO         8624    i.RCC_USBCLKConfig  stm32f10x_rcc.o
    0x0802b5b4   0x000001c0   Code   RO         4068    i.RD_ChipCard       iccard.o
    0x0802b774   0x0000001e   Code   RO         2631    i.RFeed             extmodules.o
    0x0802b792   0x00000002   PAD
    0x0802b794   0x00000448   Code   RO         6306    i.RSPrint           print_main.o
    0x0802bbdc   0x00000014   Code   RO         8796    i.RTC_EnterConfigMode  stm32f10x_rtc.o
    0x0802bbf0   0x00000014   Code   RO         8797    i.RTC_ExitConfigMode  stm32f10x_rtc.o
    0x0802bc04   0x0000002c   Code   RO         8798    i.RTC_GetCounter    stm32f10x_rtc.o
    0x0802bc30   0x00000020   Code   RO         8802    i.RTC_ITConfig      stm32f10x_rtc.o
    0x0802bc50   0x0000001c   Code   RO         8804    i.RTC_SetCounter    stm32f10x_rtc.o
    0x0802bc6c   0x00000020   Code   RO         8805    i.RTC_SetPrescaler  stm32f10x_rtc.o
    0x0802bc8c   0x00000014   Code   RO         8806    i.RTC_WaitForLastTask  stm32f10x_rtc.o
    0x0802bca0   0x00000024   Code   RO         8807    i.RTC_WaitForSynchro  stm32f10x_rtc.o
    0x0802bcc4   0x00000058   Code   RO         3930    i.RWRand            hardtest.o
    0x0802bd1c   0x00000084   Code   RO         2208    i.ReadClerk         clerk.o
    0x0802bda0   0x00000034   Code   RO         2632    i.ReadComm          extmodules.o
    0x0802bdd4   0x0000002c   Code   RO         2328    i.ReadCorrec        correc.o
    0x0802be00   0x0000001c   Code   RO         2375    i.ReadCurr          currency.o
    0x0802be1c   0x00000084   Code   RO         2418    i.ReadDept          depart.o
    0x0802bea0   0x0000002c   Code   RO         2467    i.ReadDisc          discount.o
    0x0802becc   0x0000001c   Code   RO         2515    i.ReadDrawer        drawer.o
    0x0802bee8   0x00000074   Code   RO         4069    i.ReadECRVIPVar     iccard.o
    0x0802bf5c   0x000001f4   Code   RO         4070    i.ReadFactory       iccard.o
    0x0802c150   0x00000118   Code   RO         2633    i.ReadFlagsList     extmodules.o
    0x0802c268   0x00000044   Code   RO         3443    i.ReadFrLogRam      flowbill.o
    0x0802c2ac   0x0000003c   Code   RO         4694    i.ReadFromMsg       menu.o
    0x0802c2e8   0x00000030   Code   RO         2634    i.ReadFuncLook      extmodules.o
    0x0802c318   0x00000050   Code   RO         2635    i.ReadGraphic       extmodules.o
    0x0802c368   0x0000002c   Code   RO         3896    i.ReadGroup         group.o
    0x0802c394   0x00000020   Code   RO         2636    i.ReadHeader        extmodules.o
    0x0802c3b4   0x00000014   Code   RO         4291    i.ReadICBlock       iccardblock.o
    0x0802c3c8   0x0000012c   Code   RO         4695    i.ReadItemCaption   menu.o
    0x0802c4f4   0x00000030   Code   RO         4512    i.ReadKP            kp.o
    0x0802c524   0x00000024   Code   RO         2637    i.ReadKeyDesList    extmodules.o
    0x0802c548   0x00000024   Code   RO         2638    i.ReadKeyMacro      extmodules.o
    0x0802c56c   0x00000028   Code   RO         4812    i.ReadModi          modifier.o
    0x0802c594   0x00000028   Code   RO         2639    i.ReadNumric        extmodules.o
    0x0802c5bc   0x000000a8   Code   RO         4843    i.ReadOFFPrice      offprice.o
    0x0802c664   0x00000014   Code   RO         4888    i.ReadPBTable       pb.o
    0x0802c678   0x0000001c   Code   RO         4889    i.ReadPbF           pb.o
    0x0802c694   0x000002c8   Code   RO         5025    i.ReadPlu           plu.o
    0x0802c95c   0x00000028   Code   RO         5026    i.ReadPluStock      plu.o
    0x0802c984   0x0000001c   Code   RO         5119    i.ReadPoRa          pora.o
    0x0802c9a0   0x00000034   Code   RO         5154    i.ReadPort          port.o
    0x0802c9d4   0x00000024   Code   RO          283    i.ReadRam           interface.o
    0x0802c9f8   0x0000000c   Code   RO         4696    i.ReadRecIndex      menu.o
    0x0802ca04   0x000000f8   Code   RO         2242    i.ReadRecord        computer.o
    0x0802cafc   0x00000020   Code   RO         2640    i.ReadRepUnit       extmodules.o
    0x0802cb1c   0x00000002   Code   RO         6071    i.ReadSalPer        salper.o
    0x0802cb1e   0x00000002   PAD
    0x0802cb20   0x00000020   Code   RO         2641    i.ReadSlipHeader    extmodules.o
    0x0802cb40   0x0000003c   Code   RO         6118    i.ReadTax           tax.o
    0x0802cb7c   0x0000002c   Code   RO         6174    i.ReadTender        tender.o
    0x0802cba8   0x0000012c   Code   RO         3755    i.ReadTotal         general.o
    0x0802ccd4   0x00000020   Code   RO         2642    i.ReadTrail         extmodules.o
    0x0802ccf4   0x00000010   Code   RO        10130    i.ReadUSB           usb_endp.o
    0x0802cd04   0x000000cc   Code   RO         2243    i.ReadUSBRecord     computer.o
    0x0802cdd0   0x00000020   Code   RO         2643    i.ReadXZReport      extmodules.o
    0x0802cdf0   0x00000058   Code   RO         2644    i.ReadZone          extmodules.o
    0x0802ce48   0x000000bc   Code   RO         3444    i.Read_Flow         flowbill.o
    0x0802cf04   0x00000048   Code   RO         4071    i.RecallECRVIP      iccard.o
    0x0802cf4c   0x00000118   Code   RO         3445    i.RecallFlowHead    flowbill.o
    0x0802d064   0x0000008c   Code   RO         1971    i.RecallScreen      chndisp.o
    0x0802d0f0   0x00000094   Code   RO         4351    i.Recall_ApplRam    initappl.o
    0x0802d184   0x00000098   Code   RO         4352    i.Recall_Config     initappl.o
    0x0802d21c   0x00000300   Code   RO         5199    i.ReceiptIssue      print.o
    0x0802d51c   0x000000a8   Code   RO         3756    i.RegiEnd           general.o
    0x0802d5c4   0x00000174   Code   RO         3757    i.RegiInit          general.o
    0x0802d738   0x00000190   Code   RO         3758    i.RegiStart         general.o
    0x0802d8c8   0x00000030   Code   RO         5200    i.ReleaseSlip       print.o
    0x0802d8f8   0x00000204   Code   RO         5782    i.ReportEnd         report2.o
    0x0802dafc   0x00000044   Code   RO         5878    i.ResetReport       report.o
    0x0802db40   0x00000098   Code   RO         4353    i.ResetStartAddress  initappl.o
    0x0802dbd8   0x00000002   Code   RO         6307    i.Reset_printer     print_main.o
    0x0802dbda   0x00000002   PAD
    0x0802dbdc   0x0000005c   Code   RO         6308    i.Restart_Motor     print_main.o
    0x0802dc38   0x000000d0   Code   RO         9998    i.Resume            usb_pwr.o
    0x0802dd08   0x00000024   Code   RO         9999    i.Resume_Init       usb_pwr.o
    0x0802dd2c   0x00000130   Code   RO         2645    i.RoundBcd          extmodules.o
    0x0802de5c   0x00000016   Code   RO         6119    i.RoundTaxable      tax.o
    0x0802de72   0x00000020   Code   RO         4072    i.SCC_Ccrc          iccard.o
    0x0802de92   0x00000002   PAD
    0x0802de94   0x00000044   Code   RO         4073    i.SCC_Cript         iccard.o
    0x0802ded8   0x0000007c   Code   RO         4074    i.SCC_SetPswd       iccard.o
    0x0802df54   0x00000160   Code   RO         1189    i.SDEnWideBus       sdio_sd.o
    0x0802e0b4   0x0000000c   Code   RO         8885    i.SDIO_ClearFlag    stm32f10x_sdio.o
    0x0802e0c0   0x0000000c   Code   RO         8886    i.SDIO_ClearITPendingBit  stm32f10x_sdio.o
    0x0802e0cc   0x0000000c   Code   RO         8887    i.SDIO_ClockCmd     stm32f10x_sdio.o
    0x0802e0d8   0x00000030   Code   RO         8891    i.SDIO_DataConfig   stm32f10x_sdio.o
    0x0802e108   0x00000024   Code   RO         8893    i.SDIO_DeInit       stm32f10x_sdio.o
    0x0802e12c   0x0000000c   Code   RO         8894    i.SDIO_GetCommandResponse  stm32f10x_sdio.o
    0x0802e138   0x00000018   Code   RO         8897    i.SDIO_GetFlagStatus  stm32f10x_sdio.o
    0x0802e150   0x00000010   Code   RO         8899    i.SDIO_GetPowerState  stm32f10x_sdio.o
    0x0802e160   0x00000018   Code   RO         8900    i.SDIO_GetResponse  stm32f10x_sdio.o
    0x0802e178   0x00000008   Code   RO          930    i.SDIO_IRQHandler   stm32f10x_it.o
    0x0802e180   0x00000020   Code   RO         8901    i.SDIO_ITConfig     stm32f10x_sdio.o
    0x0802e1a0   0x00000030   Code   RO         8902    i.SDIO_Init         stm32f10x_sdio.o
    0x0802e1d0   0x0000000c   Code   RO         8903    i.SDIO_ReadData     stm32f10x_sdio.o
    0x0802e1dc   0x0000002c   Code   RO         8905    i.SDIO_SendCommand  stm32f10x_sdio.o
    0x0802e208   0x0000000c   Code   RO         8907    i.SDIO_SetPowerState  stm32f10x_sdio.o
    0x0802e214   0x000000b4   Code   RO         1192    i.SD_EnableWideBusOperation  sdio_sd.o
    0x0802e2c8   0x00000324   Code   RO         1194    i.SD_GetCardInfo    sdio_sd.o
    0x0802e5ec   0x00000090   Code   RO         1200    i.SD_Init           sdio_sd.o
    0x0802e67c   0x00000168   Code   RO         1201    i.SD_InitializeCards  sdio_sd.o
    0x0802e7e4   0x00000074   Code   RO         1205    i.SD_LowLevel_Init  sdio_sd.o
    0x0802e858   0x000001b8   Code   RO         1207    i.SD_PowerON        sdio_sd.o
    0x0802ea10   0x00000058   Code   RO         1208    i.SD_ProcessIRQSrc  sdio_sd.o
    0x0802ea68   0x00000040   Code   RO         1211    i.SD_SelectDeselect  sdio_sd.o
    0x0802eaa8   0x00000018   Code   RO         9075    i.SPI_Cmd           stm32f10x_spi.o
    0x0802eac0   0x00000018   Code   RO         6309    i.SPI_For_Printer   print_main.o
    0x0802ead8   0x00000012   Code   RO         9083    i.SPI_I2S_GetFlagStatus  stm32f10x_spi.o
    0x0802eaea   0x00000004   Code   RO         9087    i.SPI_I2S_SendData  stm32f10x_spi.o
    0x0802eaee   0x0000003c   Code   RO         9088    i.SPI_Init          stm32f10x_spi.o
    0x0802eb2a   0x0000005a   Code   RO          221    i.SRAM_Move         fsmc_sram.o
    0x0802eb84   0x00000026   Code   RO          222    i.SRAM_ReadBuffer   fsmc_sram.o
    0x0802ebaa   0x00000026   Code   RO          223    i.SRAM_WriteBuffer  fsmc_sram.o
    0x0802ebd0   0x00000054   Code   RO         1563    i.ST7565R_IO_Init   lcd_st7565r.o
    0x0802ec24   0x00000012   Code   RO         1564    i.ST7565R_NOP       lcd_st7565r.o
    0x0802ec36   0x00000002   PAD
    0x0802ec38   0x00000058   Code   RO         1565    i.ST7565R_SendData  lcd_st7565r.o
    0x0802ec90   0x00000024   Code   RO         1566    i.ST7565R_WR_CMD    lcd_st7565r.o
    0x0802ecb4   0x00000024   Code   RO         1567    i.ST7565R_WR_DATA   lcd_st7565r.o
    0x0802ecd8   0x000000d4   Code   RO          284    i.STM32_Initial     interface.o
    0x0802edac   0x00000020   Code   RO         3447    i.SUB_SCANFP        flowbill.o
    0x0802edcc   0x00000002   Code   RO          931    i.SVC_Handler       stm32f10x_it.o
    0x0802edce   0x00000002   PAD
    0x0802edd0   0x0000002c   Code   RO        10131    i.SaveToUSBQuery    usb_endp.o
    0x0802edfc   0x00000088   Code   RO         4354    i.Save_ApplRam      initappl.o
    0x0802ee84   0x00000098   Code   RO         4355    i.Save_Config       initappl.o
    0x0802ef1c   0x000000b0   Code   RO         4356    i.Save_ConfigApplVar  initappl.o
    0x0802efcc   0x0000001c   Code   RO         1972    i.ScreenFeed        chndisp.o
    0x0802efe8   0x00000048   Code   RO         1973    i.ScrollScreen      chndisp.o
    0x0802f030   0x000001c8   Code   RO         2209    i.SelectClerk       clerk.o
    0x0802f1f8   0x00000070   Code   RO         5451    i.SelectGraphic     program.o
    0x0802f268   0x000000bc   Code   RO         2646    i.SelectKeyCode     extmodules.o
    0x0802f324   0x00000002   Code   RO         6072    i.SelectSalPer      salper.o
    0x0802f326   0x00000002   PAD
    0x0802f328   0x000000a8   Code   RO         2647    i.SendABCD          extmodules.o
    0x0802f3d0   0x00000020   Code   RO         2648    i.SendALong         extmodules.o
    0x0802f3f0   0x00000014   Code   RO         2650    i.SendComm          extmodules.o
    0x0802f404   0x00000038   Code   RO         2244    i.SendComp          computer.o
    0x0802f43c   0x000000f8   Code   RO         4513    i.SendExtPrinter    kp.o
    0x0802f534   0x000000f0   Code   RO         2245    i.SendRecord        computer.o
    0x0802f624   0x00000028   Code   RO         2246    i.SendString        computer.o
    0x0802f64c   0x00000010   Code   RO        10132    i.SendUSB           usb_endp.o
    0x0802f65c   0x000000ee   Code   RO         2247    i.SendUSBRecord     computer.o
    0x0802f74a   0x00000010   Code   RO        10133    i.SendUSBString     usb_endp.o
    0x0802f75a   0x00000002   PAD
    0x0802f75c   0x00000020   Code   RO         6310    i.Send_Byte         print_main.o
    0x0802f77c   0x00000052   Code   RO         2651    i.SetBCDPoint       extmodules.o
    0x0802f7ce   0x00000002   PAD
    0x0802f7d0   0x00000010   Code   RO        10359    i.SetBTABLE         usb_regs.o
    0x0802f7e0   0x00000044   Code   RO         2652    i.SetComm           extmodules.o
    0x0802f824   0x00000050   Code   RO        10721    i.SetDeviceAddress  usb_core.o
    0x0802f874   0x00000024   Code   RO        10373    i.SetEPRxAddr       usb_regs.o
    0x0802f898   0x0000004c   Code   RO        10374    i.SetEPRxCount      usb_regs.o
    0x0802f8e4   0x00000040   Code   RO        10375    i.SetEPRxStatus     usb_regs.o
    0x0802f924   0x00000034   Code   RO        10376    i.SetEPRxValid      usb_regs.o
    0x0802f958   0x00000020   Code   RO        10377    i.SetEPTxAddr       usb_regs.o
    0x0802f978   0x0000001c   Code   RO        10378    i.SetEPTxCount      usb_regs.o
    0x0802f994   0x00000040   Code   RO        10379    i.SetEPTxStatus     usb_regs.o
    0x0802f9d4   0x00000034   Code   RO        10380    i.SetEPTxValid      usb_regs.o
    0x0802fa08   0x00000024   Code   RO        10381    i.SetEPType         usb_regs.o
    0x0802fa2c   0x0000007c   Code   RO         2121    i.SetEditPosition   chninput.o
    0x0802faa8   0x00000094   Code   RO         6312    i.SetFontOffset_char  print_main.o
    0x0802fb3c   0x00000270   Code   RO         2653    i.SetKeyboard       extmodules.o
    0x0802fdac   0x0000020c   Code   RO         2654    i.SetPassword       extmodules.o
    0x0802ffb8   0x00000074   Code   RO         1904    i.SetPrintLayOut    buffer.o
    0x0803002c   0x0000002c   Code   RO          285    i.SetRTS            interface.o
    0x08030058   0x0000000a   Code   RO         4697    i.SetRecIndex       menu.o
    0x08030062   0x00000008   Code   RO         6977    i.SetSysClock       system_stm32f10x.o
    0x0803006a   0x00000002   PAD
    0x0803006c   0x000000e0   Code   RO         6978    i.SetSysClockTo72   system_stm32f10x.o
    0x0803014c   0x00000084   Code   RO         2655    i.SetTimeDate       extmodules.o
    0x080301d0   0x000000fc   Code   RO         5783    i.SetUpReport       report2.o
    0x080302cc   0x00000020   Code   RO         6313    i.Set_HotPIN        print_main.o
    0x080302ec   0x0000004c   Code   RO         6314    i.Set_Hot_Data      print_main.o
    0x08030338   0x00000024   Code   RO         6315    i.Set_Hot_Group     print_main.o
    0x0803035c   0x00000012   Code   RO         6316    i.Set_Motor_Speed   print_main.o
    0x0803036e   0x00000002   PAD
    0x08030370   0x00000028   Code   RO        10045    i.Set_System        hw_config.o
    0x08030398   0x00000012   Code   RO        10046    i.Set_USBClock      hw_config.o
    0x080303aa   0x00000002   PAD
    0x080303ac   0x000000b8   Code   RO        10722    i.Setup0_Process    usb_core.o
    0x08030464   0x00000028   Code   RO         5201    i.SlipMargin        print.o
    0x0803048c   0x0000016c   Code   RO        10723    i.Standard_ClearFeature  usb_core.o
    0x080305f8   0x0000002c   Code   RO        10724    i.Standard_GetConfiguration  usb_core.o
    0x08030624   0x00000024   Code   RO        10725    i.Standard_GetDescriptorData  usb_core.o
    0x08030648   0x0000002c   Code   RO        10726    i.Standard_GetInterface  usb_core.o
    0x08030674   0x00000100   Code   RO        10727    i.Standard_GetStatus  usb_core.o
    0x08030774   0x00000048   Code   RO        10728    i.Standard_SetConfiguration  usb_core.o
    0x080307bc   0x00000028   Code   RO        10729    i.Standard_SetDeviceFeature  usb_core.o
    0x080307e4   0x000000d0   Code   RO        10730    i.Standard_SetEndPointFeature  usb_core.o
    0x080308b4   0x0000006c   Code   RO        10731    i.Standard_SetInterface  usb_core.o
    0x08030920   0x00000080   Code   RO         6317    i.Start_Hot         print_main.o
    0x080309a0   0x0000008c   Code   RO         6318    i.Start_Motor       print_main.o
    0x08030a2c   0x000000b0   Code   RO         6319    i.Start_When_Ready  print_main.o
    0x08030adc   0x00000020   Code   RO         6320    i.Stop_Motor        print_main.o
    0x08030afc   0x000004e0   Code   RO         1905    i.StoreInBuffer     buffer.o
    0x08030fdc   0x00000100   Code   RO         4981    i.StorePbBuffer     pbbuffer.o
    0x080310dc   0x00000260   Code   RO         4890    i.StorePbInvoice    pb.o
    0x0803133c   0x0000008a   Code   RO         2656    i.StrToBCDValue     extmodules.o
    0x080313c6   0x00000002   PAD
    0x080313c8   0x00000080   Code   RO         2657    i.SubBCDValue12     extmodules.o
    0x08031448   0x00000184   Code   RO         2658    i.Subtract          extmodules.o
    0x080315cc   0x000000b0   Code   RO        10000    i.Suspend           usb_pwr.o
    0x0803167c   0x000000a0   Code   RO         3259    i.SuspendECR        firmkey.o
    0x0803171c   0x000002d0   Code   RO         3364    i.SuspendReceipt    fixed.o
    0x080319ec   0x000000c0   Code   RO         1974    i.SuspendScreen     chndisp.o
    0x08031aac   0x0000005c   Code   RO         6321    i.Suspend_Motor     print_main.o
    0x08031b08   0x00000088   Code   RO          932    i.SysTick_Handler   stm32f10x_it.o
    0x08031b90   0x00000060   Code   RO         6980    i.SystemInit        system_stm32f10x.o
    0x08031bf0   0x00000030   Code   RO         6323    i.TESTPAPER         print_main.o
    0x08031c20   0x000001b8   Code   RO         6324    i.TIM2_IRQHandler   print_main.o
    0x08031dd8   0x00000094   Code   RO         6325    i.TIM3_IRQHandler   print_main.o
    0x08031e6c   0x0000007c   Code   RO          286    i.TIM5_Init         interface.o
    0x08031ee8   0x000000b0   Code   RO         1499    i.TIM6_IRQHandler   led_customer.o
    0x08031f98   0x00000080   Code   RO          287    i.TIM6_Init         interface.o
    0x08032018   0x0000009c   Code   RO          604    i.TIM7_IRQHandler   keyboard.o
    0x080320b4   0x00000078   Code   RO          288    i.TIM7_Init         interface.o
    0x0803212c   0x00000018   Code   RO         9218    i.TIM_ARRPreloadConfig  stm32f10x_tim.o
    0x08032144   0x00000006   Code   RO         9224    i.TIM_ClearFlag     stm32f10x_tim.o
    0x0803214a   0x00000006   Code   RO         9225    i.TIM_ClearITPendingBit  stm32f10x_tim.o
    0x08032150   0x00000018   Code   RO         9230    i.TIM_Cmd           stm32f10x_tim.o
    0x08032168   0x00000022   Code   RO         9251    i.TIM_GetITStatus   stm32f10x_tim.o
    0x0803218a   0x00000012   Code   RO         9255    i.TIM_ITConfig      stm32f10x_tim.o
    0x0803219c   0x00000098   Code   RO         9259    i.TIM_OC1Init       stm32f10x_tim.o
    0x08032234   0x00000014   Code   RO         9277    i.TIM_OCStructInit  stm32f10x_tim.o
    0x08032248   0x00000006   Code   RO         9279    i.TIM_PrescalerConfig  stm32f10x_tim.o
    0x0803224e   0x00000012   Code   RO         9286    i.TIM_SelectOnePulseMode  stm32f10x_tim.o
    0x08032260   0x000000a4   Code   RO         9301    i.TIM_TimeBaseInit  stm32f10x_tim.o
    0x08032304   0x00001108   Code   RO         6175    i.Tender            tender.o
    0x0803340c   0x00000058   Code   RO         3931    i.TestBEEP          hardtest.o
    0x08033464   0x000000b8   Code   RO         4584    i.TestChangePointMust  main.o
    0x0803351c   0x00000034   Code   RO         2659    i.TestCom123        extmodules.o
    0x08033550   0x00000044   Code   RO         3932    i.TestCustomer      hardtest.o
    0x08033594   0x00000090   Code   RO         3933    i.TestDateTime      hardtest.o
    0x08033624   0x0000003c   Code   RO         3934    i.TestDisplay       hardtest.o
    0x08033660   0x00000002   Code   RO         3935    i.TestFlashBWrite   hardtest.o
    0x08033662   0x00000006   Code   RO         1975    i.TestHZRight       chndisp.o
    0x08033668   0x0000005c   Code   RO         3936    i.TestKeyboard      hardtest.o
    0x080336c4   0x00000050   Code   RO          289    i.TestLMM           interface.o
    0x08033714   0x00000168   Code   RO         3937    i.TestOpenDrawer    hardtest.o
    0x0803387c   0x0000004c   Code   RO         6326    i.TestPrintGoingOn  print_main.o
    0x080338c8   0x000001d8   Code   RO         3938    i.TestPrinter       hardtest.o
    0x08033aa0   0x00000002   Code   RO         3939    i.TestPrnPower      hardtest.o
    0x08033aa2   0x00000006   Code   RO          290    i.TestRam           interface.o
    0x08033aa8   0x00000310   Code   RO         3940    i.TestRomRam        hardtest.o
    0x08033db8   0x0000009c   Code   RO         2661    i.TestRtc           extmodules.o
    0x08033e54   0x000000f0   Code   RO         3941    i.TestSerial123     hardtest.o
    0x08033f44   0x00000358   Code   RO         2329    i.TransactionVoid   correc.o
    0x0803429c   0x000000bc   Code   RO         1094    i.UARTGet           usart.o
    0x08034358   0x00000284   Code   RO         1095    i.UARTInit          usart.o
    0x080345dc   0x00000078   Code   RO         1096    i.UARTSend          usart.o
    0x08034654   0x00000018   Code   RO         1098    i.UART_GetChar      usart.o
    0x0803466c   0x0000000e   Code   RO         1100    i.UART_PutChar      usart.o
    0x0803467a   0x00000016   Code   RO         1101    i.UART_PutString    usart.o
    0x08034690   0x00000062   Code   RO         2662    i.ULong64toASC      extmodules.o
    0x080346f2   0x00000044   Code   RO         2663    i.ULongToBCDValue   extmodules.o
    0x08034736   0x00000050   Code   RO         2665    i.ULongtoASCL       extmodules.o
    0x08034786   0x00000002   PAD
    0x08034788   0x000000d0   Code   RO          933    i.USART1_IRQHandler  stm32f10x_it.o
    0x08034858   0x000000f0   Code   RO          934    i.USART2_IRQHandler  stm32f10x_it.o
    0x08034948   0x000000f0   Code   RO          935    i.USART3_IRQHandler  stm32f10x_it.o
    0x08034a38   0x00000018   Code   RO         9766    i.USART_Cmd         stm32f10x_usart.o
    0x08034a50   0x0000001a   Code   RO         9769    i.USART_GetFlagStatus  stm32f10x_usart.o
    0x08034a6a   0x00000054   Code   RO         9770    i.USART_GetITStatus  stm32f10x_usart.o
    0x08034abe   0x0000004a   Code   RO         9772    i.USART_ITConfig    stm32f10x_usart.o
    0x08034b08   0x000000d8   Code   RO         9773    i.USART_Init        stm32f10x_usart.o
    0x08034be0   0x00000016   Code   RO         9779    i.USART_OverSampling8Cmd  stm32f10x_usart.o
    0x08034bf6   0x0000000a   Code   RO         9780    i.USART_ReceiveData  stm32f10x_usart.o
    0x08034c00   0x00000008   Code   RO         9783    i.USART_SendData    stm32f10x_usart.o
    0x08034c08   0x00000028   Code   RO         1102    i.USART_printf      usart.o
    0x08034c30   0x0000005c   Code   RO        10134    i.USBGet            usb_endp.o
    0x08034c8c   0x0000000c   Code   RO          936    i.USBWakeUp_IRQHandler  stm32f10x_it.o
    0x08034c98   0x00000028   Code   RO         1778    i.USB_COMM_Ready    usb_app.o
    0x08034cc0   0x00000002   Code   RO        10047    i.USB_Cable_Config  hw_config.o
    0x08034cc2   0x00000002   PAD
    0x08034cc4   0x0000003c   Code   RO        10832    i.USB_Init          usb_init.o
    0x08034d00   0x0000003c   Code   RO        10048    i.USB_Interrupts_Config  hw_config.o
    0x08034d3c   0x000001cc   Code   RO        10210    i.USB_Istr          usb_istr.o
    0x08034f08   0x00000008   Code   RO          937    i.USB_LP_CAN1_RX0_IRQHandler  stm32f10x_it.o
    0x08034f10   0x00000024   Code   RO        10689    i.USB_SIL_Init      usb_sil.o
    0x08034f34   0x00000014   Code   RO         1780    i.USB_Start         usb_app.o
    0x08034f48   0x000006f4   Code   RO         1758    i.UpdateBIOS        ecr_iap.o
    0x0803563c   0x000002f8   Code   RO         4982    i.UpdatePbRecord    pbbuffer.o
    0x08035934   0x00000004   Code   RO          938    i.UsageFault_Handler  stm32f10x_it.o
    0x08035938   0x00000038   Code   RO        10886    i.UserToPMABufferCopy  usb_mem.o
    0x08035970   0x00000038   Code   RO         4699    i.VirtualInputStr   menu.o
    0x080359a8   0x00000034   Code   RO         4700    i.VirtualInputWord  menu.o
    0x080359dc   0x00000064   Code   RO        10228    i.Virtual_Com_Port_Data_Setup  usb_prop.o
    0x08035a40   0x00000014   Code   RO        10229    i.Virtual_Com_Port_GetConfigDescriptor  usb_prop.o
    0x08035a54   0x00000014   Code   RO        10230    i.Virtual_Com_Port_GetDeviceDescriptor  usb_prop.o
    0x08035a68   0x0000001c   Code   RO        10231    i.Virtual_Com_Port_GetLineCoding  usb_prop.o
    0x08035a84   0x00000028   Code   RO        10232    i.Virtual_Com_Port_GetStringDescriptor  usb_prop.o
    0x08035aac   0x00000016   Code   RO        10233    i.Virtual_Com_Port_Get_Interface_Setting  usb_prop.o
    0x08035ac2   0x00000002   PAD
    0x08035ac4   0x00000028   Code   RO        10234    i.Virtual_Com_Port_NoData_Setup  usb_prop.o
    0x08035aec   0x000000e8   Code   RO        10235    i.Virtual_Com_Port_Reset  usb_prop.o
    0x08035bd4   0x00000018   Code   RO        10236    i.Virtual_Com_Port_SetConfiguration  usb_prop.o
    0x08035bec   0x0000000c   Code   RO        10237    i.Virtual_Com_Port_SetDeviceAddress  usb_prop.o
    0x08035bf8   0x0000001c   Code   RO        10238    i.Virtual_Com_Port_SetLineCoding  usb_prop.o
    0x08035c14   0x00000014   Code   RO        10239    i.Virtual_Com_Port_Status_In  usb_prop.o
    0x08035c28   0x00000002   Code   RO        10240    i.Virtual_Com_Port_Status_Out  usb_prop.o
    0x08035c2a   0x00000002   PAD
    0x08035c2c   0x00000028   Code   RO        10241    i.Virtual_Com_Port_init  usb_prop.o
    0x08035c54   0x00000036   Code   RO         2666    i.WORDtoASC         extmodules.o
    0x08035c8a   0x00000068   Code   RO         2667    i.WORDtoASCL        extmodules.o
    0x08035cf2   0x0000002c   Code   RO         2668    i.WORDtoASCZero     extmodules.o
    0x08035d1e   0x0000006a   Code   RO         2669    i.WORDtoBCD         extmodules.o
    0x08035d88   0x00000158   Code   RO         2670    i.WaitForYesNo      extmodules.o
    0x08035ee0   0x00000018   Code   RO         2671    i.WaitOnLine        extmodules.o
    0x08035ef8   0x00000078   Code   RO         6327    i.Wait_Paper        print_main.o
    0x08035f70   0x0000002c   Code   RO         2672    i.WidthofWORD       extmodules.o
    0x08035f9c   0x00000040   Code   RO         2210    i.WriteClerk        clerk.o
    0x08035fdc   0x0000002c   Code   RO         2330    i.WriteCorrec       correc.o
    0x08036008   0x0000002c   Code   RO         2376    i.WriteCurr         currency.o
    0x08036034   0x00000088   Code   RO         2419    i.WriteDept         depart.o
    0x080360bc   0x0000002c   Code   RO         2468    i.WriteDisc         discount.o
    0x080360e8   0x0000002c   Code   RO         2516    i.WriteDrawer       drawer.o
    0x08036114   0x0000005c   Code   RO         4075    i.WriteECRVIPVar    iccard.o
    0x08036170   0x0000002c   Code   RO         3897    i.WriteGroup        group.o
    0x0803619c   0x00000028   Code   RO         4292    i.WriteICBlock      iccardblock.o
    0x080361c4   0x0000002c   Code   RO         4813    i.WriteModi         modifier.o
    0x080361f0   0x000000a8   Code   RO         4844    i.WriteOFFPrice     offprice.o
    0x08036298   0x0000002c   Code   RO         4891    i.WritePbF          pb.o
    0x080362c4   0x000000d0   Code   RO         5027    i.WritePlu          plu.o
    0x08036394   0x00000040   Code   RO         5028    i.WritePluInventory  plu.o
    0x080363d4   0x000000f8   Code   RO         5029    i.WritePlu_At       plu.o
    0x080364cc   0x0000002c   Code   RO         5120    i.WritePoRa         pora.o
    0x080364f8   0x0000003c   Code   RO         5155    i.WritePort         port.o
    0x08036534   0x00000024   Code   RO          291    i.WriteRam          interface.o
    0x08036558   0x00000040   Code   RO         6120    i.WriteTax          tax.o
    0x08036598   0x0000002c   Code   RO         6176    i.WriteTender       tender.o
    0x080365c4   0x000000d0   Code   RO         3449    i.WriteToLogRam     flowbill.o
    0x08036694   0x00000120   Code   RO         3759    i.WriteTotal        general.o
    0x080367b4   0x00000028   Code   RO        11139    i.__0sprintf$8      mc_w.l(printf8.o)
    0x080367dc   0x00000024   Code   RO        11169    i.__0vsprintf       mc_w.l(printfa.o)
    0x08036800   0x00000008   Code   RO        11216    i.__aeabi_errno_addr  mc_w.l(errno.o)
    0x08036808   0x0000000e   Code   RO        11278    i.__scatterload_copy  mc_w.l(handlers.o)
    0x08036816   0x00000002   Code   RO        11279    i.__scatterload_null  mc_w.l(handlers.o)
    0x08036818   0x0000000e   Code   RO        11280    i.__scatterload_zeroinit  mc_w.l(handlers.o)
    0x08036826   0x00000002   PAD
    0x08036828   0x00000164   Code   RO        11170    i._fp_digits        mc_w.l(printfa.o)
    0x0803698c   0x00000410   Code   RO        11144    i._printf_core      mc_w.l(printf8.o)
    0x08036d9c   0x000006dc   Code   RO        11171    i._printf_core      mc_w.l(printfa.o)
    0x08037478   0x00000024   Code   RO        11145    i._printf_post_padding  mc_w.l(printf8.o)
    0x0803749c   0x00000024   Code   RO        11172    i._printf_post_padding  mc_w.l(printfa.o)
    0x080374c0   0x0000002e   Code   RO        11146    i._printf_pre_padding  mc_w.l(printf8.o)
    0x080374ee   0x0000002e   Code   RO        11173    i._printf_pre_padding  mc_w.l(printfa.o)
    0x0803751c   0x0000000a   Code   RO        11148    i._sputc            mc_w.l(printf8.o)
    0x08037526   0x0000000a   Code   RO        11175    i._sputc            mc_w.l(printfa.o)
    0x08037530   0x00000078   Code   RO           15    i.bFlashAutoSelect  flashb.o
    0x080375a8   0x00000050   Code   RO           20    i.bFlashDataToggle  flashb.o
    0x080375f8   0x000000c4   Code   RO           21    i.bFlashMBlockErase  flashb.o
    0x080376bc   0x00000018   Code   RO           22    i.bFlashPause       flashb.o
    0x080376d4   0x00000100   Code   RO           23    i.bFlashProgram     flashb.o
    0x080377d4   0x0000000a   Code   RO           24    i.bFlashRead        flashb.o
    0x080377de   0x0000003c   Code   RO           25    i.bFlashReadBuffer  flashb.o
    0x0803781a   0x00000012   Code   RO           26    i.bFlashReadReset   flashb.o
    0x0803782c   0x00000008   Code   RO           27    i.bFlashWrite       flashb.o
    0x08037834   0x00000002   Code   RO         2673    i.chkAutoReceiptKey  extmodules.o
    0x08037836   0x00000026   Code   RO         4076    i.icBCD2EcrBCD      iccard.o
    0x0803785c   0x00000268   Code   RO          605    i.keydown           keyboard.o
    0x08037ac4   0x00000084   Code   RO          606    i.keyscan           keyboard.o
    0x08037b48   0x0000005c   Code   RO         1568    i.mBalnkScreen      lcd_st7565r.o
    0x08037ba4   0x00000098   Code   RO         1569    i.mClearScreen      lcd_st7565r.o
    0x08037c3c   0x000000d4   Code   RO         1570    i.mDispCharXY       lcd_st7565r.o
    0x08037d10   0x000000b0   Code   RO         1571    i.mDispCursor       lcd_st7565r.o
    0x08037dc0   0x00000002   Code   RO         1572    i.mDispLogo         lcd_st7565r.o
    0x08037dc2   0x00000030   Code   RO         1573    i.mDispStringXY     lcd_st7565r.o
    0x08037df2   0x00000002   PAD
    0x08037df4   0x0000013c   Code   RO         1575    i.mDrawABox         lcd_st7565r.o
    0x08037f30   0x000000dc   Code   RO         1576    i.mDrawChar         lcd_st7565r.o
    0x0803800c   0x00000108   Code   RO         1579    i.mDrawPower        lcd_st7565r.o
    0x08038114   0x00000040   Code   RO         1580    i.mEnCursor         lcd_st7565r.o
    0x08038154   0x0000006c   Code   RO         1581    i.mInitialLCD       lcd_st7565r.o
    0x080381c0   0x00000020   Code   RO         1582    i.mLightLCDOff      lcd_st7565r.o
    0x080381e0   0x00000020   Code   RO         1583    i.mLightLCDOn       lcd_st7565r.o
    0x08038200   0x00000054   Code   RO         1585    i.mRefreshLine      lcd_st7565r.o
    0x08038254   0x0000001a   Code   RO         1586    i.mSetContrast      lcd_st7565r.o
    0x0803826e   0x00000002   PAD
    0x08038270   0x0000003c   Code   RO         1587    i.mSetState         lcd_st7565r.o
    0x080382ac   0x00000118   Code   RO         4585    i.main              main.o
    0x080383c4   0x0000007c   Code   RO         1428    i.mktimev           rtc.o
    0x08038440   0x00000018   Code   RO          292    i.msDelay           interface.o
    0x08038458   0x0000002c   Code   RO         6329    i.partial_cut       print_main.o
    0x08038484   0x00000030   Code   RO          755    i.pwrADCCtrl        pwr_ctrl.o
    0x080384b4   0x0000008c   Code   RO          757    i.pwrGetStatus      pwr_ctrl.o
    0x08038540   0x00000078   Code   RO          758    i.pwrIO_Init        pwr_ctrl.o
    0x080385b8   0x00000012   Code   RO          759    i.pwr_Init          pwr_ctrl.o
    0x080385ca   0x00000054   Code   RO         1429    i.rtc_Config        rtc.o
    0x0803861e   0x00000014   Code   RO         1430    i.rtc_gettime       rtc.o
    0x08038632   0x00000044   Code   RO         1431    i.rtc_init          rtc.o
    0x08038676   0x00000020   Code   RO         1432    i.rtc_settime       rtc.o
    0x08038696   0x00000002   PAD
    0x08038698   0x00000064   Code   RO         6331    i.sel_print_mode    print_main.o
    0x080386fc   0x0000010c   Code   RO         6332    i.sel_raster_bit_image  print_main.o
    0x08038808   0x00000028   Code   RO         1591    i.st7565SetXY       lcd_st7565r.o
    0x08038830   0x0000005c   Code   RO         5330    i.strToBin          progopt.o
    0x0803888c   0x00000060   Code   RO         5331    i.strTo_High4_Bin   progopt.o
    0x080388ec   0x00000060   Code   RO         5332    i.strTo_Low4_Bin    progopt.o
    0x0803894c   0x000000c8   Code   RO         1433    i.to_tm             rtc.o
    0x08038a14   0x0000002c   Code   RO         6333    i.total_cut         print_main.o
    0x08038a40   0x00000016   Code   RO         6334    i.turn_underline_mode  print_main.o
    0x08038a56   0x00000002   PAD
    0x08038a58   0x00000034   Code   RO         6335    i.tx_printer_status  print_main.o
    0x08038a8c   0x00000070   Code   RO         6336    i.tx_status         print_main.o
    0x08038afc   0x00000048   Code   RO          293    i.usDelay           interface.o
    0x08038b44   0x000000a8   Code   RO           28    i.wFlashProgramAWord  flashb.o
    0x08038bec   0x00000008   Code   RO           31    i.wFlashWrite       flashb.o
    0x08038bf4   0x0000001a   Code   RO          682    i.xprintf           monitor.o
    0x08038c0e   0x00000002   PAD
    0x08038c10   0x00000038   Code   RO          683    i.xputc             monitor.o
    0x08038c48   0x00000016   Code   RO          684    i.xputs             monitor.o
    0x08038c5e   0x00000212   Code   RO          686    i.xvprintf          monitor.o
    0x08038e70   0x00000de0   Data   RO            1    .constdata          asciifonts.o
    0x08039c50   0x0000008c   Data   RO           32    .constdata          flashb.o
    0x08039cdc   0x00000030   Data   RO         1434    .constdata          rtc.o
    0x08039d0c   0x0000005b   Data   RO         1500    .constdata          led_customer.o
    0x08039d67   0x00000408   Data   RO         1593    .constdata          lcd_st7565r.o
    0x0803a16f   0x00000001   PAD
    0x0803a170   0x000016fe   Data   RO         1942    .constdata          chinaapp.o
    0x0803b86e   0x0000114c   Data   RO         2192    .constdata          chnmess.o
    0x0803c9ba   0x0000000b   Data   RO         2249    .constdata          computer.o
    0x0803c9c5   0x00000003   PAD
    0x0803c9c8   0x000010ee   Data   RO         2675    .constdata          extmodules.o
    0x0803dab6   0x00000038   Data   RO         3260    .constdata          firmkey.o
    0x0803daee   0x000000a2   Data   RO         3451    .constdata          flowbill.o
    0x0803db90   0x0000005f   Data   RO         4078    .constdata          iccard.o
    0x0803dbef   0x000000b4   Data   RO         4514    .constdata          kp.o
    0x0803dca3   0x00000001   PAD
    0x0803dca4   0x00000034   Data   RO         4663    .constdata          memory.o
    0x0803dcd8   0x000003be   Data   RO         4702    .constdata          menu.o
    0x0803e096   0x000000f8   Data   RO         5202    .constdata          print.o
    0x0803e18e   0x00000008   Data   RO         5453    .constdata          program.o
    0x0803e196   0x00000028   Data   RO         5784    .constdata          report2.o
    0x0803e1be   0x00000002   PAD
    0x0803e1c0   0x00000c18   Data   RO         6247    .constdata          print_def.o
    0x0803edd8   0x00002a50   Data   RO         6338    .constdata          print_main.o
    0x08041828   0x00000c19   Data   RO         6740    .constdata          photo_abbigl.o
    0x08042441   0x00000003   PAD
    0x08042444   0x00000675   Data   RO         6749    .constdata          photo_appetito.o
    0x08042ab9   0x00000003   PAD
    0x08042abc   0x000007f5   Data   RO         6767    .constdata          photo_caffe.o
    0x080432b1   0x00000003   PAD
    0x080432b4   0x00000bce   Data   RO         6776    .constdata          photo_carneval.o
    0x08043e82   0x00000002   PAD
    0x08043e84   0x000007f5   Data   RO         6785    .constdata          photo_cornetto.o
    0x08044679   0x00000003   PAD
    0x0804467c   0x000009ee   Data   RO         6794    .constdata          photo_cucina.o
    0x0804506a   0x00000002   PAD
    0x0804506c   0x00000675   Data   RO         6803    .constdata          photo_donna.o
    0x080456e1   0x00000003   PAD
    0x080456e4   0x00000c75   Data   RO         6812    .constdata          photo_eutron.o
    0x08046359   0x00000003   PAD
    0x0804635c   0x00000675   Data   RO         6821    .constdata          photo_fiori.o
    0x080469d1   0x00000003   PAD
    0x080469d4   0x0000062e   Data   RO         6830    .constdata          photo_gelato.o
    0x08047002   0x00000002   PAD
    0x08047004   0x00000bce   Data   RO         6839    .constdata          photo_jolly.o
    0x08047bd2   0x00000002   PAD
    0x08047bd4   0x00000bce   Data   RO         6860    .constdata          photo_mamma.o
    0x080487a2   0x00000002   PAD
    0x080487a4   0x000009ee   Data   RO         6869    .constdata          photo_natale.o
    0x08049192   0x00000002   PAD
    0x08049194   0x00000149   Data   RO         6878    .constdata          photo_panama.o
    0x080492dd   0x00000003   PAD
    0x080492e0   0x00000975   Data   RO         6887    .constdata          photo_pane.o
    0x08049c55   0x00000003   PAD
    0x08049c58   0x00000675   Data   RO         6896    .constdata          photo_papa.o
    0x0804a2cd   0x00000003   PAD
    0x0804a2d0   0x00000be7   Data   RO         6905    .constdata          photo_pasqua.o
    0x0804aeb7   0x00000001   PAD
    0x0804aeb8   0x00000975   Data   RO         6914    .constdata          photo_pesce.o
    0x0804b82d   0x00000003   PAD
    0x0804b830   0x000009ee   Data   RO         6923    .constdata          photo_risparmi.o
    0x0804c21e   0x00000002   PAD
    0x0804c220   0x00000975   Data   RO         6932    .constdata          photo_salumi.o
    0x0804cb95   0x00000003   PAD
    0x0804cb98   0x00000675   Data   RO         6941    .constdata          photo_selfdef.o
    0x0804d20d   0x00000003   PAD
    0x0804d210   0x00000675   Data   RO         6950    .constdata          photo_sport.o
    0x0804d885   0x00000003   PAD
    0x0804d888   0x000009ee   Data   RO         6959    .constdata          photo_vacanze.o
    0x0804e276   0x00000002   PAD
    0x0804e278   0x00000975   Data   RO         6968    .constdata          photo_valentin.o
    0x0804ebed   0x000000b1   Data   RO        10112    .constdata          usb_desc.o
    0x0804ec9e   0x00000081   Data   RO        11242    .constdata          mc_w.l(ctype_o.o)
    0x0804ed1f   0x00000001   PAD
    0x0804ed20   0x00000004   Data   RO        11243    .constdata          mc_w.l(ctype_o.o)
    0x0804ed24   0x00000275   Data   RO         1943    .conststring        chinaapp.o
    0x0804ef99   0x00000003   PAD
    0x0804ef9c   0x00001a20   Data   RO         2193    .conststring        chnmess.o
    0x080509bc   0x000001b1   Data   RO         2676    .conststring        extmodules.o
    0x08050b6d   0x00000003   PAD
    0x08050b70   0x00000020   Data   RO        11276    Region$$Table       anon$$obj.o


    Execution Region RW_IRAM1 (Base: 0x20000000, Size: 0x0000d0e8, Max: 0x00010000, ABSOLUTE, COMPRESSED[0x00000278])

    Base Addr    Size         Type   Attr      Idx    E Section Name        Object

    0x20000000   0x00000014   Data   RW          294    .data               interface.o
    0x20000014   0x0000005e   Data   RW          608    .data               keyboard.o
    0x20000072   0x00000002   PAD
    0x20000074   0x0000000c   Data   RW          687    .data               monitor.o
    0x20000080   0x0000005c   Data   RW          760    .data               pwr_ctrl.o
    0x200000dc   0x00000012   Data   RW          939    .data               stm32f10x_it.o
    0x200000ee   0x00000002   PAD
    0x200000f0   0x0000000b   Data   RW         1104    .data               usart.o
    0x200000fb   0x00000001   PAD
    0x200000fc   0x0000001c   Data   RW         1221    .data               sdio_sd.o
    0x20000118   0x00000030   Data   RW         1435    .data               rtc.o
    0x20000148   0x00000024   Data   RW         1501    .data               led_customer.o
    0x2000016c   0x00000006   Data   RW         1594    .data               lcd_st7565r.o
    0x20000172   0x00000002   PAD
    0x20000174   0x00000008   Data   RW         1782    .data               usb_app.o
    0x2000017c   0x00000007   Data   RW         1851    .data               balance.o
    0x20000183   0x00000001   PAD
    0x20000184   0x00000004   Data   RW         1877    .data               barcode.o
    0x20000188   0x00000058   Data   RW         1944    .data               chinaapp.o
    0x200001e0   0x00000003   Data   RW         1977    .data               chndisp.o
    0x200001e3   0x00000001   PAD
    0x200001e4   0x00000009   Data   RW         2123    .data               chninput.o
    0x200001ed   0x00000003   PAD
    0x200001f0   0x00000008   Data   RW         2250    .data               computer.o
    0x200001f8   0x00000001   Data   RW         2420    .data               depart.o
    0x200001f9   0x00000003   PAD
    0x200001fc   0x00000070   Data   RW         2677    .data               extmodules.o
    0x2000026c   0x00000004   Data   RW         3261    .data               firmkey.o
    0x20000270   0x00000004   Data   RW         3365    .data               fixed.o
    0x20000274   0x00000004   Data   RW         3452    .data               flowbill.o
    0x20000278   0x00000001   Data   RW         3760    .data               general.o
    0x20000279   0x00000002   Data   RW         4079    .data               iccard.o
    0x2000027b   0x00000001   PAD
    0x2000027c   0x00000002   Data   RW         4357    .data               initappl.o
    0x2000027e   0x00000002   PAD
    0x20000280   0x0000002c   Data   RW         4664    .data               memory.o
    0x200002ac   0x0000000c   Data   RW         4703    .data               menu.o
    0x200002b8   0x00000008   Data   RW         5454    .data               program.o
    0x200002c0   0x00000009   Data   RW         6211    .data               timer.o
    0x200002c9   0x00000003   PAD
    0x200002cc   0x00000110   Data   RW         6248    .data               print_def.o
    0x200003dc   0x00000001   Data   RW         6339    .data               print_main.o
    0x200003dd   0x00000003   PAD
    0x200003e0   0x00000014   Data   RW         6981    .data               system_stm32f10x.o
    0x200003f4   0x00000014   Data   RW         8626    .data               stm32f10x_rcc.o
    0x20000408   0x0000000c   Data   RW        10002    .data               usb_pwr.o
    0x20000414   0x00000010   Data   RW        10050    .data               hw_config.o
    0x20000424   0x0000001a   Data   RW        10113    .data               usb_desc.o
    0x2000043e   0x00000002   PAD
    0x20000440   0x00000004   Data   RW        10137    .data               usb_endp.o
    0x20000444   0x00000044   Data   RW        10211    .data               usb_istr.o
    0x20000488   0x00000094   Data   RW        10242    .data               usb_prop.o
    0x2000051c   0x00000003   Data   RW        10732    .data               usb_core.o
    0x2000051f   0x00000001   PAD
    0x20000520   0x00000014   Data   RW        10834    .data               usb_init.o
    0x20000534   0x00000004   Data   RW        10857    .data               usb_int.o
    0x20000538   0x00000004   Data   RW        11219    .data               mc_w.l(errno.o)
    0x2000053c   0x0000000a   Zero   RW          607    .bss                keyboard.o
    0x20000546   0x00000002   PAD
    0x20000548   0x00000cf8   Zero   RW         1103    .bss                usart.o
    0x20001240   0x000000cc   Zero   RW         1220    .bss                sdio_sd.o
    0x2000130c   0x00000400   Zero   RW         1592    .bss                lcd_st7565r.o
    0x2000170c   0x0000001e   Zero   RW         1850    .bss                balance.o
    0x2000172a   0x000000fe   Zero   RW         1876    .bss                barcode.o
    0x20001828   0x000000b8   Zero   RW         1976    .bss                chndisp.o
    0x200018e0   0x00000015   Zero   RW         2122    .bss                chninput.o
    0x200018f5   0x00000400   Zero   RW         2248    .bss                computer.o
    0x20001cf5   0x00000003   PAD
    0x20001cf8   0x0000002e   Zero   RW         2674    .bss                extmodules.o
    0x20001d26   0x00000021   Zero   RW         3450    .bss                flowbill.o
    0x20001d47   0x00000020   Zero   RW         4077    .bss                iccard.o
    0x20001d67   0x00000001   PAD
    0x20001d68   0x00005c3b   Zero   RW         4662    .bss                memory.o
    0x200079a3   0x0000004b   Zero   RW         4701    .bss                menu.o
    0x200079ee   0x0000003d   Zero   RW         5452    .bss                program.o
    0x20007a2b   0x00000001   PAD
    0x20007a2c   0x0000222c   Zero   RW         6246    .bss                print_def.o
    0x20009c58   0x00000020   Zero   RW        10001    .bss                usb_pwr.o
    0x20009c78   0x00000040   Zero   RW        10049    .bss                hw_config.o
    0x20009cb8   0x00000410   Zero   RW        10136    .bss                usb_endp.o
    0x2000a0c8   0x0000001c   Zero   RW        10833    .bss                usb_init.o
    0x2000a0e4   0x00000004   PAD
    0x2000a0e8   0x00003000   Zero   RW         7022    STACK               startup_stm32f10x_hd.o



  Load Region LR$$.ARM.__AT_0x60004000 (Base: 0x60004000, Size: 0x00000000, Max: 0x00002000, ABSOLUTE)

    Execution Region ER$$.ARM.__AT_0x60004000 (Base: 0x60004000, Size: 0x00002000, Max: 0x00002000, ABSOLUTE, UNINIT)

    Base Addr    Size         Type   Attr      Idx    E Section Name        Object

    0x60004000   0x00002000   Zero   RW         4658    .ARM.__AT_0x60004000  memory.o



  Load Region LR$$.ARM.__AT_0x60006000 (Base: 0x60006000, Size: 0x00000000, Max: 0x00002000, ABSOLUTE)

    Execution Region ER$$.ARM.__AT_0x60006000 (Base: 0x60006000, Size: 0x00002000, Max: 0x00002000, ABSOLUTE, UNINIT)

    Base Addr    Size         Type   Attr      Idx    E Section Name        Object

    0x60006000   0x00002000   Zero   RW         4659    .ARM.__AT_0x60006000  memory.o



  Load Region LR$$.ARM.__AT_0x60008000 (Base: 0x60008000, Size: 0x00000000, Max: 0x00008000, ABSOLUTE)

    Execution Region ER$$.ARM.__AT_0x60008000 (Base: 0x60008000, Size: 0x00008000, Max: 0x00008000, ABSOLUTE, UNINIT)

    Base Addr    Size         Type   Attr      Idx    E Section Name        Object

    0x60008000   0x00008000   Zero   RW         4660    .ARM.__AT_0x60008000  memory.o



  Load Region LR$$.ARM.__AT_0x64000000 (Base: 0x64000000, Size: 0x00000000, Max: 0x00002fa8, ABSOLUTE)

    Execution Region ER$$.ARM.__AT_0x64000000 (Base: 0x64000000, Size: 0x00002fa8, Max: 0x00002fa8, ABSOLUTE, UNINIT)

    Base Addr    Size         Type   Attr      Idx    E Section Name        Object

    0x64000000   0x00002fa6   Zero   RW         4661    .ARM.__AT_0x64000000  memory.o



  Load Region LR$$.ARM.__AT_0x6403F000 (Base: 0x6403f000, Size: 0x00000000, Max: 0x0000008c, ABSOLUTE)

    Execution Region ER$$.ARM.__AT_0x6403F000 (Base: 0x6403f000, Size: 0x0000008c, Max: 0x0000008c, ABSOLUTE, UNINIT)

    Base Addr    Size         Type   Attr      Idx    E Section Name        Object

    0x6403f000   0x0000008a   Zero   RW         6337    .ARM.__AT_0x6403F000  print_main.o


==============================================================================

Image component sizes


      Code (inc. data)   RO Data    RW Data    ZI Data      Debug   Object Name

         0          0       3552          0          0       5069   asciifonts.o
       836         54          0          7         30       2368   balance.o
      1072         62          0          4        254       2226   barcode.o
      6776        274          0          0          0       7318   buffer.o
         0          0       6515         88          0       1444   chinaapp.o
      1816        106          0          3        184      13167   chndisp.o
      3572        180          0          9         21       7196   chninput.o
         0          0      11116          0          0       5094   chnmess.o
       688         56          0          0          0       2172   clerk.o
      8444        436         11          8       1024      13160   computer.o
         0          0          0          0          0         32   core_cm3.o
      1960        104          0          0          0       3669   correc.o
       604         68          0          0          0       3219   currency.o
      4528        210          0          1          0       5467   depart.o
      4492        200          0          0          0       5124   discount.o
       732         86          0          0          0       3270   drawer.o
      1780         40          0          0          0      17128   ecr_iap.o
     14404        956       4767        112         46      63935   extmodules.o
      9152        810         56          4          0      11706   firmkey.o
       244         26          0          0          0       1126   fiscal.o
      4580        282          0          4          0       6448   fixed.o
       948         64        140          0          0     312777   flashb.o
     11066        818        162          4         33      31089   flowbill.o
       704         38          0          0          0       5205   format.o
       442         18          0          0          0       3471   fsmc_sram.o
      6108        350          0          1          0      13569   general.o
       304         36          0          0          0       1782   group.o
      6012        672          0          0          0      12110   hardtest.o
       386         36          0         16         64       7011   hw_config.o
     12998        820         95          2         32      28391   iccard.o
       432         76          0          0          0       2984   iccardblock.o
      6060        666          0          2          0      16812   initappl.o
      2550        260          0         20          0      84324   interface.o
      1288        142          0         94         10       6707   keyboard.o
      2704        184        180          0          0       7650   kp.o
      2190        182       1032          6       1024      14594   lcd_st7565r.o
       846        104         91         36          0       6583   led_customer.o
      3924        278          0          0          0       8444   main.o
      1288         30         52         44      84961       3458   memory.o
      4118        240        958         12         75      13343   menu.o
       132         22          0          0          0       1671   misc.o
       516         66          0          0          0       1889   modifier.o
       702         30          0         12          0       4473   monitor.o
       368         28          0          0          0       1415   offprice.o
      9636        422          0          0          0      12316   pb.o
      3732        152          0          0          0       5524   pbbuffer.o
         0          0       3097          0          0        590   photo_abbigl.o
         0          0       1653          0          0        606   photo_appetito.o
         0          0       2037          0          0        584   photo_caffe.o
         0          0       3022          0          0        606   photo_carneval.o
         0          0       2037          0          0        606   photo_cornetto.o
         0          0       2542          0          0        590   photo_cucina.o
         0          0       1653          0          0        584   photo_donna.o
         0          0       3189          0          0        590   photo_eutron.o
         0          0       1653          0          0        584   photo_fiori.o
         0          0       1582          0          0        590   photo_gelato.o
         0          0       3022          0          0        584   photo_jolly.o
         0          0       3022          0          0        584   photo_mamma.o
         0          0       2542          0          0        590   photo_natale.o
         0          0        329          0          0        590   photo_panama.o
         0          0       2421          0          0        578   photo_pane.o
         0          0       1653          0          0        578   photo_papa.o
         0          0       3047          0          0        590   photo_pasqua.o
         0          0       2421          0          0        584   photo_pesce.o
         0          0       2542          0          0        606   photo_risparmi.o
         0          0       2421          0          0        590   photo_salumi.o
         0          0       1653          0          0        596   photo_selfdef.o
         0          0       1653          0          0        584   photo_sport.o
         0          0       2542          0          0        596   photo_vacanze.o
         0          0       2421          0          0        606   photo_valentin.o
         0          0          0          0          0       1624   photo_vuoto.o
      5884        346          0          0          0      11376   plu.o
      1100         62          0          0          0       2658   pora.o
       200         38          0          0          0       1401   port.o
      7414        282        248          0          0      15772   print.o
         0          0       3096        272       8748      10516   print_def.o
      9274       1054      10832          1        138      47950   print_main.o
       448         46          0          0          0        754   progdump.o
      3108        314          0          0          0       7648   progopt.o
     16742       1772          8          8         61      34460   program.o
       522         48          0         92          0       3411   pwr_ctrl.o
      8474        616          0          0          0      22997   report.o
      2452        214         40          0          0       6151   report2.o
       636         20         48         48          0       4479   rtc.o
         4          0          0          0          0        792   salper.o
      3880        216          0         28        204      21245   sdio_sd.o
       156          4          0          0          0        975   search.o
        36          8        304          0      12288        812   startup_stm32f10x_hd.o
       330         10          0          0          0       5440   stm32f10x_adc.o
        56         10          0          0          0       2347   stm32f10x_bkp.o
       416          8          0          0          0       3590   stm32f10x_dma.o
       200         18          0          0          0       2284   stm32f10x_exti.o
       282          6          0          0          0       1953   stm32f10x_fsmc.o
       490         10          0          0          0       4151   stm32f10x_gpio.o
       980         80          0         18          0      12096   stm32f10x_it.o
        12          6          0          0          0        550   stm32f10x_pwr.o
       504         76          0         20          0       9191   stm32f10x_rcc.o
       232         42          0          0          0       4482   stm32f10x_rtc.o
       344         80          0          0          0       9745   stm32f10x_sdio.o
       106          0          0          0          0       3500   stm32f10x_spi.o
       472         62          0          0          0       7497   stm32f10x_tim.o
       464          6          0          0          0       7086   stm32f10x_usart.o
       328         28          0         20          0       2233   system_stm32f10x.o
      2090        114          0          0          0       5792   tax.o
      4576        214          0          0          0       4563   tender.o
      1980         72          0          9          0       2681   timer.o
      1328         72          0         11       3320       8406   usart.o
        60          8          0          8          0       2237   usb_app.o
      3058        288          0          3          0      15007   usb_core.o
         0          0        177         26          0       1123   usb_desc.o
       308         44          0          4       1040       6727   usb_endp.o
        60         24          0         20         28       4206   usb_init.o
       648         32          0          4          0       1816   usb_int.o
       460         38          0         68          0       1671   usb_istr.o
        96         10          0          0          0       1876   usb_mem.o
       628        102          0        148          0      11717   usb_prop.o
       484         54          0         12         32       3756   usb_pwr.o
       712        100          0          0          0      10263   usb_regs.o
        36          8          0          0          0        511   usb_sil.o

    ----------------------------------------------------------------------
    227304      16346      97738       1336     113632    1155634   Object Totals
         0          0         32          0          0          0   (incl. Generated)
       100          0         72         27         15          0   (incl. Padding)

    ----------------------------------------------------------------------

      Code (inc. data)   RO Data    RW Data    ZI Data      Debug   Library Member Name

        86          0          0          0          0          0   __dczerorl2.o
        28          0          0          0          0         68   _chval.o
       158          0          0          0          0         92   _strtoul.o
        26          0          0          0          0         80   atoi.o
         8          4        133          0          0         68   ctype_o.o
         0          0          0          0          0          0   entry.o
         0          0          0          0          0          0   entry10a.o
         0          0          0          0          0          0   entry11a.o
         8          4          0          0          0          0   entry2.o
         4          0          0          0          0          0   entry5.o
         0          0          0          0          0          0   entry7b.o
         0          0          0          0          0          0   entry8b.o
         8          4          0          0          0          0   entry9a.o
         8          4          0          4          0         68   errno.o
        30          0          0          0          0          0   handlers.o
        36          8          0          0          0         68   init.o
         0          0          0          0          0          0   iusefp.o
        30          0          0          0          0         68   llshl.o
        36          0          0          0          0         68   llsshr.o
        32          0          0          0          0         68   llushr.o
        26          0          0          0          0         80   memcmp.o
        36          0          0          0          0         68   memcpya.o
        36          0          0          0          0        108   memseta.o
      1172         50          0          0          0        420   printf8.o
      2240         86          0          0          0        508   printfa.o
        24          0          0          0          0         68   strcat.o
        20          0          0          0          0         68   strchr.o
        18          0          0          0          0         68   strcpy.o
        14          0          0          0          0         68   strlen.o
        30          0          0          0          0         80   strncmp.o
        24          0          0          0          0         76   strncpy.o
       112          0          0          0          0         88   strtol.o
        44          0          0          0          0         80   uidiv.o
        98          0          0          0          0         92   uldiv.o
        48          0          0          0          0         68   cdrcmple.o
       334          0          0          0          0        148   dadd.o
       222          0          0          0          0        100   ddiv.o
       186          0          0          0          0        176   depilogue.o
        48          0          0          0          0         68   dfixul.o
       228          0          0          0          0         96   dmul.o

    ----------------------------------------------------------------------
      5464        160        134          4          0       3176   Library Totals
         6          0          1          0          0          0   (incl. Padding)

    ----------------------------------------------------------------------

      Code (inc. data)   RO Data    RW Data    ZI Data      Debug   Library Name

      4392        160        133          4          0       2520   mc_w.l
      1066          0          0          0          0        656   mf_w.l

    ----------------------------------------------------------------------
      5464        160        134          4          0       3176   Library Totals

    ----------------------------------------------------------------------

==============================================================================


      Code (inc. data)   RO Data    RW Data    ZI Data      Debug   

    232768      16506      97872       1340     113632    1107406   Grand Totals
    232768      16506      97872        632     113632    1107406   ELF Image Totals (compressed)
    232768      16506      97872        632          0          0   ROM Totals

==============================================================================

    Total RO  Size (Code + RO Data)               330640 ( 322.89kB)
    Total RW  Size (RW Data + ZI Data)            114972 ( 112.28kB)
    Total ROM Size (Code + RO Data + RW Data)     331272 ( 323.51kB)

==============================================================================

